###############################################################################
#
# IAR ELF Linker V7.80.4.12462/W32 for ARM                29/Jan/2019  18:35:58
# Copyright 2007-2017 IAR Systems AB.
#
#    Output file  =  
#        D:\Tools\zigbee\Ember\EmberZNet5.3.0-GA\em35x\build\ZclGateway\ZclGateway.out
#    Map file     =  
#        D:\Tools\zigbee\Ember\EmberZNet5.3.0-GA\em35x\build\ZclGateway\ZclGateway.map
#    Command line =  
#        D:\Tools\zigbee\Ember\EmberZNet5.3.0-GA\em35x\build\ZclGateway\adc.o
#        D:\Tools\zigbee\Ember\EmberZNet5.3.0-GA\em35x\build\ZclGateway\address-table-cli.o
#        D:\Tools\zigbee\Ember\EmberZNet5.3.0-GA\em35x\build\ZclGateway\address-table-management.o
#        D:\Tools\zigbee\Ember\EmberZNet5.3.0-GA\em35x\build\ZclGateway\address-table-soc.o
#        D:\Tools\zigbee\Ember\EmberZNet5.3.0-GA\em35x\build\ZclGateway\af-event.o
#        D:\Tools\zigbee\Ember\EmberZNet5.3.0-GA\em35x\build\ZclGateway\af-main-common.o
#        D:\Tools\zigbee\Ember\EmberZNet5.3.0-GA\em35x\build\ZclGateway\af-main-soc.o
#        D:\Tools\zigbee\Ember\EmberZNet5.3.0-GA\em35x\build\ZclGateway\af-node.o
#        D:\Tools\zigbee\Ember\EmberZNet5.3.0-GA\em35x\build\ZclGateway\af-security-common.o
#        D:\Tools\zigbee\Ember\EmberZNet5.3.0-GA\em35x\build\ZclGateway\af-trust-center.o
#        D:\Tools\zigbee\Ember\EmberZNet5.3.0-GA\em35x\build\alarm-stub-library-cortexm3-iar-em357-em3xx\alarm-stub-library.a
#        D:\Tools\zigbee\Ember\EmberZNet5.3.0-GA\em35x\build\ZclGateway\attribute-size.o
#        D:\Tools\zigbee\Ember\EmberZNet5.3.0-GA\em35x\build\ZclGateway\attribute-storage.o
#        D:\Tools\zigbee\Ember\EmberZNet5.3.0-GA\em35x\build\ZclGateway\attribute-table.o
#        D:\Tools\zigbee\Ember\EmberZNet5.3.0-GA\em35x\build\ZclGateway\basic.o
#        D:\Tools\zigbee\Ember\EmberZNet5.3.0-GA\em35x\build\binding-table-library-cortexm3-iar-em357-em3xx\binding-table-library.a
#        D:\Tools\zigbee\Ember\EmberZNet5.3.0-GA\em35x\build\ZclGateway\button.o
#        D:\Tools\zigbee\Ember\EmberZNet5.3.0-GA\em35x\build\ZclGateway\buzzer.o
#        D:\Tools\zigbee\Ember\EmberZNet5.3.0-GA\em35x\build\ZclGateway\call-command-handler.o
#        D:\Tools\zigbee\Ember\EmberZNet5.3.0-GA\em35x\build\ZclGateway\callback-stub.o
#        D:\Tools\zigbee\Ember\EmberZNet5.3.0-GA\em35x\build\ZclGateway\callbacks.o
#        D:\Tools\zigbee\Ember\EmberZNet5.3.0-GA\em35x\build\cbke-163k1-stub-library-cortexm3-iar-em357-em3xx\cbke-163k1-stub-library.a
#        D:\Tools\zigbee\Ember\EmberZNet5.3.0-GA\em35x\build\cbke-283k1-stub-library-cortexm3-iar-em357-em3xx\cbke-283k1-stub-library.a
#        D:\Tools\zigbee\Ember\EmberZNet5.3.0-GA\em35x\build\cbke-library-dsa-sign-stub-cortexm3-iar-em357-em3xx\cbke-library-dsa-sign-stub.a
#        D:\Tools\zigbee\Ember\EmberZNet5.3.0-GA\em35x\build\cbke-library-dsa-verify-stub-cortexm3-iar-em357-em3xx\cbke-library-dsa-verify-stub.a
#        D:\Tools\zigbee\Ember\EmberZNet5.3.0-GA\em35x\build\cbke-stub-library-cortexm3-iar-em357-em3xx\cbke-stub-library.a
#        D:\Tools\zigbee\Ember\EmberZNet5.3.0-GA\em35x\build\ZclGateway\cli.o
#        D:\Tools\zigbee\Ember\EmberZNet5.3.0-GA\em35x\build\ZclGateway\client-api.o
#        D:\Tools\zigbee\Ember\EmberZNet5.3.0-GA\em35x\build\ZclGateway\command-interpreter2.o
#        D:\Tools\zigbee\Ember\EmberZNet5.3.0-GA\em35x\build\ZclGateway\concentrator-support-cli.o
#        D:\Tools\zigbee\Ember\EmberZNet5.3.0-GA\em35x\build\ZclGateway\concentrator-support.o
#        D:\Tools\zigbee\Ember\EmberZNet5.3.0-GA\em35x\build\ZclGateway\core-cli.o
#        D:\Tools\zigbee\Ember\EmberZNet5.3.0-GA\em35x\build\ZclGateway\counters-cli.o
#        D:\Tools\zigbee\Ember\EmberZNet5.3.0-GA\em35x\build\ZclGateway\counters-ota.o
#        D:\Tools\zigbee\Ember\EmberZNet5.3.0-GA\em35x\build\ZclGateway\counters-soc.o
#        D:\Tools\zigbee\Ember\EmberZNet5.3.0-GA\em35x\build\ZclGateway\crc.o
#        D:\Tools\zigbee\Ember\EmberZNet5.3.0-GA\em35x\build\ZclGateway\crypto-state.o
#        D:\Tools\zigbee\Ember\EmberZNet5.3.0-GA\em35x\build\ZclGateway\cstartup-iar-common.o
#        D:\Tools\zigbee\Ember\EmberZNet5.3.0-GA\em35x\build\ZclGateway\diagnostic.o
#        D:\Tools\zigbee\Ember\EmberZNet5.3.0-GA\em35x\build\ZclGateway\em_usbd.o
#        D:\Tools\zigbee\Ember\EmberZNet5.3.0-GA\em35x\build\ZclGateway\em_usbdch9.o
#        D:\Tools\zigbee\Ember\EmberZNet5.3.0-GA\em35x\build\ZclGateway\em_usbdep.o
#        D:\Tools\zigbee\Ember\EmberZNet5.3.0-GA\em35x\build\ZclGateway\em_usbhal.o
#        D:\Tools\zigbee\Ember\EmberZNet5.3.0-GA\em35x\build\ZclGateway\em_usbint.o
#        D:\Tools\zigbee\Ember\EmberZNet5.3.0-GA\em35x\build\ZclGateway\ember-configuration.o
#        D:\Tools\zigbee\Ember\EmberZNet5.3.0-GA\em35x\build\end-device-bind-library-cortexm3-iar-em357-em3xx\end-device-bind-library.a
#        D:\Tools\zigbee\Ember\EmberZNet5.3.0-GA\em35x\build\ZclGateway\endian.o
#        D:\Tools\zigbee\Ember\EmberZNet5.3.0-GA\em35x\build\ZclGateway\faults.o
#        D:\Tools\zigbee\Ember\EmberZNet5.3.0-GA\em35x\build\ZclGateway\form-and-join-node-adapter.o
#        D:\Tools\zigbee\Ember\EmberZNet5.3.0-GA\em35x\build\ZclGateway\form-and-join.o
#        D:\Tools\zigbee\Ember\EmberZNet5.3.0-GA\em35x\build\hal-library-cortexm3-iar-em357-em3xx\hal-library.a
#        D:\Tools\zigbee\Ember\EmberZNet5.3.0-GA\em35x\build\ZclGateway\ias-zone-client-cli.o
#        D:\Tools\zigbee\Ember\EmberZNet5.3.0-GA\em35x\build\ZclGateway\ias-zone-client.o
#        D:\Tools\zigbee\Ember\EmberZNet5.3.0-GA\em35x\build\ZclGateway\identify-cli.o
#        D:\Tools\zigbee\Ember\EmberZNet5.3.0-GA\em35x\build\ZclGateway\identify-feedback.o
#        D:\Tools\zigbee\Ember\EmberZNet5.3.0-GA\em35x\build\ZclGateway\identify.o
#        D:\Tools\zigbee\Ember\EmberZNet5.3.0-GA\em35x\build\ZclGateway\idle-sleep-cli.o
#        D:\Tools\zigbee\Ember\EmberZNet5.3.0-GA\em35x\build\ZclGateway\idle-sleep-soc.o
#        D:\Tools\zigbee\Ember\EmberZNet5.3.0-GA\em35x\build\ZclGateway\idle-sleep.o
#        D:\Tools\zigbee\Ember\EmberZNet5.3.0-GA\em35x\build\install-code-library-stub-cortexm3-iar-em357-em3xx\install-code-library-stub.a
#        D:\Tools\zigbee\Ember\EmberZNet5.3.0-GA\em35x\build\ZclGateway\isr-stubs.o
#        D:\Tools\zigbee\Ember\EmberZNet5.3.0-GA\em35x\build\ZclGateway\led.o
#        D:\Tools\zigbee\Ember\EmberZNet5.3.0-GA\em35x\build\ZclGateway\library.o
#        D:\Tools\zigbee\Ember\EmberZNet5.3.0-GA\em35x\build\ZclGateway\mem-util.o
#        D:\Tools\zigbee\Ember\EmberZNet5.3.0-GA\em35x\build\ZclGateway\message.o
#        D:\Tools\zigbee\Ember\EmberZNet5.3.0-GA\em35x\build\ZclGateway\mfg-token.o
#        D:\Tools\zigbee\Ember\EmberZNet5.3.0-GA\em35x\build\ZclGateway\micro-common.o
#        D:\Tools\zigbee\Ember\EmberZNet5.3.0-GA\em35x\build\ZclGateway\micro.o
#        D:\Tools\zigbee\Ember\EmberZNet5.3.0-GA\em35x\build\ZclGateway\mpu.o
#        D:\Tools\zigbee\Ember\EmberZNet5.3.0-GA\em35x\build\multi-network-stub-library-cortexm3-iar-em357-em3xx\multi-network-stub-library.a
#        D:\Tools\zigbee\Ember\EmberZNet5.3.0-GA\em35x\build\ZclGateway\multi-network.o
#        D:\Tools\zigbee\Ember\EmberZNet5.3.0-GA\em35x\build\ZclGateway\network-cli.o
#        D:\Tools\zigbee\Ember\EmberZNet5.3.0-GA\em35x\build\ZclGateway\network-find.o
#        D:\Tools\zigbee\Ember\EmberZNet5.3.0-GA\em35x\build\ZclGateway\option-cli.o
#        D:\Tools\zigbee\Ember\EmberZNet5.3.0-GA\em35x\build\packet-validate-library-cortexm3-iar-em357-em3xx-debug\packet-validate-library.a
#        D:\Tools\zigbee\Ember\EmberZNet5.3.0-GA\em35x\build\ZclGateway\plugin-cli.o
#        D:\Tools\zigbee\Ember\EmberZNet5.3.0-GA\em35x\build\ZclGateway\print-formatter.o
#        D:\Tools\zigbee\Ember\EmberZNet5.3.0-GA\em35x\build\ZclGateway\print.o
#        D:\Tools\zigbee\Ember\EmberZNet5.3.0-GA\em35x\build\ZclGateway\process-cluster-message.o
#        D:\Tools\zigbee\Ember\EmberZNet5.3.0-GA\em35x\build\ZclGateway\process-global-message.o
#        D:\Tools\zigbee\Ember\EmberZNet5.3.0-GA\em35x\build\ZclGateway\random.o
#        D:\Tools\zigbee\Ember\EmberZNet5.3.0-GA\em35x\build\rf4ce-stack-stub-library-cortexm3-iar-em357-em3xx\rf4ce-stack-stub-library.a
#        D:\Tools\zigbee\Ember\EmberZNet5.3.0-GA\em35x\build\ZclGateway\security-address-cache.o
#        D:\Tools\zigbee\Ember\EmberZNet5.3.0-GA\em35x\build\ZclGateway\security-cli.o
#        D:\Tools\zigbee\Ember\EmberZNet5.3.0-GA\em35x\build\security-library-core-cortexm3-iar-em357-em3xx\security-library-core.a
#        D:\Tools\zigbee\Ember\EmberZNet5.3.0-GA\em35x\build\security-library-link-keys-stub-cortexm3-iar-em357-em3xx\security-library-link-keys-stub.a
#        D:\Tools\zigbee\Ember\EmberZNet5.3.0-GA\em35x\build\ZclGateway\serial.o
#        D:\Tools\zigbee\Ember\EmberZNet5.3.0-GA\em35x\build\ZclGateway\service-discovery-common.o
#        D:\Tools\zigbee\Ember\EmberZNet5.3.0-GA\em35x\build\ZclGateway\service-discovery-soc.o
#        D:\Tools\zigbee\Ember\EmberZNet5.3.0-GA\em35x\build\ZclGateway\sim-eeprom.o
#        D:\Tools\zigbee\Ember\EmberZNet5.3.0-GA\em35x\build\ZclGateway\simple-metering-client.o
#        D:\Tools\zigbee\Ember\EmberZNet5.3.0-GA\em35x\build\ZclGateway\sleep.o
#        D:\Tools\zigbee\Ember\EmberZNet5.3.0-GA\em35x\build\ZclGateway\source-route-common.o
#        D:\Tools\zigbee\Ember\EmberZNet5.3.0-GA\em35x\build\ZclGateway\source-route.o
#        D:\Tools\zigbee\Ember\EmberZNet5.3.0-GA\em35x\build\ZclGateway\stack-handler-stub.o
#        D:\Tools\zigbee\Ember\EmberZNet5.3.0-GA\em35x\build\ZclGateway\token-def.o
#        D:\Tools\zigbee\Ember\EmberZNet5.3.0-GA\em35x\build\ZclGateway\token.o
#        D:\Tools\zigbee\Ember\EmberZNet5.3.0-GA\em35x\build\ZclGateway\uart.o
#        D:\Tools\zigbee\Ember\EmberZNet5.3.0-GA\em35x\build\ZclGateway\util.o
#        D:\Tools\zigbee\Ember\EmberZNet5.3.0-GA\em35x\build\ZclGateway\zcl-cli.o
#        D:\Tools\zigbee\Ember\EmberZNet5.3.0-GA\em35x\build\ZclGateway\ZclGateway_callbacks.o
#        D:\Tools\zigbee\Ember\EmberZNet5.3.0-GA\em35x\build\ZclGateway\zdo-cli.o
#        D:\Tools\zigbee\Ember\EmberZNet5.3.0-GA\em35x\build\ZclGateway\zigbee-device-common.o
#        D:\Tools\zigbee\Ember\EmberZNet5.3.0-GA\em35x\build\ZclGateway\zigbee-device-library.o
#        D:\Tools\zigbee\Ember\EmberZNet5.3.0-GA\em35x\build\zigbee-pro-stack-cortexm3-iar-em357-em3xx-debug\zigbee-pro-stack.a
#        D:\Tools\zigbee\Ember\EmberZNet5.3.0-GA\em35x\build\zll-stub-library-cortexm3-iar-em357-em3xx\zll-stub-library.a
#        --redirect _Printf=_PrintfFull --redirect _Scanf=_ScanfFull -o
#        D:\Tools\zigbee\Ember\EmberZNet5.3.0-GA\em35x\build\ZclGateway\ZclGateway.out
#        --config_def NULL_BTL=1 --map
#        D:\Tools\zigbee\Ember\EmberZNet5.3.0-GA\em35x\build\ZclGateway\ZclGateway.map
#        --log initialization,modules,sections,veneers --log_file
#        D:\Tools\zigbee\Ember\EmberZNet5.3.0-GA\em35x\build\ZclGateway\ZclGateway.log
#        --config
#        D:\Tools\zigbee\Ember\EmberZNet5.3.0-GA\em35x\app\builder\ZclGateway/../../../hal/micro/cortexm3/em35x/em357/iar-cfg.icf
#        --diag_suppress Lp012 --entry halEntryPoint --vfe
#
###############################################################################

*******************************************************************************
*** RUNTIME MODEL ATTRIBUTES
***

__SystemLibrary = DLib


*******************************************************************************
*** PLACEMENT SUMMARY
***

"HEADERS":
       place at start of [0x08000000-0x080000ff] { block HEADER_block };
"APP ro":
       place at start of [0x08000100-0x0802ffff] { block APPRO_block };
"NVM&SIMEE":
       place at end of [0x08000100-0x0802ffff] {
          zi section NVM, zi section SIMEE, zi section INTERNAL_STORAGE };
"FAT": place at 0x08040000 { section FAT };
"DEBUGCHAN":
       place at start of [0x20002ff0-0x20002fff] { rw section DEBUG_CHANNEL };
"APP rw":
       place at end of [0x20000000-0x20002fef] { block APPRW_block };
"Heap":
       place at start of [0x20000000-0x20002fef] { overlay EMHEAP_overlay };
"Guard":
       place in [from 0x20000000 to 0x20002fef] { rw section GUARD_REGION };
do not initialize { rw };
initialize manually with packing = copy, complex ranges {
   section .data, section .textrw, rw section __DLIB_PERTHREAD };

  Section                 Kind        Address     Size  Object
  -------                 ----        -------     ----  ------
"HEADERS":                                       0x100
  HEADER_block                     0x08000000    0x100  <Block>
    BAT                   const    0x08000000     0x54  cstartup-iar-common.o [1]
    AAT                   const    0x08000054     0xac  cstartup-iar-common.o [1]
                                 - 0x08000100    0x100

"APP ro":                                      0x234c0
  APPRO_block                      0x08000100  0x234c0  <Block>
    .intvec               const    0x08000100     0x90  cstartup-iar-common.o [1]
    .text                          0x08000190  0x1d004  <Block>
      .text               ro code  0x08000190     0xc0  adc.o [1]
      .text               ro code  0x08000250    0x5b4  analogue.o [20]
      .text               ro code  0x08000804     0xec  analogue-cell-bias.o [20]
      .text               ro code  0x080008f0     0xf4  mfg-token.o [1]
      .text               ro code  0x080009e4    0x12c  token.o [1]
      .text               ro code  0x08000b10    0x5ac  phy.o [20]
      .text               ro code  0x080010bc     0x50  analogue-filter.o [20]
      .text               ro code  0x0800110c    0x89c  phy-common.o [20]
      .text               ro code  0x080019a8    0x454  clocks.o [12]
      .text               ro code  0x08001dfc    0x1f0  micro-common-internal.o [12]
      .text               ro code  0x08001fec    0x274  micro.o [1]
      .text               ro code  0x08002260     0xd0  analogue-vco.o [20]
      .text               ro code  0x08002330    0x268  analogue-mod-dac.o [20]
      .text               ro code  0x08002598    0x1aa  analogue-lna.o [20]
      .text               ro code  0x08002742      0x2  identify-cli.o [1]
      .text               ro code  0x08002744    0x11c  caladc.o [12]
      .text               ro code  0x08002860    0xb4c  diagnostic.o [1]
      .text               ro code  0x080033ac     0xd2  mem-util.o [1]
      .text               ro code  0x08003480    0x120  flash.o [12]
      .text               ro code  0x080035a0    0x1b4  sim-eeprom.o [1]
      .text               ro code  0x08003754    0xad0  sim-eeprom-internal.o [12]
      .text               ro code  0x08004224      0xc  spmr.o [12]
      .text               ro code  0x08004230      0x6  spmr.o [12]
      .text               ro code  0x08004238    0x5c0  mac-indirect.o [20]
      .text               ro code  0x080047f8     0x40  child-table.o [20]
      .text               ro code  0x08004838    0x208  ember-multi-network-stub.o [14]
      .text               ro code  0x08004a40    0x2c8  mac-receive.o [20]
      .text               ro code  0x08004d08    0x1cc  mac-em250.o [20]
      .text               ro code  0x08004ed4     0xae  aes.o [20]
      .text               ro code  0x08004f82      0x8  abs.o [10]
      .text               ro code  0x08004f8c     0x4c  random.o [1]
      .text               ro code  0x08004fd8      0xe  spmr.o [12]
      .text               ro code  0x08004fe8      0x8  spmr.o [12]
      .text               ro code  0x08004ff0    0x660  sleep.o [1]
      .text               ro code  0x08005650     0x18  eui64.o [20]
      .text               ro code  0x08005668     0xe0  micro-common.o [1]
      .text               ro code  0x08005748      0x4  spmr.o [12]
      .text               ro code  0x0800574c      0x8  context-switch.o [12]
      .text               ro code  0x08005754      0xe  spmr.o [12]
      .text               ro code  0x08005764      0x4  spmr.o [12]
      .text               ro code  0x08005768    0x2a8  uart.o [1]
      .text               ro code  0x08005a10    0x138  button.o [1]
      .text               ro code  0x08005b48    0x19c  micro-internal.o [12]
      .text               ro code  0x08005ce4     0x94  cstartup-iar-common.o [1]
      .text               ro code  0x08005d78    0x3f4  debug.o [20]
      .text               ro code  0x0800616c    0x474  serial.o [1]
      .text               ro code  0x080065e0     0x66  ABImemset.o [17]
      .text               ro code  0x08006648     0xac  ember-configuration.o [1]
      .text               ro code  0x080066f4    0x100  system-timer.o [12]
      .text               ro code  0x080067f4    0x24c  packet-header.o [20]
      .text               ro code  0x08006a40    0x700  packet-buffer.o [20]
      .text               ro code  0x08007140    0x258  event-control.o [20]
      .text               ro code  0x08007398    0x410  mac-arbiter.o [20]
      .text               ro code  0x080077a8     0x22  I64Shl.o [17]
      .text               ro code  0x080077cc   0x14f4  network.o [20]
      .text               ro code  0x08008cc0    0x450  mac.o [20]
      .text               ro code  0x08009110    0x738  child.o [20]
      .text               ro code  0x08009848    0x1d8  ember-stack-common.o [20]
      .text               ro code  0x08009a20     0x50  rf4ce-stack-stubs.o [16]
      .text               ro code  0x08009a70    0x4c0  af-main-soc.o [1]
      .text               ro code  0x08009f30    0x164  counters-soc.o [1]
      .text               ro code  0x0800a094    0x330  mac-header.o [20]
      .text               ro code  0x0800a3c4     0x9a  led.o [1]
      .text               ro code  0x0800a460     0x5c  symbol-timer.o [20]
      .text               ro code  0x0800a4bc     0x44  byte-utilities.o [20]
      .text               ro code  0x0800a500     0x74  mpu.o [1]
      .text               ro code  0x0800a574    0x950  af-main-common.o [1]
      .text               ro code  0x0800aec4    0x290  debug-jtag.o [20]
      .text               ro code  0x0800b154    0x288  jit.o [20]
      .text               ro code  0x0800b3dc    0x370  command.o [20]
      .text               ro code  0x0800b74c    0x400  scan.o [20]
      .text               ro code  0x0800bb4c    0x4e0  route-table.o [20]
      .text               ro code  0x0800c02c    0x150  broadcast.o [20]
      .text               ro code  0x0800c17c    0x28a  retry.o [20]
      .text               ro code  0x0800c408     0x64  unicast-table.o [20]
      .text               ro code  0x0800c46c    0x640  neighbor.o [20]
      .text               ro code  0x0800caac    0x598  crypto.o [20]
      .text               ro code  0x0800d044    0x314  aps-encryption.o [18]
      .text               ro code  0x0800d358    0x45c  zigbee-stack.o [20]
      .text               ro code  0x0800d7b4    0x580  zigbee-packet-header.o [20]
      .text               ro code  0x0800dd34    0x780  route-discovery.o [20]
      .text               ro code  0x0800e4b4    0x928  application-support.o [20]
      .text               ro code  0x0800eddc    0xca8  aps-security.o [18]
      .text               ro code  0x0800fa84   0x166c  association.o [20]
      .text               ro code  0x080110f0    0x1f4  zigbee-neighbor.o [20]
      .text               ro code  0x080112e4     0x2a  zll-stubs.o [21]
      .text               ro code  0x08011310    0x398  packet-validate.o [15]
      .text               ro code  0x080116a8    0x2ec  random-id.o [20]
      .text               ro code  0x08011994    0x148  route-error.o [20]
      .text               ro code  0x08011adc    0x3a8  leave.o [20]
      .text               ro code  0x08011e84     0xec  source-route.o [1]
      .text               ro code  0x08011f70    0x360  neighbor-exchange.o [20]
      .text               ro code  0x080122d0    0x344  management.o [20]
      .text               ro code  0x08012614    0x400  address-table.o [20]
      .text               ro code  0x08012a14    0x17c  child-aging.o [20]
      .text               ro code  0x08012b90    0x90c  aps-retry.o [20]
      .text               ro code  0x0801349c      0xc  alarm-stub.o [3]
      .text               ro code  0x080134a8     0xb2  callback-stub.o [1]
      .text               ro code  0x0801355c     0x58  multi-network.o [1]
      .text               ro code  0x080135b4    0xaa0  attribute-storage.o [1]
      .text               ro code  0x08014054    0xa14  util.o [1]
      .text               ro code  0x08014a68     0xac  security-address-cache.o [1]
      .text               ro code  0x08014b14    0x788  command-interpreter2.o [1]
      .text               ro code  0x0801529c    0x16c  af-event.o [1]
      .text               ro code  0x08015408    0x130  print.o [1]
      .text               ro code  0x08015538     0xe4  zigbee-dispatch.o [20]
      .text               ro code  0x0801561c    0x290  zigbee-device-library.o [1]
      .text               ro code  0x080158ac    0x484  binding-table.o [4]
      .text               ro code  0x08015d30     0x76  ABImemcpy_unaligned.o [17]
      .text               ro code  0x08015da8    0x32e  form-and-join.o [1]
      .text               ro code  0x080160d8     0x10  crypto-state.o [1]
      .text               ro code  0x080160e8    0x446  ias-zone-client.o [1]
      .text               ro code  0x08016530    0x29a  service-discovery-common.o [1]
      .text               ro code  0x080167cc     0xda  concentrator-support.o [1]
      .text               ro code  0x080168a8     0x88  af-security-common.o [1]
      .text               ro code  0x08016930    0x180  token-cache.o [20]
      .text               ro code  0x08016ab0    0x324  network-find.o [1]
      .text               ro code  0x08016dd4     0xec  af-trust-center.o [1]
      .text               ro code  0x08016ec0     0x7e  af-node.o [1]
      .text               ro code  0x08016f40     0x24  crc.o [1]
      .text               ro code  0x08016f64    0x500  aps-keys.o [18]
      .text               ro code  0x08017464    0x15c  aes-mmo.o [18]
      .text               ro code  0x080175c0     0x62  hmac.o [18]
      .text               ro code  0x08017624     0x80  ember-library.o [20]
      .text               ro code  0x080176a4     0x12  phy-util.o [20]
      .text               ro code  0x080176b6      0x6  cbke-crypto-engine-163k1-stub.o [5]
      .text               ro code  0x080176bc      0x6  cbke-crypto-engine-283k1-stub.o [6]
      .text               ro code  0x080176c4    0x370  zdo-channel.o [20]
      .text               ro code  0x08017a34      0xe  cbke-crypto-engine-stub.o [9]
      .text               ro code  0x08017a42      0x4  cbke-crypto-engine-dsa-sign-stub.o [7]
      .text               ro code  0x08017a48    0x62c  zigbee-device-util.o [20]
      .text               ro code  0x08018074      0x4  install-code-stub.o [13]
      .text               ro code  0x08018078      0x4  aps-skke-stub.o [18]
      .text               ro code  0x0801807c    0x488  trust-center-util.o [18]
      .text               ro code  0x08018504     0x16  aps-keys-full-stub.o [19]
      .text               ro code  0x0801851a      0x8  high-security-stub.o [18]
      .text               ro code  0x08018524    0x130  source-route-common.o [1]
      .text               ro code  0x08018654     0x48  idle-sleep-soc.o [1]
      .text               ro code  0x0801869c    0x190  client-api.o [1]
      .text               ro code  0x0801882c     0x8a  address-table-soc.o [1]
      .text               ro code  0x080188b8    0x158  print-formatter.o [1]
      .text               ro code  0x08018a10     0x34  process-cluster-message.o [1]
      .text               ro code  0x08018a44    0x452  process-global-message.o [1]
      .text               ro code  0x08018e98     0xbc  message.o [1]
      .text               ro code  0x08018f54    0x4e8  core-cli.o [1]
      .text               ro code  0x0801943c    0x138  identify.o [1]
      .text               ro code  0x08019574     0xd6  zigbee-device-common.o [1]
      .text               ro code  0x0801964c     0x68  form-and-join-node-adapter.o [1]
      .text               ro code  0x080196b4     0x56  service-discovery-soc.o [1]
      .text               ro code  0x0801970c     0xd8  security-config-mfg-3xx.o [18]
      .text               ro code  0x080197e4    0x84c  zigbee-device.o [20]
      .text               ro code  0x0801a030    0x3dc  end-device-bind.o [11]
      .text               ro code  0x0801a40c     0x80  idle-sleep.o [1]
      .text               ro code  0x0801a48c    0x260  call-command-handler.o [1]
      .text               ro code  0x0801a6ec    0x47e  attribute-table.o [1]
      .text               ro code  0x0801ab6c     0x4c  attribute-size.o [1]
      .text               ro code  0x0801abb8     0x6c  identify-feedback.o [1]
      .text               ro code  0x0801ac24    0x1c4  zdo-binding-table.o [4]
      .text               ro code  0x0801ade8     0x28  basic.o [1]
      .text               ro code  0x0801ae10     0x76  simple-metering-client.o [1]
      .text               ro code  0x0801ae88    0x198  ZclGateway_callbacks.o [1]
      .text               ro code  0x0801b020    0x848  zcl-cli.o [1]
      .text               ro code  0x0801b868     0xf8  security-cli.o [1]
      .text               ro code  0x0801b960     0x9c  buzzer.o [1]
      .text               ro code  0x0801b9fc    0x280  concentrator-support-cli.o [1]
      .text               ro code  0x0801bc7c     0x32  counters-cli.o [1]
      .text               ro code  0x0801bcb0     0x80  faults.o [1]
      .text               ro code  0x0801bd30     0x28  idle-sleep-cli.o [1]
      .text               ro code  0x0801bd58      0x0  isr-stubs.o [1]
      .text               ro code  0x0801bd58      0x0  isr-stubs.o [1]
      .text               ro code  0x0801bd58      0x0  isr-stubs.o [1]
      .text               ro code  0x0801bd58      0x0  isr-stubs.o [1]
      .text               ro code  0x0801bd58      0x0  isr-stubs.o [1]
      .text               ro code  0x0801bd58      0x0  isr-stubs.o [1]
      .text               ro code  0x0801bd58      0x0  isr-stubs.o [1]
      .text               ro code  0x0801bd58      0x0  isr-stubs.o [1]
      .text               ro code  0x0801bd58      0x0  isr-stubs.o [1]
      .text               ro code  0x0801bd58      0x0  isr-stubs.o [1]
      .text               ro code  0x0801bd58      0x0  isr-stubs.o [1]
      .text               ro code  0x0801bd58      0x0  isr-stubs.o [1]
      .text               ro code  0x0801bd58      0x0  isr-stubs.o [1]
      .text               ro code  0x0801bd58      0x4  isr-stubs.o [1]
      .text               ro code  0x0801bd5c    0x120  library.o [1]
      .text               ro code  0x0801be7c    0x1fc  network-cli.o [1]
      .text               ro code  0x0801c078    0x684  option-cli.o [1]
      .text               ro code  0x0801c6fc    0x714  zdo-cli.o [1]
      .text               ro code  0x0801ce10    0x1cc  cstartup-iar.o [12]
      .text               ro code  0x0801cfdc      0x6  ABImemclr.o [17]
      .text               ro code  0x0801cfe4      0x6  ABImemclr4.o [17]
      .text               ro code  0x0801cfec     0x10  context-switch.o [12]
      .text               ro code  0x0801cffc     0x32  ABImemset48.o [17]
      .text               ro code  0x0801d030     0x38  context-switch.o [12]
      .text               ro code  0x0801d068     0x18  cal-pads.o [20]
      .text               ro code  0x0801d080     0x3c  address-table-cli.o [1]
      .text               ro code  0x0801d0bc     0xd8  cli.o [1]
    .rodata               const    0x0801d194     0x40  af-main-common.o [1]
    .rodata               const    0x0801d1d4     0x10  attribute-storage.o [1]
    .rodata               const    0x0801d1e4   0x4f90  cli.o [1]
    .rodata               const    0x08022174     0x84  command-interpreter2.o [1]
    .rodata               const    0x080221f8     0x10  core-cli.o [1]
    .rodata               const    0x08022208    0x4f0  diagnostic.o [1]
    .rodata               const    0x080226f8      0x3  ember-configuration.o [1]
    .rodata               const    0x080226fb      0x1  binding-table.o [4]
    .rodata               const    0x080226fc     0xcc  library.o [1]
    .rodata               const    0x080227c8     0x28  option-cli.o [1]
    .rodata               const    0x080227f0      0x8  serial.o [1]
    .rodata               const    0x080227f8     0x30  sim-eeprom.o [1]
    .rodata               const    0x08022828    0x300  token-def.o [1]
    .rodata               const    0x08022b28     0xc4  util.o [1]
    .rodata               const    0x08022bec     0xac  ZclGateway_callbacks.o [1]
    .rodata               const    0x08022c98      0x8  ember-version.o [20]
    .rodata               const    0x08022ca0      0x8  rf4ce-stack-stubs.o [16]
    .rodata               const    0x08022ca8     0x1c  mfg-token.o [1]
    .rodata               const    0x08022cc4      0x2  micro-common.o [1]
    .rodata               const    0x08022cc6      0x1  end-device-bind.o [11]
    .rodata               const    0x08022cc7      0x1  ember-library.o [20]
    .rodata               const    0x08022cc8      0x1  aps-keys-full-stub.o [19]
    .rodata               const    0x08022cc9      0x1  trust-center-util.o [18]
    .rodata               const    0x08022cca      0x1  aps-skke-stub.o [18]
    .rodata               const    0x08022ccb      0x1  zll-stubs.o [21]
    .rodata               const    0x08022ccc      0x1  cbke-crypto-engine-stub.o [9]
    .rodata               const    0x08022ccd      0x1  route-table.o [20]
    .rodata               const    0x08022cce      0x1  install-code-stub.o [13]
    .rodata               const    0x08022ccf      0x1  alarm-stub.o [3]
    .rodata               const    0x08022cd0      0x1  cbke-crypto-engine-dsa-sign-stub.o [7]
    .rodata               const    0x08022cd1      0x1  packet-validate.o [15]
    .rodata               const    0x08022cd2      0x1  cbke-crypto-engine-163k1-stub.o [5]
    .rodata               const    0x08022cd3      0x1  cbke-crypto-engine-283k1-stub.o [6]
    .rodata               const    0x08022cd4      0x1  cbke-crypto-engine-dsa-verify-stub.o [8]
    .data_init                     0x08022cd8    0x8e8  <Block>
      Initializer bytes   const    0x08022cd8    0x8e8  <for .data-1>
                                 - 0x080235c0  0x234c0

"NVM&SIMEE":                                    0x2000
  SIMEE                            0x0802e000   0x2000  <Block>
    SIMEE                 uninit   0x0802e000   0x2000  sim-eeprom.o [1]
                                 - 0x08030000   0x2000

"FAT":                                            0x2c
  FAT                     uninit   0x08040000     0x2c  cstartup-iar-common.o [1]
                                 - 0x0804002c     0x2c

"Heap":                                          0xd8c
  EMHEAP_overlay                   0x20000000    0xd8c  <Overlay>
    part 1:
      EMHEAP              uninit   0x20000000    0xd8c  ember-configuration.o [1]
    part 2:
      RESETINFO                    0x20000000     0x98  <Block>
        RESETINFO         rw data  0x20000000      0x0  faults.o [1]
        RESETINFO         rw data  0x20000000      0x0  isr-stubs.o [1]
        RESETINFO         rw data  0x20000000      0x0  spmr.o [12]
        RESETINFO         rw data  0x20000000      0x0  context-switch.o [12]
        RESETINFO         uninit   0x20000000     0x98  cstartup-iar-common.o [1]
                                 - 0x20000d8c    0xd8c

"Guard":                                          0x20
  GUARD_REGION            uninit   0x20000da0     0x20  cstartup-iar-common.o [1]
                                 - 0x20000dc0     0x20

"APP rw":                                       0x1b69
  APPRW_block                      0x20001480   0x1b69  <Block>
    ALIGN_CSTACK                   0x20001480    0x960  <Block>
      CSTACK                       0x20001480    0x960  <Block>
        CSTACK            rw data  0x20001480      0x0  faults.o [1]
        CSTACK            rw data  0x20001480      0x0  isr-stubs.o [1]
        CSTACK            rw data  0x20001480      0x0  spmr.o [12]
        CSTACK            rw data  0x20001480      0x0  context-switch.o [12]
        CSTACK            uninit   0x20001480    0x960  cstartup-iar-common.o [1]
    .data                          0x20001de0    0x8e8  <Block>
      .data-1                      0x20001de0    0x8e7  <Init block>
        .data             inited   0x20001de0      0xe  af-event.o [1]
        .data             inited   0x20001df0      0x8  buzzer.o [1]
        .data             inited   0x20001df8     0x18  cli.o [1]
        .data             inited   0x20001e10     0x1c  cli.o [1]
        .data             inited   0x20001e2c      0x8  cli.o [1]
        .data             inited   0x20001e34      0x8  cli.o [1]
        .data             inited   0x20001e3c     0x10  cli.o [1]
        .data             inited   0x20001e4c      0xc  cli.o [1]
        .data             inited   0x20001e58      0x8  cli.o [1]
        .data             inited   0x20001e60      0x8  cli.o [1]
        .data             inited   0x20001e68     0x1c  cli.o [1]
        .data             inited   0x20001e84      0x8  cli.o [1]
        .data             inited   0x20001e8c     0x10  cli.o [1]
        .data             inited   0x20001e9c      0xc  cli.o [1]
        .data             inited   0x20001ea8      0x8  cli.o [1]
        .data             inited   0x20001eb0      0x8  cli.o [1]
        .data             inited   0x20001eb8      0x8  cli.o [1]
        .data             inited   0x20001ec0      0xc  cli.o [1]
        .data             inited   0x20001ecc      0xc  cli.o [1]
        .data             inited   0x20001ed8      0xc  cli.o [1]
        .data             inited   0x20001ee4     0x10  cli.o [1]
        .data             inited   0x20001ef4      0xc  cli.o [1]
        .data             inited   0x20001f00     0x10  cli.o [1]
        .data             inited   0x20001f10      0xc  cli.o [1]
        .data             inited   0x20001f1c      0xc  cli.o [1]
        .data             inited   0x20001f28      0xc  cli.o [1]
        .data             inited   0x20001f34      0xc  cli.o [1]
        .data             inited   0x20001f40     0x10  cli.o [1]
        .data             inited   0x20001f50     0x10  cli.o [1]
        .data             inited   0x20001f60      0x8  cli.o [1]
        .data             inited   0x20001f68      0x8  cli.o [1]
        .data             inited   0x20001f70      0xc  cli.o [1]
        .data             inited   0x20001f7c      0xc  cli.o [1]
        .data             inited   0x20001f88      0x8  cli.o [1]
        .data             inited   0x20001f90     0x10  cli.o [1]
        .data             inited   0x20001fa0     0x10  cli.o [1]
        .data             inited   0x20001fb0     0x10  cli.o [1]
        .data             inited   0x20001fc0     0x10  cli.o [1]
        .data             inited   0x20001fd0     0x14  cli.o [1]
        .data             inited   0x20001fe4      0xc  cli.o [1]
        .data             inited   0x20001ff0     0x14  cli.o [1]
        .data             inited   0x20002004     0x10  cli.o [1]
        .data             inited   0x20002014     0x1c  cli.o [1]
        .data             inited   0x20002030     0x14  cli.o [1]
        .data             inited   0x20002044     0x14  cli.o [1]
        .data             inited   0x20002058      0xc  cli.o [1]
        .data             inited   0x20002064     0x10  cli.o [1]
        .data             inited   0x20002074     0x10  cli.o [1]
        .data             inited   0x20002084     0x10  cli.o [1]
        .data             inited   0x20002094     0x18  cli.o [1]
        .data             inited   0x200020ac      0xc  cli.o [1]
        .data             inited   0x200020b8     0x14  cli.o [1]
        .data             inited   0x200020cc      0xc  cli.o [1]
        .data             inited   0x200020d8      0xc  cli.o [1]
        .data             inited   0x200020e4     0x10  cli.o [1]
        .data             inited   0x200020f4      0xc  cli.o [1]
        .data             inited   0x20002100     0x10  cli.o [1]
        .data             inited   0x20002110     0x10  cli.o [1]
        .data             inited   0x20002120      0xc  cli.o [1]
        .data             inited   0x2000212c     0x10  cli.o [1]
        .data             inited   0x2000213c     0x18  cli.o [1]
        .data             inited   0x20002154     0x10  cli.o [1]
        .data             inited   0x20002164     0x10  cli.o [1]
        .data             inited   0x20002174      0x8  cli.o [1]
        .data             inited   0x2000217c      0x8  cli.o [1]
        .data             inited   0x20002184      0xc  cli.o [1]
        .data             inited   0x20002190      0xc  cli.o [1]
        .data             inited   0x2000219c      0x8  cli.o [1]
        .data             inited   0x200021a4      0x8  cli.o [1]
        .data             inited   0x200021ac      0xc  cli.o [1]
        .data             inited   0x200021b8      0x8  cli.o [1]
        .data             inited   0x200021c0      0x8  cli.o [1]
        .data             inited   0x200021c8      0x8  cli.o [1]
        .data             inited   0x200021d0     0x18  cli.o [1]
        .data             inited   0x200021e8     0x10  cli.o [1]
        .data             inited   0x200021f8      0xc  cli.o [1]
        .data             inited   0x20002204      0x8  cli.o [1]
        .data             inited   0x2000220c     0x10  cli.o [1]
        .data             inited   0x2000221c     0x10  cli.o [1]
        .data             inited   0x2000222c      0x8  cli.o [1]
        .data             inited   0x20002234      0x8  cli.o [1]
        .data             inited   0x2000223c      0x8  cli.o [1]
        .data             inited   0x20002244     0x10  cli.o [1]
        .data             inited   0x20002254     0x10  cli.o [1]
        .data             inited   0x20002264      0x8  cli.o [1]
        .data             inited   0x2000226c      0xc  cli.o [1]
        .data             inited   0x20002278      0x8  cli.o [1]
        .data             inited   0x20002280      0x8  cli.o [1]
        .data             inited   0x20002288     0x10  cli.o [1]
        .data             inited   0x20002298     0x14  cli.o [1]
        .data             inited   0x200022ac     0x10  cli.o [1]
        .data             inited   0x200022bc      0x8  cli.o [1]
        .data             inited   0x200022c4      0x8  cli.o [1]
        .data             inited   0x200022cc      0x8  cli.o [1]
        .data             inited   0x200022d4      0x8  cli.o [1]
        .data             inited   0x200022dc      0x8  cli.o [1]
        .data             inited   0x200022e4      0x8  cli.o [1]
        .data             inited   0x200022ec      0x8  cli.o [1]
        .data             inited   0x200022f4      0x8  cli.o [1]
        .data             inited   0x200022fc      0xc  cli.o [1]
        .data             inited   0x20002308     0x14  cli.o [1]
        .data             inited   0x2000231c     0x10  cli.o [1]
        .data             inited   0x2000232c      0xc  cli.o [1]
        .data             inited   0x20002338     0x10  cli.o [1]
        .data             inited   0x20002348     0x1c  cli.o [1]
        .data             inited   0x20002364     0x28  command-interpreter2.o [1]
        .data             inited   0x2000238c      0x4  ember-configuration.o [1]
        .data             inited   0x20002390      0x4  ember-configuration.o [1]
        .data             inited   0x20002394      0x4  ember-configuration.o [1]
        .data             inited   0x20002398      0x4  ember-configuration.o [1]
        .data             inited   0x2000239c      0x4  ember-configuration.o [1]
        .data             inited   0x200023a0      0x4  ember-configuration.o [1]
        .data             inited   0x200023a4      0x4  ember-configuration.o [1]
        .data             inited   0x200023a8      0x4  ember-configuration.o [1]
        .data             inited   0x200023ac      0x4  ember-configuration.o [1]
        .data             inited   0x200023b0      0x4  ember-configuration.o [1]
        .data             inited   0x200023b4      0x4  ember-configuration.o [1]
        .data             inited   0x200023b8      0x4  ember-configuration.o [1]
        .data             inited   0x200023bc      0x4  ember-configuration.o [1]
        .data             inited   0x200023c0      0x4  ember-configuration.o [1]
        .data             inited   0x200023c4      0x4  ember-configuration.o [1]
        .data             inited   0x200023c8      0x4  ember-configuration.o [1]
        .data             inited   0x200023cc      0x4  ember-configuration.o [1]
        .data             inited   0x200023d0      0x4  ember-configuration.o [1]
        .data             inited   0x200023d4      0x4  ember-configuration.o [1]
        .data             inited   0x200023d8      0x4  ember-configuration.o [1]
        .data             inited   0x200023dc      0xc  form-and-join-node-adapter.o [1]
        .data             inited   0x200023e8     0x44  library.o [1]
        .data             inited   0x2000242c     0x28  micro.o [1]
        .data             inited   0x20002454     0x40  mpu.o [1]
        .data             inited   0x20002494     0x20  security-cli.o [1]
        .data             inited   0x200024b4     0x2c  serial.o [1]
        .data             inited   0x200024e0      0x4  source-route.o [1]
        .data             inited   0x200024e4     0x20  util.o [1]
        .data             inited   0x20002504      0xc  ZclGateway_callbacks.o [1]
        .data             inited   0x20002510      0xe  analogue.o [20]
        .data             inited   0x20002520     0x24  association.o [20]
        .data             inited   0x20002544      0xc  association.o [20]
        .data             inited   0x20002550      0x8  zigbee-stack.o [20]
        .data             inited   0x20002558      0x4  network.o [20]
        .data             inited   0x2000255c      0x4  debug.o [20]
        .data             inited   0x20002560      0x4  micro-internal.o [12]
        .data             inited   0x20002564     0x24  scan.o [20]
        .data             inited   0x20002588      0xe  leave.o [20]
        .data             inited   0x20002598     0x1c  phy-common.o [20]
        .data             inited   0x200025b4      0xe  aps-retry.o [20]
        .data             inited   0x200025c4      0xe  management.o [20]
        .data             inited   0x200025d4     0x14  mac-arbiter.o [20]
        .data             inited   0x200025e8      0x8  mac-arbiter.o [20]
        .data             inited   0x200025f0     0x12  mac-indirect.o [20]
        .data             inited   0x20002604     0x14  zdo-channel.o [20]
        .data             inited   0x20002618     0x10  mac-receive.o [20]
        .data             inited   0x20002628     0x1e  end-device-bind.o [11]
        .data             inited   0x20002648      0xe  jit.o [20]
        .data             inited   0x20002656      0x2  ember-configuration.o [1]
        .data             inited   0x20002658      0x2  ember-configuration.o [1]
        .data             inited   0x2000265a      0x2  option-cli.o [1]
        .data             inited   0x2000265c      0x4  random.o [1]
        .data             inited   0x20002660      0x9  analogue.o [20]
        .data             inited   0x2000266a      0xa  zigbee-device.o [20]
        .data             inited   0x20002674      0x6  child.o [20]
        .data             inited   0x2000267a      0x4  application-support.o [20]
        .data             inited   0x2000267e      0xa  clocks.o [12]
        .data             inited   0x20002688      0x8  analogue-mod-dac.o [20]
        .data             inited   0x20002690      0x4  mac-header.o [20]
        .data             inited   0x20002694      0x1  af-main-common.o [1]
        .data             inited   0x20002695      0x1  af-main-common.o [1]
        .data             inited   0x20002696      0x1  af-main-soc.o [1]
        .data             inited   0x20002697      0x1  command-interpreter2.o [1]
        .data             inited   0x20002698      0x1  ember-configuration.o [1]
        .data             inited   0x20002699      0x1  ember-configuration.o [1]
        .data             inited   0x2000269a      0x1  ember-configuration.o [1]
        .data             inited   0x2000269b      0x1  ember-configuration.o [1]
        .data             inited   0x2000269c      0x1  ember-configuration.o [1]
        .data             inited   0x2000269d      0x1  ember-configuration.o [1]
        .data             inited   0x2000269e      0x1  ember-configuration.o [1]
        .data             inited   0x2000269f      0x1  ember-configuration.o [1]
        .data             inited   0x200026a0      0x1  ember-configuration.o [1]
        .data             inited   0x200026a1      0x1  ember-configuration.o [1]
        .data             inited   0x200026a2      0x1  ember-configuration.o [1]
        .data             inited   0x200026a3      0x1  ember-configuration.o [1]
        .data             inited   0x200026a4      0x1  ember-configuration.o [1]
        .data             inited   0x200026a5      0x1  ember-configuration.o [1]
        .data             inited   0x200026a6      0x1  ember-configuration.o [1]
        .data             inited   0x200026a7      0x1  ember-configuration.o [1]
        .data             inited   0x200026a8      0x1  ember-configuration.o [1]
        .data             inited   0x200026a9      0x1  ember-configuration.o [1]
        .data             inited   0x200026aa      0x1  ember-configuration.o [1]
        .data             inited   0x200026ab      0x1  ember-configuration.o [1]
        .data             inited   0x200026ac      0x1  ember-configuration.o [1]
        .data             inited   0x200026ad      0x1  ember-configuration.o [1]
        .data             inited   0x200026ae      0x1  ember-configuration.o [1]
        .data             inited   0x200026af      0x3  ias-zone-client.o [1]
        .data             inited   0x200026b2      0x1  print.o [1]
        .data             inited   0x200026b3      0x2  source-route-common.o [1]
        .data             inited   0x200026b5      0x1  source-route.o [1]
        .data             inited   0x200026b6      0x1  util.o [1]
        .data             inited   0x200026b7      0x1  zigbee-device-common.o [1]
        .data             inited   0x200026b8      0x2  token-cache.o [20]
        .data             inited   0x200026ba      0x1  packet-buffer.o [20]
        .data             inited   0x200026bb      0x1  zigbee-stack.o [20]
        .data             inited   0x200026bc      0x1  network.o [20]
        .data             inited   0x200026bd      0x1  zigbee-device-util.o [20]
        .data             inited   0x200026be      0x2  trust-center-util.o [18]
        .data             inited   0x200026c0      0x1  phy-common.o [20]
        .data             inited   0x200026c1      0x2  random-id.o [20]
        .data             inited   0x200026c3      0x1  packet-validate.o [15]
        .data             inited   0x200026c4      0x2  mac-em250.o [20]
        .data             inited   0x200026c6      0x1  mac-em250.o [20]
    DLIB_PERTHREAD_INITIALIZED_DATA
                                   0x200026c8      0x0  <Block>
    DLIB_PERTHREAD_ZERO_DATA
                                   0x200026c8      0x0  <Block>
    .bss                           0x200026c8    0x921  <Block>
      .bss                uninit   0x200026c8     0x10  mac-indirect.o [20]
      .bss                uninit   0x200026d8     0x1e  adc.o [1]
      .bss                uninit   0x200026f6      0x2  cstartup-iar-common.o [1]
      .bss                uninit   0x200026f8      0x8  af-event.o [1]
      .bss                uninit   0x20002700     0x18  af-main-common.o [1]
      .bss                uninit   0x20002718     0x16  attribute-storage.o [1]
      .bss                uninit   0x2000272e      0x2  print.o [1]
      .bss                uninit   0x20002730     0x10  client-api.o [1]
      .bss                uninit   0x20002740     0x80  command-interpreter2.o [1]
      .bss                uninit   0x200027c0      0x8  concentrator-support.o [1]
      .bss                uninit   0x200027c8     0x44  counters-soc.o [1]
      .bss                uninit   0x2000280c     0x44  counters-soc.o [1]
      .bss                uninit   0x20002850     0x24  counters-soc.o [1]
      .bss                uninit   0x20002874     0x30  ember-configuration.o [1]
      .bss                uninit   0x200028a4     0x14  form-and-join.o [1]
      .bss                uninit   0x200028b8     0xb4  ias-zone-client.o [1]
      .bss                uninit   0x2000296c      0x8  ias-zone-client.o [1]
      .bss                uninit   0x20002974      0xc  identify-feedback.o [1]
      .bss                uninit   0x20002980      0x4  identify.o [1]
      .bss                uninit   0x20002984     0x10  message.o [1]
      .bss                uninit   0x20002994     0x54  message.o [1]
      .bss                uninit   0x200029e8      0x4  multi-network.o [1]
      .bss                uninit   0x200029ec      0xc  network-find.o [1]
      .bss                uninit   0x200029f8      0x8  network-find.o [1]
      .bss                uninit   0x20002a00     0x88  serial.o [1]
      .bss                uninit   0x20002a88     0x88  serial.o [1]
      .bss                uninit   0x20002b10     0x14  service-discovery-common.o [1]
      .bss                uninit   0x20002b24     0xa0  sim-eeprom.o [1]
      .bss                uninit   0x20002bc4      0xc  sleep.o [1]
      .bss                uninit   0x20002bd0     0x1c  source-route.o [1]
      .bss                uninit   0x20002bec     0x54  zcl-cli.o [1]
      .bss                uninit   0x20002c40     0x12  zcl-cli.o [1]
      .bss                uninit   0x20002c52      0x2  util.o [1]
      .bss                uninit   0x20002c54     0x1c  zdo-cli.o [1]
      .bss                uninit   0x20002c70     0x24  analogue.o [20]
      .bss                uninit   0x20002c94      0xc  association.o [20]
      .bss                uninit   0x20002ca0      0x8  ember-multi-network-stub.o [14]
      .bss                uninit   0x20002ca8      0x8  ember-multi-network-stub.o [14]
      .bss                uninit   0x20002cb0      0x8  ember-multi-network-stub.o [14]
      .bss                uninit   0x20002cb8      0xc  zigbee-dispatch.o [20]
      .bss                uninit   0x20002cc4      0x8  eui64.o [20]
      .bss                uninit   0x20002ccc      0x8  system-timer.o [12]
      .bss                uninit   0x20002cd4      0xc  debug.o [20]
      .bss                uninit   0x20002ce0    0x118  phy.o [20]
      .bss                uninit   0x20002df8      0x8  zigbee-device-util.o [20]
      .bss                uninit   0x20002e00      0x8  aps-keys.o [18]
      .bss                uninit   0x20002e08      0x8  context-switch.o [12]
      .bss                uninit   0x20002e10      0x8  neighbor.o [20]
      .bss                uninit   0x20002e18      0x8  high-security-stub.o [18]
      .bss                uninit   0x20002e20     0x10  retry.o [20]
      .bss                uninit   0x20002e30     0x40  retry.o [20]
      .bss                uninit   0x20002e70      0x8  aps-skke-stub.o [18]
      .bss                uninit   0x20002e78      0xc  mac.o [20]
      .bss                uninit   0x20002e84     0x80  mac.o [20]
      .bss                uninit   0x20002f04      0x8  zll-stubs.o [21]
      .bss                uninit   0x20002f0c      0x4  aps-encryption.o [18]
      .bss                uninit   0x20002f10      0x8  neighbor-exchange.o [20]
      .bss                uninit   0x20002f18     0x64  broadcast.o [20]
      .bss                uninit   0x20002f7c      0x8  cal-pads.o [20]
      .bss                uninit   0x20002f84      0x8  mac-em250.o [20]
      .bss                uninit   0x20002f8c     0x14  unicast-table.o [20]
      .bss                uninit   0x20002fa0      0x8  mac-header.o [20]
      .bss                uninit   0x20002fa8      0x2  util.o [1]
      .bss                uninit   0x20002faa      0x4  sim-eeprom-internal.o [12]
      .bss                uninit   0x20002fae      0x4  route-table.o [20]
      .bss                uninit   0x20002fb2      0x1  af-event.o [1]
      .bss                uninit   0x20002fb3      0x1  af-trust-center.o [1]
      .bss                uninit   0x20002fb4      0x2  button.o [1]
      .bss                uninit   0x20002fb6      0x1  command-interpreter2.o [1]
      .bss                uninit   0x20002fb7      0x2  concentrator-support.o [1]
      .bss                uninit   0x20002fb9      0x1  crypto-state.o [1]
      .bss                uninit   0x20002fba      0x1  ember-configuration.o [1]
      .bss                uninit   0x20002fbb      0x1  ember-configuration.o [1]
      .bss                uninit   0x20002fbc      0x1  ember-configuration.o [1]
      .bss                uninit   0x20002fbd      0x1  ember-configuration.o [1]
      .bss                uninit   0x20002fbe      0x1  ember-configuration.o [1]
      .bss                uninit   0x20002fbf      0x1  ember-configuration.o [1]
      .bss                uninit   0x20002fc0      0x1  ember-configuration.o [1]
      .bss                uninit   0x20002fc1      0x2  idle-sleep.o [1]
      .bss                uninit   0x20002fc3      0x1  idle-sleep.o [1]
      .bss                uninit   0x20002fc4      0x1  micro-common.o [1]
      .bss                uninit   0x20002fc5      0x1  network-cli.o [1]
      .bss                uninit   0x20002fc6      0x1  process-global-message.o [1]
      .bss                uninit   0x20002fc7      0x3  security-address-cache.o [1]
      .bss                uninit   0x20002fca      0x2  token.o [1]
      .bss                uninit   0x20002fcc      0x1  util.o [1]
      .bss                uninit   0x20002fcd      0x1  util.o [1]
      .bss                uninit   0x20002fce      0x1  zigbee-device-common.o [1]
      .bss                uninit   0x20002fcf      0x2  event-control.o [20]
      .bss                uninit   0x20002fd1      0x1  association.o [20]
      .bss                uninit   0x20002fd2      0x1  zigbee-dispatch.o [20]
      .bss                uninit   0x20002fd3      0x1  application-support.o [20]
      .bss                uninit   0x20002fd4      0x2  zigbee-stack.o [20]
      .bss                uninit   0x20002fd6      0x3  network.o [20]
      .bss                uninit   0x20002fd9      0x1  debug.o [20]
      .bss                uninit   0x20002fda      0x1  flash.o [12]
      .bss                uninit   0x20002fdb      0x2  phy.o [20]
      .bss                uninit   0x20002fdd      0x2  phy.o [20]
      .bss                uninit   0x20002fdf      0x3  analogue-vco.o [20]
      .bss                uninit   0x20002fe2      0x1  phy-common.o [20]
      .bss                uninit   0x20002fe3      0x1  neighbor.o [20]
      .bss                uninit   0x20002fe4      0x1  high-security-stub.o [18]
      .bss                uninit   0x20002fe5      0x1  random-id.o [20]
      .bss                uninit   0x20002fe6      0x1  command.o [20]
      .bss                uninit   0x20002fe7      0x1  route-discovery.o [20]
      .bss                uninit   0x20002fe8      0x1  debug-jtag.o [20]
                                 - 0x20002fe9   0x1b69

"DEBUGCHAN":                                      0x10
  DEBUG_CHANNEL                    0x20002ff0     0x10  <Block>
    DEBUG_CHANNEL         uninit   0x20002ff0     0x10  debug-jtag.o [20]
                                 - 0x20003000     0x10



*******************************************************************************
*** MODULE SUMMARY
***

    Module                                ro code  ro data  rw data
    ------                                -------  -------  -------
D:\Tools\zigbee\Ember\EmberZNet5.3.0-GA\em35x\build\ZclGateway: [1]
    ZclGateway_callbacks.o                    408      184       12
    adc.o                                     192                30
    address-table-cli.o                        60
    address-table-soc.o                       138
    af-event.o                                364       14       23
    af-main-common.o                        2 384       66       26
    af-main-soc.o                           1 216        1        1
    af-node.o                                 126
    af-security-common.o                      136
    af-trust-center.o                         236                 1
    attribute-size.o                           76
    attribute-storage.o                     2 720       16       22
    attribute-table.o                       1 150
    basic.o                                    40
    button.o                                  312                 2
    buzzer.o                                  156       10        8
    call-command-handler.o                    608
    callback-stub.o                           178
    cli.o                                     216   21 756    1 388
    client-api.o                              400                16
    command-interpreter2.o                  1 928      173      170
    concentrator-support-cli.o                640
    concentrator-support.o                    218                10
    core-cli.o                              1 256       16
    counters-cli.o                             50
    counters-soc.o                            356               172
    crc.o                                      36
    crypto-state.o                             16                 1
    cstartup-iar-common.o                     148      444    2 434
    diagnostic.o                            2 892    1 264
    ember-configuration.o                     172      110      162
    faults.o                                  128
    form-and-join-node-adapter.o              104       12       12
    form-and-join.o                           814                20
    ias-zone-client.o                       1 094        3      191
    identify-cli.o                              2
    identify-feedback.o                       108                12
    identify.o                                312                 4
    idle-sleep-cli.o                           40
    idle-sleep-soc.o                           72
    idle-sleep.o                              128                 3
    isr-stubs.o                                 4
    led.o                                     154
    library.o                                 288      272       68
    mem-util.o                                210
    message.o                                 188               100
    mfg-token.o                               244       28
    micro-common.o                            224        2        1
    micro.o                                   628       40       40
    mpu.o                                     116       64       64
    multi-network.o                            88                 4
    network-cli.o                             508                 1
    network-find.o                            804                20
    option-cli.o                            1 668       42        2
    print-formatter.o                         344
    print.o                                   304        1        3
    process-cluster-message.o                  52
    process-global-message.o                1 106                 1
    random.o                                   76        4        4
    security-address-cache.o                  172                 3
    security-cli.o                            248       32       32
    serial.o                                1 140       52      316
    service-discovery-common.o                666                20
    service-discovery-soc.o                    86
    sim-eeprom.o                              436       48    8 352
    simple-metering-client.o                  118
    sleep.o                                 1 632                12
    source-route-common.o                     304        2        2
    source-route.o                            236        5       33
    token-def.o                                        768
    token.o                                   300                 2
    uart.o                                    680
    util.o                                  2 580      229       39
    zcl-cli.o                               2 120               102
    zdo-cli.o                               1 812                28
    zigbee-device-common.o                    214        1        2
    zigbee-device-library.o                   656
    ---------------------------------------------------------------
    Total:                                 42 036   25 659   13 971

command line: [2]
    ---------------------------------------------------------------
    Total:

alarm-stub-library.a: [3]
    alarm-stub.o                               12        1
    ---------------------------------------------------------------
    Total:                                     12        1

binding-table-library.a: [4]
    binding-table.o                         1 156        1
    zdo-binding-table.o                       452
    ---------------------------------------------------------------
    Total:                                  1 608        1

cbke-163k1-stub-library.a: [5]
    cbke-crypto-engine-163k1-stub.o             6        1
    ---------------------------------------------------------------
    Total:                                      6        1

cbke-283k1-stub-library.a: [6]
    cbke-crypto-engine-283k1-stub.o             6        1
    ---------------------------------------------------------------
    Total:                                      6        1

cbke-library-dsa-sign-stub.a: [7]
    cbke-crypto-engine-dsa-sign-stub.o          4        1
    ---------------------------------------------------------------
    Total:                                      4        1

cbke-library-dsa-verify-stub.a: [8]
    cbke-crypto-engine-dsa-verify-stub.o                 1
    ---------------------------------------------------------------
    Total:                                               1

cbke-stub-library.a: [9]
    cbke-crypto-engine-stub.o                  14        1
    ---------------------------------------------------------------
    Total:                                     14        1

dl7M_tln.a: [10]
    abs.o                                       8
    ---------------------------------------------------------------
    Total:                                      8

end-device-bind-library.a: [11]
    end-device-bind.o                         988       31       30
    ---------------------------------------------------------------
    Total:                                    988       31       30

hal-library.a: [12]
    caladc.o                                  284
    clocks.o                                1 108       10       10
    context-switch.o                           80                 8
    cstartup-iar.o                            460
    flash.o                                   288                 1
    micro-common-internal.o                   496
    micro-internal.o                          412        4        4
    sim-eeprom-internal.o                   2 768                 4
    spmr.o                                     62
    system-timer.o                            256                 8
    ---------------------------------------------------------------
    Total:                                  6 214       14       35

install-code-library-stub.a: [13]
    install-code-stub.o                         4        1
    ---------------------------------------------------------------
    Total:                                      4        1

multi-network-stub-library.a: [14]
    ember-multi-network-stub.o                520                24
    ---------------------------------------------------------------
    Total:                                    520                24

packet-validate-library.a: [15]
    packet-validate.o                         920        2        1
    ---------------------------------------------------------------
    Total:                                    920        2        1

rf4ce-stack-stub-library.a: [16]
    rf4ce-stack-stubs.o                        80        8
    ---------------------------------------------------------------
    Total:                                     80        8

rt7M_tl.a: [17]
    ABImemclr.o                                 6
    ABImemclr4.o                                6
    ABImemcpy_unaligned.o                     118
    ABImemset.o                               102
    ABImemset48.o                              50
    I64Shl.o                                   34
    ---------------------------------------------------------------
    Total:                                    316

security-library-core.a: [18]
    aes-mmo.o                                 348
    aps-encryption.o                          788                 4
    aps-keys.o                              1 280                 8
    aps-security.o                          3 240
    aps-skke-stub.o                             4        1        8
    high-security-stub.o                        8                 9
    hmac.o                                     98
    security-config-mfg-3xx.o                 216
    trust-center-util.o                     1 160        3        2
    ---------------------------------------------------------------
    Total:                                  7 142        4       31

security-library-link-keys-stub.a: [19]
    aps-keys-full-stub.o                       22        1
    ---------------------------------------------------------------
    Total:                                     22        1

zigbee-pro-stack.a: [20]
    address-table.o                         1 024
    aes.o                                     174
    analogue-cell-bias.o                      236
    analogue-filter.o                          80
    analogue-lna.o                            426
    analogue-mod-dac.o                        616        8        8
    analogue-vco.o                            208                 3
    analogue.o                              1 460       23       59
    application-support.o                   2 344        4        5
    aps-retry.o                             2 316       14       14
    association.o                           5 740       50       61
    broadcast.o                               336               100
    byte-utilities.o                           68
    cal-pads.o                                 24                 8
    child-aging.o                             380
    child-table.o                              64
    child.o                                 1 848        6        6
    command.o                                 880                 1
    crypto.o                                1 432
    debug-jtag.o                              656                17
    debug.o                                 1 012        4       17
    ember-library.o                           128        1
    ember-stack-common.o                      472
    ember-version.o                                      8
    eui64.o                                    24                 8
    event-control.o                           600                 2
    jit.o                                     648       16       14
    leave.o                                   936       14       14
    mac-arbiter.o                           1 040       30       28
    mac-em250.o                               460        3       11
    mac-header.o                              816        4       12
    mac-indirect.o                          1 472       18       34
    mac-receive.o                             712       16       16
    mac.o                                   1 104               140
    management.o                              836       16       14
    neighbor-exchange.o                       864                 8
    neighbor.o                              1 600                 9
    network.o                               5 364        5        8
    packet-buffer.o                         1 792        1        1
    packet-header.o                           588
    phy-common.o                            2 204       31       30
    phy-util.o                                 18
    phy.o                                   1 452               284
    random-id.o                               748        2        3
    retry.o                                   650                80
    route-discovery.o                       1 920                 1
    route-error.o                             328
    route-table.o                           1 248        1        4
    scan.o                                  1 024       36       36
    symbol-timer.o                             92
    token-cache.o                             384        2        2
    unicast-table.o                           100                20
    zdo-channel.o                             880       22       20
    zigbee-device-util.o                    1 580        1        9
    zigbee-device.o                         2 124       11       10
    zigbee-dispatch.o                         228                13
    zigbee-neighbor.o                         500
    zigbee-packet-header.o                  1 408
    zigbee-stack.o                          1 116        9       11
    ---------------------------------------------------------------
    Total:                                 58 784      356    1 141

zll-stub-library.a: [21]
    zll-stubs.o                                42        1        8
    ---------------------------------------------------------------
    Total:                                     42        1        8

    Gaps                                       62                15
    Linker created                                       1    3 468
-------------------------------------------------------------------
    Grand Total:                          118 788   26 085   18 724


*******************************************************************************
*** ENTRY LIST
***

Entry                      Address    Size  Type      Object
-----                      -------    ----  ----      ------
.bss$$Base              0x200026c8           --   Gb  - Linker created -
.bss$$Length            0x00000921           --   Gb  - Linker created -
.bss$$Limit             0x20002fe9           --   Gb  - Linker created -
.data$$Base             0x20001de0           --   Gb  - Linker created -
.data$$Limit            0x200026c8           --   Gb  - Linker created -
.data_init$$Base        0x08022cd8           --   Gb  - Linker created -
.data_init$$Length      0x000008e8           --   Gb  - Linker created -
.data_init$$Limit       0x080235c0           --   Gb  - Linker created -
.noinit$$Base           0x00000000           --   Gb  - Linker created -
.text$$Base             0x08000190           --   Gb  - Linker created -
.text$$Limit            0x0801d194           --   Gb  - Linker created -
.textrw$$Base           0x00000000           --   Gb  - Linker created -
.textrw_init$$Base      0x00000000           --   Gb  - Linker created -
.textrw_init$$Length    0x00000000           --   Gb  - Linker created -
ALIGN_CSTACK$$Base      0x20001480           --   Gb  - Linker created -
ALIGN_CSTACK$$Limit     0x20001de0           --   Gb  - Linker created -
APPRO_block$$Base       0x08000100           --   Gb  - Linker created -
APPRO_block$$Limit      0x080235c0           --   Gb  - Linker created -
APPRW_block$$Base       0x20001480           --   Gb  - Linker created -
APPRW_block$$Limit      0x20002fe9           --   Gb  - Linker created -
APP_RAM$$Base           0x00000000           --   Gb  - Linker created -
APP_RAM$$Length         0x00000000           --   Gb  - Linker created -
CSTACK$$Base            0x20001480           --   Gb  - Linker created -
CSTACK$$Limit           0x20001de0           --   Gb  - Linker created -
DEBUG_CHANNEL$$Base     0x20002ff0           --   Gb  - Linker created -
DEBUG_CHANNEL$$Limit    0x20003000           --   Gb  - Linker created -
DLIB_PERTHREAD_INITIALIZED_DATA$$Base
                        0x200026c8           --   Gb  - Linker created -
DLIB_PERTHREAD_INITIALIZED_DATA$$Limit
                        0x200026c8           --   Gb  - Linker created -
DLIB_PERTHREAD_ZERO_DATA$$Base
                        0x200026c8           --   Gb  - Linker created -
DLIB_PERTHREAD_ZERO_DATA$$Length
                        0x00000000           --   Gb  - Linker created -
DLIB_PERTHREAD_ZERO_DATA$$Limit
                        0x200026c8           --   Gb  - Linker created -
EMHEAP_overlay$$Base    0x20000000           --   Gb  - Linker created -
EMHEAP_overlay$$Limit   0x20000d8c           --   Gb  - Linker created -
ERASE_CRITICAL_THRESHOLD
                        0x08022804     0x2  Data  Gb  sim-eeprom.o [1]
HEADER_block$$Base      0x08000000           --   Gb  - Linker created -
HEADER_block$$Limit     0x08000100           --   Gb  - Linker created -
ID_COUNT                0x08022806     0x2  Data  Gb  sim-eeprom.o [1]
INTERNAL_STORAGE$$Base  0x00000000           --   Gb  - Linker created -
LEFT_BASE               0x080227fc     0x2  Data  Gb  sim-eeprom.o [1]
LEFT_TOP                0x080227fe     0x2  Data  Gb  sim-eeprom.o [1]
Nvdd                    0x200026de     0x2  Data  Lc  adc.o [1]
Nvss                    0x200026f4     0x2  Data  Lc  adc.o [1]
PTR_CACHE_SIZE          0x08022808     0x2  Data  Gb  sim-eeprom.o [1]
PendSV_Handler          0x0801d031          Code  Gb  context-switch.o [12]
REAL_PAGES_PER_VIRTUAL  0x080227f8     0x1  Data  Gb  sim-eeprom.o [1]
REAL_PAGE_SIZE          0x080227fa     0x2  Data  Gb  sim-eeprom.o [1]
RESETINFO$$Base         0x20000000           --   Gb  - Linker created -
RESETINFO$$Limit        0x20000098           --   Gb  - Linker created -
RIGHT_BASE              0x08022800     0x2  Data  Gb  sim-eeprom.o [1]
RIGHT_TOP               0x08022802     0x2  Data  Gb  sim-eeprom.o [1]
SIMEE$$Base             0x0802e000           --   Gb  - Linker created -
SIMEE$$Limit            0x08030000           --   Gb  - Linker created -
TOKEN_MFG_1V8_REG_VOLTAGE
                        0x08022cb0     0x2  Data  Gb  mfg-token.o [1]
TOKEN_MFG_ANALOG_TRIM_BOOST
                        0x08022caa     0x2  Data  Gb  mfg-token.o [1]
TOKEN_MFG_ANALOG_TRIM_BOTH
                        0x08022cac     0x2  Data  Gb  mfg-token.o [1]
TOKEN_MFG_ANALOG_TRIM_NORMAL
                        0x08022ca8     0x2  Data  Gb  mfg-token.o [1]
TOKEN_MFG_CCA_THRESHOLD
                        0x08022cc0     0x2  Data  Gb  mfg-token.o [1]
TOKEN_MFG_EUI_64        0x08022cc2     0x2  Data  Gb  mfg-token.o [1]
TOKEN_MFG_FIB_VERSION   0x08022cb4     0x2  Data  Gb  mfg-token.o [1]
TOKEN_MFG_OSC24M_BIAS_TRIM
                        0x08022cba     0x2  Data  Gb  mfg-token.o [1]
TOKEN_MFG_PHY_CONFIG    0x08022cb8     0x2  Data  Gb  mfg-token.o [1]
TOKEN_MFG_REG_TRIM      0x08022cae     0x2  Data  Gb  mfg-token.o [1]
TOKEN_MFG_SECURITY_CONFIG
                        0x08022cbe     0x2  Data  Gb  mfg-token.o [1]
TOKEN_MFG_STRING        0x08022cb6     0x2  Data  Gb  mfg-token.o [1]
TOKEN_MFG_SYNTH_FREQ_OFFSET
                        0x08022cbc     0x2  Data  Gb  mfg-token.o [1]
TOKEN_MFG_TEMP_CAL      0x08022cb2     0x2  Data  Gb  mfg-token.o [1]
TOKEN_MULTI_NETWORK_STACK_ALTERNATE_KEY_DEFAULTS
                        0x08022958    0x14  Data  Gb  token-def.o [1]
TOKEN_MULTI_NETWORK_STACK_KEYS_DEFAULTS
                        0x08022934    0x14  Data  Gb  token-def.o [1]
TOKEN_MULTI_NETWORK_STACK_NETWORK_MANAGEMENT_DEFAULTS
                        0x08022988     0x8  Data  Gb  token-def.o [1]
TOKEN_MULTI_NETWORK_STACK_NODE_DATA_DEFAULTS
                        0x08022948    0x10  Data  Gb  token-def.o [1]
TOKEN_MULTI_NETWORK_STACK_NONCE_COUNTER_DEFAULTS
                        0x0802299c     0x4  Data  Gb  token-def.o [1]
TOKEN_MULTI_NETWORK_STACK_PARENT_INFO_DEFAULTS
                        0x08022990     0xc  Data  Gb  token-def.o [1]
TOKEN_MULTI_NETWORK_STACK_TRUST_CENTER_DEFAULTS
                        0x0802296c    0x1c  Data  Gb  token-def.o [1]
TOKEN_STACK_ALTERNATE_KEY_DEFAULTS
                        0x080228bc    0x14  Data  Gb  token-def.o [1]
TOKEN_STACK_ANALYSIS_REBOOT_DEFAULTS
                        0x080228d8     0x2  Data  Gb  token-def.o [1]
TOKEN_STACK_APS_FRAME_COUNTER_DEFAULTS
                        0x080228b8     0x4  Data  Gb  token-def.o [1]
TOKEN_STACK_BINDING_TABLE_DEFAULTS
                        0x080229a0    0x10  Data  Gb  token-def.o [1]
TOKEN_STACK_BOOT_COUNTER_DEFAULTS
                        0x080228d0     0x2  Data  Gb  token-def.o [1]
TOKEN_STACK_CAL_DATA_DEFAULTS
                        0x08022930     0x4  Data  Gb  token-def.o [1]
TOKEN_STACK_CERTIFICATE_TABLE_DEFAULTS
                        0x080229d8    0x5c  Data  Gb  token-def.o [1]
TOKEN_STACK_CHILD_TABLE_DEFAULTS
                        0x080229b0     0xc  Data  Gb  token-def.o [1]
TOKEN_STACK_KEYS_DEFAULTS
                        0x080228dc    0x14  Data  Gb  token-def.o [1]
TOKEN_STACK_KEY_TABLE_DEFAULTS
                        0x080229bc    0x1c  Data  Gb  token-def.o [1]
TOKEN_STACK_NETWORK_MANAGEMENT_DEFAULTS
                        0x0802291c     0x8  Data  Gb  token-def.o [1]
TOKEN_STACK_NODE_DATA_DEFAULTS
                        0x080228f0    0x10  Data  Gb  token-def.o [1]
TOKEN_STACK_NONCE_COUNTER_DEFAULTS
                        0x080228d4     0x4  Data  Gb  token-def.o [1]
TOKEN_STACK_NVDATA_VERSION_DEFAULTS
                        0x080228b4     0x2  Data  Gb  token-def.o [1]
TOKEN_STACK_PARENT_INFO_DEFAULTS
                        0x08022924     0xc  Data  Gb  token-def.o [1]
TOKEN_STACK_RF4CE_DATA_DEFAULTS
                        0x08022a6c    0x2c  Data  Gb  token-def.o [1]
TOKEN_STACK_RF4CE_PAIRING_TABLE_DEFAULTS
                        0x08022a98    0x24  Data  Gb  token-def.o [1]
TOKEN_STACK_TRUST_CENTER_DEFAULTS
                        0x08022900    0x1c  Data  Gb  token-def.o [1]
TOKEN_STACK_ZLL_DATA_DEFAULTS
                        0x08022a34    0x10  Data  Gb  token-def.o [1]
TOKEN_STACK_ZLL_SECURITY_DEFAULTS
                        0x08022a44    0x28  Data  Gb  token-def.o [1]
__DLIB_PERTHREAD_init$$Base
                        0x00000000           --   Gb  - Linker created -
__DLIB_PERTHREAD_init$$Length
                        0x00000000           --   Gb  - Linker created -
__aeabi_llsl            0x080077a9          Code  Gb  I64Shl.o [17]
__aeabi_memclr          0x0801cfdd          Code  Gb  ABImemclr.o [17]
__aeabi_memclr4         0x0801cfe5          Code  Gb  ABImemclr4.o [17]
__aeabi_memset          0x080065e1          Code  Gb  ABImemset.o [17]
__iar_Memset            0x080065e1          Code  Gb  ABImemset.o [17]
__iar_Memset4_word      0x0801cffd          Code  Gb  ABImemset48.o [17]
__iar_Memset8_word      0x0801cffd          Code  Gb  ABImemset48.o [17]
[...]
singletonAttributeData  0x2000272c     0x2  Data  Gb  attribute-storage.o [1]
sizeCache               0x0802280c    0x1c  Data  Gb  sim-eeprom.o [1]
sleepTimerInterruptOccurred
                        0x20002ccc     0x1  Data  Gb  system-timer.o [12]
sleepTmrArtificalCnt    0x20002cd0     0x4  Data  Gb  system-timer.o [12]
sleepyBroadcastInfo     0x20002649     0x1  Data  Lc  jit.o [20]
sourceRouteAddEntry     0x08018561    0x8a  Code  Gb  source-route-common.o [1]
sourceRouteAddEntryWithCloserNextHop
                        0x080185eb    0x28  Code  Gb  source-route-common.o [1]
sourceRouteClearTable   0x0801854b    0x16  Code  Gb  source-route-common.o [1]
sourceRouteFindIndex    0x08018525    0x26  Code  Gb  source-route-common.o [1]
sourceRouteGetCount     0x0801861b     0x6  Code  Gb  source-route-common.o [1]
sourceRouteInit         0x08018613     0x8  Code  Gb  source-route-common.o [1]
sourceRouteTable        0x200024e0     0x4  Data  Gb  source-route.o [1]
sourceRouteTableSize    0x200026b5     0x1  Data  Gb  source-route.o [1]
spreadModDac1           0x2000268c     0x2  Data  Gb  analogue-mod-dac.o [20]
spreadModDac2           0x2000268e     0x2  Data  Gb  analogue-mod-dac.o [20]
stackEvents             0x0800d6f4    0xc0  Data  Gb  zigbee-stack.o [20]
stackTokenInfo          0x08016a78    0x38  Data  Lc  token-cache.o [20]
startChannelScan        0x0800ba6d    0x62  Code  Lc  scan.o [20]
startNetworkOperation   0x0800fbd9    0x3c  Code  Lc  association.o [20]
startPanIdScan          0x08015e45    0x32  Code  Lc  form-and-join.o [1]
startScan               0x080160c5    0x12  Code  Lc  form-and-join.o [1]
state                   0x200029ec     0x1  Data  Lc  network-find.o [1]
stateTable              0x20002980     0x4  Data  Lc  identify.o [1]
states                  0x20002b10     0xc  Data  Lc  service-discovery-common.o [1]
statsTable              0x20002cd4     0xc  Data  Lc  debug.o [20]
status                  0x0801a48d    0x10  Code  Lc  call-command-handler.o [1]
stringToUnsignedInt     0x08014ef5    0x76  Code  Lc  command-interpreter2.o [1]
submitCount             0x20002e21     0x1  Data  Lc  retry.o [20]
swoOutput               0x0800af53    0xda  Code  Lc  debug-jtag.o [20]
table                   0x20002bd0    0x1c  Data  Lc  source-route.o [1]
terminateScanRequest    0x0801787b    0x26  Code  Lc  zdo-channel.o [20]
testResponseCommands    0x080210f8    0x3c  Data  Gb  cli.o [1]
timeoutPools            0x080046f5    0xde  Code  Lc  mac-indirect.o [20]
tokenArraySize          0x08022898    0x1c  Data  Gb  token-def.o [1]
tokenCreators           0x08022828    0x38  Data  Gb  token-def.o [1]
tokenDefaults           0x08022abc    0x6c  Data  Gb  token-def.o [1]
tokenIsCnt              0x08022860    0x1c  Data  Gb  token-def.o [1]
tokenLength             0x08014b57     0xe  Code  Lc  command-interpreter2.o [1]
tokenPointer            0x08014b65    0x10  Code  Lc  command-interpreter2.o [1]
tokenSize               0x0802287c    0x1c  Data  Gb  token-def.o [1]
tokensActive            0x20002fca     0x1  Data  Gb  token.o [1]
transmitQueue           0x200025dc     0x8  Data  Lc  mac-arbiter.o [20]
transportKeyFrameSizes  0x08011650     0x8  Data  Lc  packet-validate.o [15]
tuneDone                0x20001df1     0x1  Data  Gb  buzzer.o [1]
tunePos                 0x20001df0     0x1  Data  Gb  buzzer.o [1]
txPower                 0x080007b4    0x28  Data  Gb  analogue.o [20]
txStepTimeSnapshot      0x200025ac     0x2  Data  Lc  phy-common.o [20]
unSetKey                0x08016920    0x10  Data  Lc  af-security-common.o [1]
unbindRequest           0x0801ca07    0x86  Code  Lc  zdo-cli.o [1]
unicastHead             0x20002f8c     0x1  Data  Lc  unicast-table.o [20]
uninitializedIsr        0x0801bcbd          Code  Gb  faults.o [1]
unsentMessageCount      0x200025d7     0x1  Data  Lc  mac-arbiter.o [20]
unsolicitedChannelReport
                        0x20002606     0x1  Data  Lc  zdo-channel.o [20]
updateParentToken       0x08011029    0x62  Code  Lc  association.o [20]
useOsc32k               0x20002fc4     0x1  Data  Gb  micro-common.o [1]
useXtalAsIs             0x20002681     0x1  Data  Lc  clocks.o [12]
vFillBuffer             0x0801869d   0x128  Code  Lc  client-api.o [1]
vcoLastTuneValueAvailable
                        0x20002fdf     0x1  Data  Gb  analogue-vco.o [20]
vcoTuneModDacError      0x08002439    0x24  Code  Lc  analogue-mod-dac.o [20]
verifyFib               0x08003481    0x24  Code  Lc  flash.o [12]
wakeupSleepTmrCnt       0x20002bcc     0x4  Data  Gb  sleep.o [1]
wakeupXtalState         0x20002680     0x1  Data  Gb  clocks.o [12]
walkDelayQueue          0x0800c17d    0xc8  Code  Lc  retry.o [20]
writeIdentifyTime       0x080194e9    0x18  Code  Lc  identify.o [1]
writeMessage            0x08006ef5    0xb0  Code  Lc  packet-buffer.o [20]
writePageCounters       0x08003e29    0x7e  Code  Lc  sim-eeprom-internal.o [12]
writeTokenBlockData     0x0800377d    0x58  Code  Lc  sim-eeprom-internal.o [12]
xorBufferBytesIntoBlock
                        0x0800cb73    0x82  Code  Lc  crypto.o [20]
xtalAboveLoThresholdUs  0x20002684     0x2  Data  Gb  clocks.o [12]
xtalUnstable            0x2000267f     0x1  Data  Gb  clocks.o [12]
zaNodeSecurityInit      0x08016ec1    0x7e  Code  Gb  af-node.o [1]
zaTrustCenterSecurityInit
                        0x08016dfd    0x7e  Code  Gb  af-trust-center.o [1]
zaTrustCenterSecurityPolicyInit
                        0x08016dd5    0x28  Code  Gb  af-trust-center.o [1]
zclBasicCommands        0x080215e4    0x28  Data  Gb  cli.o [1]
zclBasicRtfdCommand     0x0801d0c5     0x6  Code  Lc  cli.o [1]
zclBufferAddBuffer      0x0801b15f    0x1e  Code  Gb  zcl-cli.o [1]
zclBufferAddByte        0x0801b127    0x12  Code  Gb  zcl-cli.o [1]
zclBufferAddByteFromArgument
                        0x0801b185     0x8  Code  Gb  zcl-cli.o [1]
zclBufferAddInt32       0x0801b14b    0x14  Code  Gb  zcl-cli.o [1]
zclBufferAddInt32FromArgument
                        0x0801b1a9     0xc  Code  Gb  zcl-cli.o [1]
zclBufferAddInt8sFromArgument
                        0x0801b18d     0x6  Code  Gb  zcl-cli.o [1]
zclBufferAddLengthAndStringFromArgument
                        0x0801b1b5    0x26  Code  Gb  zcl-cli.o [1]
zclBufferAddWord        0x0801b139    0x12  Code  Gb  zcl-cli.o [1]
zclBufferAddWordFromArgument
                        0x0801b19b     0xe  Code  Gb  zcl-cli.o [1]
zclBufferSetup          0x0801b0dd    0x4a  Code  Gb  zcl-cli.o [1]
zclClusterNames         0x080149cc    0x70  Data  Gb  util.o [1]
zclCmdIsBuilt           0x20002c4c     0x1  Data  Gb  zcl-cli.o [1]
zclColorcontrolCommands
                        0x08021454   0x190  Data  Gb  cli.o [1]
zclColorcontrolEmovehueCommand
                        0x0801d0cb     0x4  Code  Lc  cli.o [1]
zclColorcontrolEmovehueCommandArguments
                        0x20002058     0xc  Data  Gb  cli.o [1]
zclColorcontrolEmovetohueCommand
                        0x0801d0cf     0x2  Code  Lc  cli.o [1]
zclColorcontrolEmovetohueCommandArguments
                        0x20002064    0x10  Data  Gb  cli.o [1]
zclColorcontrolEmovetohueandsatCommand
                        0x0801d0db     0x4  Code  Lc  cli.o [1]
zclColorcontrolEmovetohueandsatCommandArguments
                        0x20002074    0x10  Data  Gb  cli.o [1]
zclColorcontrolEstephueCommand
                        0x0801d0df     0x4  Code  Lc  cli.o [1]
zclColorcontrolEstephueCommandArguments
                        0x20002084    0x10  Data  Gb  cli.o [1]
zclColorcontrolLoopCommand
                        0x0801d0e3     0x4  Code  Lc  cli.o [1]
zclColorcontrolLoopCommandArguments
                        0x20002094    0x18  Data  Gb  cli.o [1]
zclColorcontrolMovecolorCommand
                        0x0801d0e7     0x4  Code  Lc  cli.o [1]
zclColorcontrolMovecolorCommandArguments
                        0x200020ac     0xc  Data  Gb  cli.o [1]
zclColorcontrolMovecolortempCommand
                        0x0801d0eb     0x4  Code  Lc  cli.o [1]
zclColorcontrolMovecolortempCommandArguments
                        0x200020b8    0x14  Data  Gb  cli.o [1]
zclColorcontrolMovehueCommand
                        0x0801d0ef     0x4  Code  Lc  cli.o [1]
zclColorcontrolMovehueCommandArguments
                        0x200020cc     0xc  Data  Gb  cli.o [1]
zclColorcontrolMovesatCommand
                        0x0801d0f3     0x4  Code  Lc  cli.o [1]
zclColorcontrolMovesatCommandArguments
                        0x200020d8     0xc  Data  Gb  cli.o [1]
zclColorcontrolMovetocolorCommand
                        0x0801d0f7     0x4  Code  Lc  cli.o [1]
zclColorcontrolMovetocolorCommandArguments
                        0x200020e4    0x10  Data  Gb  cli.o [1]
zclColorcontrolMovetocolortempCommand
                        0x0801d0fb     0x4  Code  Lc  cli.o [1]
zclColorcontrolMovetocolortempCommandArguments
                        0x200020f4     0xc  Data  Gb  cli.o [1]
zclColorcontrolMovetohueCommand
                        0x0801d0ff     0x4  Code  Lc  cli.o [1]
zclColorcontrolMovetohueCommandArguments
                        0x20002100    0x10  Data  Gb  cli.o [1]
zclColorcontrolMovetohueandsatCommand
                        0x0801d103     0x4  Code  Lc  cli.o [1]
zclColorcontrolMovetohueandsatCommandArguments
                        0x20002110    0x10  Data  Gb  cli.o [1]
zclColorcontrolMovetosatCommand
                        0x0801d107     0x4  Code  Lc  cli.o [1]
zclColorcontrolMovetosatCommandArguments
                        0x20002120     0xc  Data  Gb  cli.o [1]
zclColorcontrolStepcolorCommand
                        0x0801d10b     0x4  Code  Lc  cli.o [1]
zclColorcontrolStepcolorCommandArguments
                        0x2000212c    0x10  Data  Gb  cli.o [1]
zclColorcontrolStepcolortempCommand
                        0x0801d10f     0x4  Code  Lc  cli.o [1]
zclColorcontrolStepcolortempCommandArguments
                        0x2000213c    0x18  Data  Gb  cli.o [1]
zclColorcontrolStephueCommand
                        0x0801d113     0x4  Code  Lc  cli.o [1]
zclColorcontrolStephueCommandArguments
                        0x20002154    0x10  Data  Gb  cli.o [1]
zclColorcontrolStepsatCommand
                        0x0801d117     0x4  Code  Lc  cli.o [1]
zclColorcontrolStepsatCommandArguments
                        0x20002164    0x10  Data  Gb  cli.o [1]
zclColorcontrolStopmovestepCommand
                        0x0801d11b     0x4  Code  Lc  cli.o [1]
zclGlobalCommandDiscoveryCommand
                        0x0801b461    0x34  Code  Gb  zcl-cli.o [1]
zclGlobalCommands       0x08021350   0x104  Data  Gb  cli.o [1]
zclGlobalDirection      0x20002c4d     0x1  Data  Lc  zcl-cli.o [1]
zclGlobalDirectionCommand
                        0x0801b293    0x14  Code  Gb  zcl-cli.o [1]
zclGlobalDirectionCommandArguments
                        0x20001f88     0x8  Data  Gb  cli.o [1]
zclGlobalDiscComGenCommandArguments
                        0x20001f90    0x10  Data  Gb  cli.o [1]
zclGlobalDiscComRecCommandArguments
                        0x20001fa0    0x10  Data  Gb  cli.o [1]
zclGlobalDiscoverCommand
                        0x0801b301     0x4  Code  Gb  zcl-cli.o [1]
zclGlobalDiscoverCommandArguments
                        0x20001fb0    0x10  Data  Gb  cli.o [1]
zclGlobalExpectReportFromMeCommand
                        0x0801b435    0x22  Code  Gb  zcl-cli.o [1]
zclGlobalExpectReportFromMeCommandArguments
                        0x20001fc0    0x10  Data  Gb  cli.o [1]
zclGlobalNwriteCommandArguments
                        0x20001fd0    0x14  Data  Gb  cli.o [1]
zclGlobalReadCommand    0x0801b2a7     0x6  Code  Gb  zcl-cli.o [1]
zclGlobalReadCommandArguments
                        0x20001fe4     0xc  Data  Gb  cli.o [1]
zclGlobalReportCommand  0x0801b30f    0x9c  Code  Gb  zcl-cli.o [1]
zclGlobalReportCommandArguments
                        0x20001ff0    0x14  Data  Gb  cli.o [1]
zclGlobalReportReadCommand
                        0x0801b3ab    0x1c  Code  Gb  zcl-cli.o [1]
zclGlobalReportReadCommandArguments
                        0x20002004    0x10  Data  Gb  cli.o [1]
zclGlobalSendMeAReportCommand
                        0x0801b3c7    0x58  Code  Gb  zcl-cli.o [1]
zclGlobalSendMeAReportCommandArguments
                        0x20002014    0x1c  Data  Gb  cli.o [1]
zclGlobalSetup          0x0801b263    0x30  Code  Gb  zcl-cli.o [1]
zclGlobalUwriteCommandArguments
                        0x20002030    0x14  Data  Gb  cli.o [1]
zclGlobalWriteCommand   0x0801b2ad    0x4e  Code  Gb  zcl-cli.o [1]
zclGlobalWriteCommandArguments
                        0x20002044    0x14  Data  Gb  cli.o [1]
zclIdentifyCommands     0x080212d8    0x78  Data  Gb  cli.o [1]
zclIdentifyIdCommand    0x0801d11f     0x6  Code  Lc  cli.o [1]
zclIdentifyIdCommandArguments
                        0x20001f60     0x8  Data  Gb  cli.o [1]
zclIdentifyOffCommand   0x0801b4fb     0x8  Code  Gb  zcl-cli.o [1]
zclIdentifyOffCommandArguments
                        0x20001f68     0x8  Data  Gb  cli.o [1]
zclIdentifyOnCommand    0x0801b4e1    0x1a  Code  Gb  zcl-cli.o [1]
zclIdentifyOnCommandArguments
                        0x20001f70     0xc  Data  Gb  cli.o [1]
zclIdentifyQueryCommand
                        0x0801d125     0x6  Code  Lc  cli.o [1]
zclIdentifyTriggerCommand
                        0x0801d12b     0x6  Code  Lc  cli.o [1]
zclIdentifyTriggerCommandArguments
                        0x20001f7c     0xc  Data  Gb  cli.o [1]
zclLevelControlCommands
                        0x08021224    0xb4  Data  Gb  cli.o [1]
zclLevelControlMoveCommand
                        0x0801d131     0x6  Code  Lc  cli.o [1]
zclLevelControlMoveCommandArguments
                        0x20001f10     0xc  Data  Gb  cli.o [1]
zclLevelControlMvToLevelCommand
                        0x0801d137     0x6  Code  Lc  cli.o [1]
zclLevelControlMvToLevelCommandArguments
                        0x20001f1c     0xc  Data  Gb  cli.o [1]
zclLevelControlOMoveCommand
                        0x0801d13d     0x6  Code  Lc  cli.o [1]
zclLevelControlOMoveCommandArguments
                        0x20001f28     0xc  Data  Gb  cli.o [1]
zclLevelControlOMvToLevelCommand
                        0x0801d143     0x6  Code  Lc  cli.o [1]
zclLevelControlOMvToLevelCommandArguments
                        0x20001f34     0xc  Data  Gb  cli.o [1]
zclLevelControlOStepCommand
                        0x0801d149     0x6  Code  Lc  cli.o [1]
zclLevelControlOStepCommandArguments
                        0x20001f40    0x10  Data  Gb  cli.o [1]
zclLevelControlOStopCommand
                        0x0801d14f     0x6  Code  Lc  cli.o [1]
zclLevelControlStepCommand
                        0x0801d155     0x6  Code  Lc  cli.o [1]
zclLevelControlStepCommandArguments
                        0x20001f50    0x10  Data  Gb  cli.o [1]
zclLevelControlStopCommand
                        0x0801d15b     0x6  Code  Lc  cli.o [1]
zclMfgCodeCommand       0x0801b4a1    0x2c  Code  Gb  zcl-cli.o [1]
zclOnOffCommands        0x08021198    0x8c  Data  Gb  cli.o [1]
zclOnOffOffCommand      0x0801d161     0x6  Code  Lc  cli.o [1]
zclOnOffOffeffectCommand
                        0x0801d167     0x6  Code  Lc  cli.o [1]
zclOnOffOffeffectCommandArguments
                        0x20001ef4     0xc  Data  Gb  cli.o [1]
zclOnOffOnCommand       0x0801d16d     0x6  Code  Lc  cli.o [1]
zclOnOffOnrecallCommand
                        0x0801d173     0x6  Code  Lc  cli.o [1]
zclOnOffOntimedoffCommand
                        0x0801d179     0x6  Code  Lc  cli.o [1]
zclOnOffOntimedoffCommandArguments
                        0x20001f00    0x10  Data  Gb  cli.o [1]
zclOnOffToggleCommand   0x0801d17f     0x6  Code  Lc  cli.o [1]
zclSimpleCommand        0x0801b1db    0x88  Code  Gb  zcl-cli.o [1]
zclSmCommands           0x0802115c    0x3c  Data  Gb  cli.o [1]
zclSmFpCommand          0x0801d185     0x8  Code  Lc  cli.o [1]
zclSmFpCommandArguments
                        0x20001ed8     0xc  Data  Gb  cli.o [1]
zclSmGpCommand          0x0801d18d     0x8  Code  Lc  cli.o [1]
zclSmGpCommandArguments
                        0x20001ee4    0x10  Data  Gb  cli.o [1]
zclTestCommands         0x08021134    0x28  Data  Gb  cli.o [1]
zclTestResponseOffCommand
                        0x0801b49b     0x6  Code  Gb  zcl-cli.o [1]
zclTestResponseOnCommand
                        0x0801b495     0x6  Code  Gb  zcl-cli.o [1]
zclTimeCommand          0x0801b4cd     0xe  Code  Gb  zcl-cli.o [1]
zdoActiveEpCommand      0x0801c973    0x24  Code  Gb  zdo-cli.o [1]
zdoAddClusterCommand    0x0801c83f    0x36  Code  Gb  zdo-cli.o [1]
zdoBindCommand          0x0801c7cb    0x74  Code  Gb  zdo-cli.o [1]
zdoClearClusterCommand  0x0801c87b    0x1a  Code  Gb  zdo-cli.o [1]
zdoIeeeAddressRequestCommand
                        0x0801c713    0x12  Code  Gb  zdo-cli.o [1]
zdoInClListAddCommandArguments
                        0x20001e58     0x8  Data  Gb  cli.o [1]
zdoInClListCommands     0x08020f90    0x3c  Data  Gb  cli.o [1]
zdoInClusters           0x20002c58     0xc  Data  Lc  zdo-cli.o [1]
zdoLeaveRequestCommand  0x0801c997    0x4a  Code  Gb  zdo-cli.o [1]
zdoMatchCommand         0x0801c769    0x38  Code  Gb  zdo-cli.o [1]
zdoNetworkUpdateChannelCommand
                        0x0801c8a7    0x38  Code  Gb  zdo-cli.o [1]
zdoNetworkUpdateScanCommand
                        0x0801c8e1    0x4c  Code  Gb  zdo-cli.o [1]
zdoNetworkUpdateSetCommand
                        0x0801c949    0x24  Code  Gb  zdo-cli.o [1]
zdoNodeCommand          0x0801c747    0x1c  Code  Gb  zdo-cli.o [1]
zdoNwkAddressRequestCommand
                        0x0801c6fd    0x16  Code  Gb  zdo-cli.o [1]
zdoNwkUpdChanCommandArguments
                        0x20001e34     0x8  Data  Gb  cli.o [1]
zdoNwkUpdCommands       0x08020f40    0x50  Data  Gb  cli.o [1]
zdoNwkUpdScanCommandArguments
                        0x20001e3c    0x10  Data  Gb  cli.o [1]
zdoNwkUpdSetCommandArguments
                        0x20001e4c     0xc  Data  Gb  cli.o [1]
zdoOutClListAddCommandArguments
                        0x20001e2c     0x8  Data  Gb  cli.o [1]
zdoOutClListCommands    0x08020f04    0x3c  Data  Gb  cli.o [1]
zdoOutClusters          0x20002c64     0xc  Data  Lc  zdo-cli.o [1]
zdoPowerDescriptorRequestCommand
                        0x0801c9e1    0x20  Code  Gb  zdo-cli.o [1]
zdoRouteRequestCommand  0x0801cad3    0x26  Code  Gb  zdo-cli.o [1]
zdoSimpleCommand        0x0801c725    0x22  Code  Gb  zdo-cli.o [1]
zdoUnbindCommands       0x08020ec8    0x3c  Data  Gb  cli.o [1]
zdoUnbindGroupCommand   0x0801ca8d    0x18  Code  Gb  zdo-cli.o [1]
zdoUnbindGroupCommandArguments
                        0x20001df8    0x18  Data  Gb  cli.o [1]
zdoUnbindUnicastCommand
                        0x0801caa5    0x2e  Code  Gb  zdo-cli.o [1]
zdoUnbindUnicastCommandArguments
                        0x20001e10    0x1c  Data  Gb  cli.o [1]
zigDevApsStruct         0x20002dfc     0x4  Data  Lc  zigbee-device-util.o [20]
zigDevRequestRadius     0x200026b7     0x1  Data  Gb  zigbee-device-common.o [1]
zigDevRequestSequence   0x20002fce     0x1  Data  Lc  zigbee-device-common.o [1]
zigDevRequestSequence   0x20002df8     0x1  Data  Lc  zigbee-device-util.o [20]


[1] = D:\Tools\zigbee\Ember\EmberZNet5.3.0-GA\em35x\build\ZclGateway
[2] = command line
[3] = alarm-stub-library.a
[4] = binding-table-library.a
[5] = cbke-163k1-stub-library.a
[6] = cbke-283k1-stub-library.a
[7] = cbke-library-dsa-sign-stub.a
[8] = cbke-library-dsa-verify-stub.a
[9] = cbke-stub-library.a
[10] = dl7M_tln.a
[11] = end-device-bind-library.a
[12] = hal-library.a
[13] = install-code-library-stub.a
[14] = multi-network-stub-library.a
[15] = packet-validate-library.a
[16] = rf4ce-stack-stub-library.a
[17] = rt7M_tl.a
[18] = security-library-core.a
[19] = security-library-link-keys-stub.a
[20] = zigbee-pro-stack.a
[21] = zll-stub-library.a

  118 788 bytes of readonly  code memory
   26 085 bytes of readonly  data memory
   18 724 bytes of readwrite data memory

Errors: none
Warnings: none
