###############################################################################
#                                                                             #
# IAR ELF Linker V6.50.5.4819/W32 for ARM               11/Apr/2017  17:31:11 #
# Copyright 2007-2013 IAR Systems AB.                                         #
#                                                                             #
#    Output file  =  D:\Tools\Sengled\Ember\EmberZNet5.3.0-GA\em35x\build\ICo #
#                    ntrolDimmableLamp\IControlDimmableLamp.out               #
#    Map file     =  D:\Tools\Sengled\Ember\EmberZNet5.3.0-GA\em35x\build\ICo #
#                    ntrolDimmableLamp\IControlDimmableLamp.map               #
#    Command line =  D:\Tools\Sengled\Ember\EmberZNet5.3.0-GA\em35x\build\ICo #
#                    ntrolDimmableLamp\IControlDimmableLamp_callbacks.o       #
#                    D:\Tools\Sengled\Ember\EmberZNet5.3.0-GA\em35x\build\ICo #
#                    ntrolDimmableLamp\IcontrolDimmableLampApp.o              #
#                    D:\Tools\Sengled\Ember\EmberZNet5.3.0-GA\em35x\build\ICo #
#                    ntrolDimmableLamp\adc.o D:\Tools\Sengled\Ember\EmberZNet #
#                    5.3.0-GA\em35x\build\IControlDimmableLamp\address-table- #
#                    cli.o D:\Tools\Sengled\Ember\EmberZNet5.3.0-GA\em35x\bui #
#                    ld\IControlDimmableLamp\address-table-management.o       #
#                    D:\Tools\Sengled\Ember\EmberZNet5.3.0-GA\em35x\build\ICo #
#                    ntrolDimmableLamp\address-table-soc.o                    #
#                    D:\Tools\Sengled\Ember\EmberZNet5.3.0-GA\em35x\build\ICo #
#                    ntrolDimmableLamp\af-event.o                             #
#                    D:\Tools\Sengled\Ember\EmberZNet5.3.0-GA\em35x\build\ICo #
#                    ntrolDimmableLamp\af-main-common.o                       #
#                    D:\Tools\Sengled\Ember\EmberZNet5.3.0-GA\em35x\build\ICo #
#                    ntrolDimmableLamp\af-main-soc.o                          #
#                    D:\Tools\Sengled\Ember\EmberZNet5.3.0-GA\em35x\build\ICo #
#                    ntrolDimmableLamp\af-node.o                              #
#                    D:\Tools\Sengled\Ember\EmberZNet5.3.0-GA\em35x\build\ICo #
#                    ntrolDimmableLamp\af-security-common.o                   #
#                    D:\Tools\Sengled\Ember\EmberZNet5.3.0-GA\em35x\build\ICo #
#                    ntrolDimmableLamp\af-trust-center.o                      #
#                    D:\Tools\Sengled\Ember\EmberZNet5.3.0-GA\em35x\build\ala #
#                    rm-stub-library-cortexm3-iar-em357-em3xx\alarm-stub-libr #
#                    ary.a D:\Tools\Sengled\Ember\EmberZNet5.3.0-GA\em35x\bui #
#                    ld\IControlDimmableLamp\attribute-size.o                 #
#                    D:\Tools\Sengled\Ember\EmberZNet5.3.0-GA\em35x\build\ICo #
#                    ntrolDimmableLamp\attribute-storage.o                    #
#                    D:\Tools\Sengled\Ember\EmberZNet5.3.0-GA\em35x\build\ICo #
#                    ntrolDimmableLamp\attribute-table.o                      #
#                    D:\Tools\Sengled\Ember\EmberZNet5.3.0-GA\em35x\build\ICo #
#                    ntrolDimmableLamp\basic.o D:\Tools\Sengled\Ember\EmberZN #
#                    et5.3.0-GA\em35x\build\binding-table-library-cortexm3-ia #
#                    r-em357-em3xx\binding-table-library.a                    #
#                    D:\Tools\Sengled\Ember\EmberZNet5.3.0-GA\em35x\build\ICo #
#                    ntrolDimmableLamp\bootloader-interface-app.o             #
#                    D:\Tools\Sengled\Ember\EmberZNet5.3.0-GA\em35x\build\ICo #
#                    ntrolDimmableLamp\bootloader-interface.o                 #
#                    D:\Tools\Sengled\Ember\EmberZNet5.3.0-GA\em35x\build\ICo #
#                    ntrolDimmableLamp\button.o D:\Tools\Sengled\Ember\EmberZ #
#                    Net5.3.0-GA\em35x\build\IControlDimmableLamp\buzzer.o    #
#                    D:\Tools\Sengled\Ember\EmberZNet5.3.0-GA\em35x\build\ICo #
#                    ntrolDimmableLamp\call-command-handler.o                 #
#                    D:\Tools\Sengled\Ember\EmberZNet5.3.0-GA\em35x\build\ICo #
#                    ntrolDimmableLamp\callback-stub.o                        #
#                    D:\Tools\Sengled\Ember\EmberZNet5.3.0-GA\em35x\build\ICo #
#                    ntrolDimmableLamp\callbacks.o                            #
#                    D:\Tools\Sengled\Ember\EmberZNet5.3.0-GA\em35x\build\cbk #
#                    e-163k1-stub-library-cortexm3-iar-em357-em3xx\cbke-163k1 #
#                    -stub-library.a D:\Tools\Sengled\Ember\EmberZNet5.3.0-GA #
#                    \em35x\build\cbke-283k1-stub-library-cortexm3-iar-em357- #
#                    em3xx\cbke-283k1-stub-library.a                          #
#                    D:\Tools\Sengled\Ember\EmberZNet5.3.0-GA\em35x\build\cbk #
#                    e-library-dsa-sign-stub-cortexm3-iar-em357-em3xx\cbke-li #
#                    brary-dsa-sign-stub.a D:\Tools\Sengled\Ember\EmberZNet5. #
#                    3.0-GA\em35x\build\cbke-library-dsa-verify-stub-cortexm3 #
#                    -iar-em357-em3xx\cbke-library-dsa-verify-stub.a          #
#                    D:\Tools\Sengled\Ember\EmberZNet5.3.0-GA\em35x\build\cbk #
#                    e-stub-library-cortexm3-iar-em357-em3xx\cbke-stub-librar #
#                    y.a D:\Tools\Sengled\Ember\EmberZNet5.3.0-GA\em35x\build #
#                    \IControlDimmableLamp\cli.o                              #
#                    D:\Tools\Sengled\Ember\EmberZNet5.3.0-GA\em35x\build\ICo #
#                    ntrolDimmableLamp\client-api.o                           #
#                    D:\Tools\Sengled\Ember\EmberZNet5.3.0-GA\em35x\build\ICo #
#                    ntrolDimmableLamp\command-interpreter2.o                 #
#                    D:\Tools\Sengled\Ember\EmberZNet5.3.0-GA\em35x\build\ICo #
#                    ntrolDimmableLamp\core-cli.o                             #
#                    D:\Tools\Sengled\Ember\EmberZNet5.3.0-GA\em35x\build\ICo #
#                    ntrolDimmableLamp\counters-cli.o                         #
#                    D:\Tools\Sengled\Ember\EmberZNet5.3.0-GA\em35x\build\ICo #
#                    ntrolDimmableLamp\counters-ota.o                         #
#                    D:\Tools\Sengled\Ember\EmberZNet5.3.0-GA\em35x\build\ICo #
#                    ntrolDimmableLamp\counters-soc.o                         #
#                    D:\Tools\Sengled\Ember\EmberZNet5.3.0-GA\em35x\build\ICo #
#                    ntrolDimmableLamp\crc.o D:\Tools\Sengled\Ember\EmberZNet #
#                    5.3.0-GA\em35x\build\IControlDimmableLamp\crypto-state.o #
#                     D:\Tools\Sengled\Ember\EmberZNet5.3.0-GA\em35x\build\IC #
#                    ontrolDimmableLamp\cstartup-iar-common.o                 #
#                    D:\Tools\Sengled\Ember\EmberZNet5.3.0-GA\em35x\build\ICo #
#                    ntrolDimmableLamp\diagnostic-server-soc.o                #
#                    D:\Tools\Sengled\Ember\EmberZNet5.3.0-GA\em35x\build\ICo #
#                    ntrolDimmableLamp\diagnostic.o                           #
#                    D:\Tools\Sengled\Ember\EmberZNet5.3.0-GA\em35x\build\ICo #
#                    ntrolDimmableLamp\eeprom-cli.o                           #
#                    D:\Tools\Sengled\Ember\EmberZNet5.3.0-GA\em35x\build\ICo #
#                    ntrolDimmableLamp\eeprom.o D:\Tools\Sengled\Ember\EmberZ #
#                    Net5.3.0-GA\em35x\build\IControlDimmableLamp\em_usbd.o   #
#                    D:\Tools\Sengled\Ember\EmberZNet5.3.0-GA\em35x\build\ICo #
#                    ntrolDimmableLamp\em_usbdch9.o                           #
#                    D:\Tools\Sengled\Ember\EmberZNet5.3.0-GA\em35x\build\ICo #
#                    ntrolDimmableLamp\em_usbdep.o                            #
#                    D:\Tools\Sengled\Ember\EmberZNet5.3.0-GA\em35x\build\ICo #
#                    ntrolDimmableLamp\em_usbhal.o                            #
#                    D:\Tools\Sengled\Ember\EmberZNet5.3.0-GA\em35x\build\ICo #
#                    ntrolDimmableLamp\em_usbint.o                            #
#                    D:\Tools\Sengled\Ember\EmberZNet5.3.0-GA\em35x\build\ICo #
#                    ntrolDimmableLamp\ember-configuration.o                  #
#                    D:\Tools\Sengled\Ember\EmberZNet5.3.0-GA\em35x\build\end #
#                    -device-bind-stub-library-cortexm3-iar-em357-em3xx\end-d #
#                    evice-bind-stub-library.a D:\Tools\Sengled\Ember\EmberZN #
#                    et5.3.0-GA\em35x\build\IControlDimmableLamp\end-device-m #
#                    ove.o D:\Tools\Sengled\Ember\EmberZNet5.3.0-GA\em35x\bui #
#                    ld\IControlDimmableLamp\end-device-support-cli.o         #
#                    D:\Tools\Sengled\Ember\EmberZNet5.3.0-GA\em35x\build\ICo #
#                    ntrolDimmableLamp\end-device-support.o                   #
#                    D:\Tools\Sengled\Ember\EmberZNet5.3.0-GA\em35x\build\ICo #
#                    ntrolDimmableLamp\endian.o D:\Tools\Sengled\Ember\EmberZ #
#                    Net5.3.0-GA\em35x\build\IControlDimmableLamp\ez-mode.o   #
#                    D:\Tools\Sengled\Ember\EmberZNet5.3.0-GA\em35x\build\ICo #
#                    ntrolDimmableLamp\faults.o D:\Tools\Sengled\Ember\EmberZ #
#                    Net5.3.0-GA\em35x\build\IControlDimmableLamp\form-and-jo #
#                    in-node-adapter.o D:\Tools\Sengled\Ember\EmberZNet5.3.0- #
#                    GA\em35x\build\IControlDimmableLamp\form-and-join.o      #
#                    D:\Tools\Sengled\Ember\EmberZNet5.3.0-GA\em35x\build\ICo #
#                    ntrolDimmableLamp\groups-server-cli.o                    #
#                    D:\Tools\Sengled\Ember\EmberZNet5.3.0-GA\em35x\build\ICo #
#                    ntrolDimmableLamp\groups-server.o                        #
#                    D:\Tools\Sengled\Ember\EmberZNet5.3.0-GA\em35x\build\hal #
#                    -library-cortexm3-iar-em357-em3xx\hal-library.a          #
#                    D:\Tools\Sengled\Ember\EmberZNet5.3.0-GA\em35x\build\ICo #
#                    ntrolDimmableLamp\identify-cli.o                         #
#                    D:\Tools\Sengled\Ember\EmberZNet5.3.0-GA\em35x\build\ICo #
#                    ntrolDimmableLamp\identify.o                             #
#                    D:\Tools\Sengled\Ember\EmberZNet5.3.0-GA\em35x\build\ICo #
#                    ntrolDimmableLamp\idle-sleep-cli.o                       #
#                    D:\Tools\Sengled\Ember\EmberZNet5.3.0-GA\em35x\build\ICo #
#                    ntrolDimmableLamp\idle-sleep-soc.o                       #
#                    D:\Tools\Sengled\Ember\EmberZNet5.3.0-GA\em35x\build\ICo #
#                    ntrolDimmableLamp\idle-sleep.o                           #
#                    D:\Tools\Sengled\Ember\EmberZNet5.3.0-GA\em35x\build\ins #
#                    tall-code-library-stub-cortexm3-iar-em357-em3xx\install- #
#                    code-library-stub.a D:\Tools\Sengled\Ember\EmberZNet5.3. #
#                    0-GA\em35x\build\IControlDimmableLamp\isr-stubs.o        #
#                    D:\Tools\Sengled\Ember\EmberZNet5.3.0-GA\em35x\build\ICo #
#                    ntrolDimmableLamp\led.o D:\Tools\Sengled\Ember\EmberZNet #
#                    5.3.0-GA\em35x\build\IControlDimmableLamp\level-control. #
#                    o D:\Tools\Sengled\Ember\EmberZNet5.3.0-GA\em35x\build\I #
#                    ControlDimmableLamp\library.o                            #
#                    D:\Tools\Sengled\Ember\EmberZNet5.3.0-GA\em35x\build\ICo #
#                    ntrolDimmableLamp\mem-util.o                             #
#                    D:\Tools\Sengled\Ember\EmberZNet5.3.0-GA\em35x\build\ICo #
#                    ntrolDimmableLamp\message.o                              #
#                    D:\Tools\Sengled\Ember\EmberZNet5.3.0-GA\em35x\build\ICo #
#                    ntrolDimmableLamp\mfg-token.o                            #
#                    D:\Tools\Sengled\Ember\EmberZNet5.3.0-GA\em35x\build\ICo #
#                    ntrolDimmableLamp\micro-common.o                         #
#                    D:\Tools\Sengled\Ember\EmberZNet5.3.0-GA\em35x\build\ICo #
#                    ntrolDimmableLamp\micro.o D:\Tools\Sengled\Ember\EmberZN #
#                    et5.3.0-GA\em35x\build\IControlDimmableLamp\mpu.o        #
#                    D:\Tools\Sengled\Ember\EmberZNet5.3.0-GA\em35x\build\mul #
#                    ti-network-stub-library-cortexm3-iar-em357-em3xx\multi-n #
#                    etwork-stub-library.a D:\Tools\Sengled\Ember\EmberZNet5. #
#                    3.0-GA\em35x\build\IControlDimmableLamp\multi-network.o  #
#                    D:\Tools\Sengled\Ember\EmberZNet5.3.0-GA\em35x\build\ICo #
#                    ntrolDimmableLamp\network-cli.o                          #
#                    D:\Tools\Sengled\Ember\EmberZNet5.3.0-GA\em35x\build\ICo #
#                    ntrolDimmableLamp\network-find.o                         #
#                    D:\Tools\Sengled\Ember\EmberZNet5.3.0-GA\em35x\build\ICo #
#                    ntrolDimmableLamp\on-off.o D:\Tools\Sengled\Ember\EmberZ #
#                    Net5.3.0-GA\em35x\build\IControlDimmableLamp\option-cli. #
#                    o D:\Tools\Sengled\Ember\EmberZNet5.3.0-GA\em35x\build\I #
#                    ControlDimmableLamp\ota-bootload-cli.o                   #
#                    D:\Tools\Sengled\Ember\EmberZNet5.3.0-GA\em35x\build\ICo #
#                    ntrolDimmableLamp\ota-bootload-soc.o                     #
#                    D:\Tools\Sengled\Ember\EmberZNet5.3.0-GA\em35x\build\ICo #
#                    ntrolDimmableLamp\ota-client-cli.o                       #
#                    D:\Tools\Sengled\Ember\EmberZNet5.3.0-GA\em35x\build\ICo #
#                    ntrolDimmableLamp\ota-client-page-request.o              #
#                    D:\Tools\Sengled\Ember\EmberZNet5.3.0-GA\em35x\build\ICo #
#                    ntrolDimmableLamp\ota-client-policy.o                    #
#                    D:\Tools\Sengled\Ember\EmberZNet5.3.0-GA\em35x\build\ICo #
#                    ntrolDimmableLamp\ota-client-signature-verify.o          #
#                    D:\Tools\Sengled\Ember\EmberZNet5.3.0-GA\em35x\build\ICo #
#                    ntrolDimmableLamp\ota-client.o                           #
#                    D:\Tools\Sengled\Ember\EmberZNet5.3.0-GA\em35x\build\ICo #
#                    ntrolDimmableLamp\ota-common.o                           #
#                    D:\Tools\Sengled\Ember\EmberZNet5.3.0-GA\em35x\build\ICo #
#                    ntrolDimmableLamp\ota-storage-common-cli.o               #
#                    D:\Tools\Sengled\Ember\EmberZNet5.3.0-GA\em35x\build\ICo #
#                    ntrolDimmableLamp\ota-storage-common.o                   #
#                    D:\Tools\Sengled\Ember\EmberZNet5.3.0-GA\em35x\build\ICo #
#                    ntrolDimmableLamp\ota-storage-eeprom-page-erase.o        #
#                    D:\Tools\Sengled\Ember\EmberZNet5.3.0-GA\em35x\build\ICo #
#                    ntrolDimmableLamp\ota-storage-eeprom-read-modify-write.o #
#                     D:\Tools\Sengled\Ember\EmberZNet5.3.0-GA\em35x\build\IC #
#                    ontrolDimmableLamp\ota-storage-eeprom.o                  #
#                    D:\Tools\Sengled\Ember\EmberZNet5.3.0-GA\em35x\build\ICo #
#                    ntrolDimmableLamp\ota-storage-simple-simulation.o        #
#                    D:\Tools\Sengled\Ember\EmberZNet5.3.0-GA\em35x\build\ICo #
#                    ntrolDimmableLamp\ota-storage-simple.o                   #
#                    D:\Tools\Sengled\Ember\EmberZNet5.3.0-GA\em35x\build\pac #
#                    ket-validate-library-cortexm3-iar-em357-em3xx-debug\pack #
#                    et-validate-library.a D:\Tools\Sengled\Ember\EmberZNet5. #
#                    3.0-GA\em35x\build\IControlDimmableLamp\plugin-cli.o     #
#                    D:\Tools\Sengled\Ember\EmberZNet5.3.0-GA\em35x\build\ICo #
#                    ntrolDimmableLamp\polling-common.o                       #
#                    D:\Tools\Sengled\Ember\EmberZNet5.3.0-GA\em35x\build\ICo #
#                    ntrolDimmableLamp\polling-soc.o                          #
#                    D:\Tools\Sengled\Ember\EmberZNet5.3.0-GA\em35x\build\ICo #
#                    ntrolDimmableLamp\print-formatter.o                      #
#                    D:\Tools\Sengled\Ember\EmberZNet5.3.0-GA\em35x\build\ICo #
#                    ntrolDimmableLamp\print.o D:\Tools\Sengled\Ember\EmberZN #
#                    et5.3.0-GA\em35x\build\IControlDimmableLamp\process-clus #
#                    ter-message.o D:\Tools\Sengled\Ember\EmberZNet5.3.0-GA\e #
#                    m35x\build\IControlDimmableLamp\process-global-message.o #
#                     D:\Tools\Sengled\Ember\EmberZNet5.3.0-GA\em35x\build\IC #
#                    ontrolDimmableLamp\pwm-control.o                         #
#                    D:\Tools\Sengled\Ember\EmberZNet5.3.0-GA\em35x\build\ICo #
#                    ntrolDimmableLamp\random.o D:\Tools\Sengled\Ember\EmberZ #
#                    Net5.3.0-GA\em35x\build\IControlDimmableLamp\reporting-c #
#                    li.o D:\Tools\Sengled\Ember\EmberZNet5.3.0-GA\em35x\buil #
#                    d\IControlDimmableLamp\reporting.o                       #
#                    D:\Tools\Sengled\Ember\EmberZNet5.3.0-GA\em35x\build\rf4 #
#                    ce-stack-stub-library-cortexm3-iar-em357-em3xx\rf4ce-sta #
#                    ck-stub-library.a D:\Tools\Sengled\Ember\EmberZNet5.3.0- #
#                    GA\em35x\build\IControlDimmableLamp\scenes-cli.o         #
#                    D:\Tools\Sengled\Ember\EmberZNet5.3.0-GA\em35x\build\ICo #
#                    ntrolDimmableLamp\scenes.o D:\Tools\Sengled\Ember\EmberZ #
#                    Net5.3.0-GA\em35x\build\IControlDimmableLamp\security-ad #
#                    dress-cache.o D:\Tools\Sengled\Ember\EmberZNet5.3.0-GA\e #
#                    m35x\build\IControlDimmableLamp\security-cli.o           #
#                    D:\Tools\Sengled\Ember\EmberZNet5.3.0-GA\em35x\build\sec #
#                    urity-library-core-cortexm3-iar-em357-em3xx\security-lib #
#                    rary-core.a D:\Tools\Sengled\Ember\EmberZNet5.3.0-GA\em3 #
#                    5x\build\security-library-link-keys-cortexm3-iar-em357-e #
#                    m3xx\security-library-link-keys.a                        #
#                    D:\Tools\Sengled\Ember\EmberZNet5.3.0-GA\em35x\build\ICo #
#                    ntrolDimmableLamp\serial.o D:\Tools\Sengled\Ember\EmberZ #
#                    Net5.3.0-GA\em35x\build\IControlDimmableLamp\service-dis #
#                    covery-common.o D:\Tools\Sengled\Ember\EmberZNet5.3.0-GA #
#                    \em35x\build\IControlDimmableLamp\service-discovery-soc. #
#                    o D:\Tools\Sengled\Ember\EmberZNet5.3.0-GA\em35x\build\I #
#                    ControlDimmableLamp\sim-eeprom.o                         #
#                    D:\Tools\Sengled\Ember\EmberZNet5.3.0-GA\em35x\build\ICo #
#                    ntrolDimmableLamp\simple-metering-server-cli.o           #
#                    D:\Tools\Sengled\Ember\EmberZNet5.3.0-GA\em35x\build\ICo #
#                    ntrolDimmableLamp\simple-metering-server.o               #
#                    D:\Tools\Sengled\Ember\EmberZNet5.3.0-GA\em35x\build\ICo #
#                    ntrolDimmableLamp\simple-metering-test.o                 #
#                    D:\Tools\Sengled\Ember\EmberZNet5.3.0-GA\em35x\build\ICo #
#                    ntrolDimmableLamp\sleep.o D:\Tools\Sengled\Ember\EmberZN #
#                    et5.3.0-GA\em35x\build\IControlDimmableLamp\stack-handle #
#                    r-stub.o D:\Tools\Sengled\Ember\EmberZNet5.3.0-GA\em35x\ #
#                    build\IControlDimmableLamp\token-def.o                   #
#                    D:\Tools\Sengled\Ember\EmberZNet5.3.0-GA\em35x\build\ICo #
#                    ntrolDimmableLamp\token.o D:\Tools\Sengled\Ember\EmberZN #
#                    et5.3.0-GA\em35x\build\IControlDimmableLamp\uart.o       #
#                    D:\Tools\Sengled\Ember\EmberZNet5.3.0-GA\em35x\build\ICo #
#                    ntrolDimmableLamp\util.o D:\Tools\Sengled\Ember\EmberZNe #
#                    t5.3.0-GA\em35x\build\IControlDimmableLamp\zcl-cli.o     #
#                    D:\Tools\Sengled\Ember\EmberZNet5.3.0-GA\em35x\build\ICo #
#                    ntrolDimmableLamp\zdo-cli.o                              #
#                    D:\Tools\Sengled\Ember\EmberZNet5.3.0-GA\em35x\build\ICo #
#                    ntrolDimmableLamp\zigbee-device-common.o                 #
#                    D:\Tools\Sengled\Ember\EmberZNet5.3.0-GA\em35x\build\ICo #
#                    ntrolDimmableLamp\zigbee-device-library.o                #
#                    D:\Tools\Sengled\Ember\EmberZNet5.3.0-GA\em35x\build\zig #
#                    bee-pro-leaf-stack-cortexm3-iar-em357-em3xx-debug\zigbee #
#                    -pro-leaf-stack.a D:\Tools\Sengled\Ember\EmberZNet5.3.0- #
#                    GA\em35x\build\zll-stub-library-cortexm3-iar-em357-em3xx #
#                    \zll-stub-library.a --redirect _Printf=_PrintfFull       #
#                    --redirect _Scanf=_ScanfFull -o                          #
#                    D:\Tools\Sengled\Ember\EmberZNet5.3.0-GA\em35x\build\ICo #
#                    ntrolDimmableLamp\IControlDimmableLamp.out --config_def  #
#                    APP_BTL=1 --map D:\Tools\Sengled\Ember\EmberZNet5.3.0-GA #
#                    \em35x\build\IControlDimmableLamp\IControlDimmableLamp.m #
#                    ap --log initialization,modules,sections,veneers         #
#                    --log_file D:\Tools\Sengled\Ember\EmberZNet5.3.0-GA\em35 #
#                    x\build\IControlDimmableLamp\IControlDimmableLamp.log    #
#                    --config D:\Tools\Sengled\Ember\EmberZNet5.3.0-GA\em35x\ #
#                    app\builder\IControlDimmableLamp/../../../hal/micro/cort #
#                    exm3/em35x/em357/iar-cfg.icf --diag_suppress Lp012       #
#                    --entry halEntryPoint --vfe                              #
#                                                                             #
#                                                                             #
###############################################################################

*******************************************************************************
*** MESSAGES
***

Error[Li006]: duplicate definitions for "ActivePowerDelayEventControl"; in "D:\
          Tools\Sengled\Ember\EmberZNet5.3.0-GA\em35x\build\IControlDimmableLam
          p\IControlDimmableLamp_callbacks.o", and "D:\Tools\Sengled\Ember\Embe
          rZNet5.3.0-GA\em35x\build\IControlDimmableLamp\IcontrolDimmableLampAp
          p.o"
Error[Li006]: duplicate definitions for "ActivePowerDelayEventFunction"; in "D:
          \Tools\Sengled\Ember\EmberZNet5.3.0-GA\em35x\build\IControlDimmableLa
          mp\IControlDimmableLamp_callbacks.o", and "D:\Tools\Sengled\Ember\Emb
          erZNet5.3.0-GA\em35x\build\IControlDimmableLamp\IcontrolDimmableLampA
          pp.o"
Error[Li006]: duplicate definitions for "JoinTheNetworkEventControl"; in "D:\To
          ols\Sengled\Ember\EmberZNet5.3.0-GA\em35x\build\IControlDimmableLamp\
          IControlDimmableLamp_callbacks.o", and "D:\Tools\Sengled\Ember\EmberZ
          Net5.3.0-GA\em35x\build\IControlDimmableLamp\IcontrolDimmableLampApp.
          o"
Error[Li006]: duplicate definitions for "JoinTheNetworkEventFunction"; in "D:\T
          ools\Sengled\Ember\EmberZNet5.3.0-GA\em35x\build\IControlDimmableLamp
          \IControlDimmableLamp_callbacks.o", and "D:\Tools\Sengled\Ember\Ember
          ZNet5.3.0-GA\em35x\build\IControlDimmableLamp\IcontrolDimmableLampApp
          .o"
Error[Li006]: duplicate definitions for "PowerConsumptionEventControl"; in "D:\
          Tools\Sengled\Ember\EmberZNet5.3.0-GA\em35x\build\IControlDimmableLam
          p\IControlDimmableLamp_callbacks.o", and "D:\Tools\Sengled\Ember\Embe
          rZNet5.3.0-GA\em35x\build\IControlDimmableLamp\IcontrolDimmableLampAp
          p.o"
Error[Li006]: duplicate definitions for "PowerConsumptionEventFunction"; in "D:
          \Tools\Sengled\Ember\EmberZNet5.3.0-GA\em35x\build\IControlDimmableLa
          mp\IControlDimmableLamp_callbacks.o", and "D:\Tools\Sengled\Ember\Emb
          erZNet5.3.0-GA\em35x\build\IControlDimmableLamp\IcontrolDimmableLampA
          pp.o"
Error[Li006]: duplicate definitions for "WritePowerAttributeEventControl"; in "
          D:\Tools\Sengled\Ember\EmberZNet5.3.0-GA\em35x\build\IControlDimmable
          Lamp\IControlDimmableLamp_callbacks.o", and "D:\Tools\Sengled\Ember\E
          mberZNet5.3.0-GA\em35x\build\IControlDimmableLamp\IcontrolDimmableLam
          pApp.o"
Error[Li006]: duplicate definitions for "WritePowerAttributeEventFunction"; in 
          "D:\Tools\Sengled\Ember\EmberZNet5.3.0-GA\em35x\build\IControlDimmabl
          eLamp\IControlDimmableLamp_callbacks.o", and "D:\Tools\Sengled\Ember\
          EmberZNet5.3.0-GA\em35x\build\IControlDimmableLamp\IcontrolDimmableLa
          mpApp.o"
Error[Li006]: duplicate definitions for "buttonEventControl"; in "D:\Tools\Seng
          led\Ember\EmberZNet5.3.0-GA\em35x\build\IControlDimmableLamp\IControl
          DimmableLamp_callbacks.o", and "D:\Tools\Sengled\Ember\EmberZNet5.3.0
          -GA\em35x\build\IControlDimmableLamp\IcontrolDimmableLampApp.o"
Error[Li006]: duplicate definitions for "buttonEventHandler"; in "D:\Tools\Seng
          led\Ember\EmberZNet5.3.0-GA\em35x\build\IControlDimmableLamp\IControl
          DimmableLamp_callbacks.o", and "D:\Tools\Sengled\Ember\EmberZNet5.3.0
          -GA\em35x\build\IControlDimmableLamp\IcontrolDimmableLampApp.o"
Error[Li006]: duplicate definitions for
          "emberAfPluginBasicResetToFactoryDefaultsCallback"; in "D:\Tools\Seng
          led\Ember\EmberZNet5.3.0-GA\em35x\build\IControlDimmableLamp\IControl
          DimmableLamp_callbacks.o", and "D:\Tools\Sengled\Ember\EmberZNet5.3.0
          -GA\em35x\build\IControlDimmableLamp\IcontrolDimmableLampApp.o"
Error[Li006]: duplicate definitions for
          "emberAfPluginIdentifyFeedbackProvideFeedbackEventControl"; in "D:\To
          ols\Sengled\Ember\EmberZNet5.3.0-GA\em35x\build\IControlDimmableLamp\
          IControlDimmableLamp_callbacks.o", and "D:\Tools\Sengled\Ember\EmberZ
          Net5.3.0-GA\em35x\build\IControlDimmableLamp\IcontrolDimmableLampApp.
          o"
Error[Li006]: duplicate definitions for
          "emberAfPluginIdentifyFeedbackProvideFeedbackEventHandler"; in "D:\To
          ols\Sengled\Ember\EmberZNet5.3.0-GA\em35x\build\IControlDimmableLamp\
          IControlDimmableLamp_callbacks.o", and "D:\Tools\Sengled\Ember\EmberZ
          Net5.3.0-GA\em35x\build\IControlDimmableLamp\IcontrolDimmableLampApp.
          o"
Error[Li006]: duplicate definitions for "emberAfPreMessageReceivedCallback"; in "D:\Tools\Sengled\Ember\EmberZNet5.3.0-GA\em35x\build\IControlDimmableLamp\IControlDimmableLamp_callbacks.o"
          , and "D:\Tools\Sengled\Ember\EmberZNet5.3.0-GA\em35x\build\IControlD
          immableLamp\IcontrolDimmableLampApp.o"
Error[Li005]: no definition for "sengledAfMainInit" [referenced from D:\Tools\S
          engled\Ember\EmberZNet5.3.0-GA\em35x\build\IControlDimmableLamp\af-ma
          in-soc.o]


*******************************************************************************
*** RUNTIME MODEL ATTRIBUTES
***

CppFlavor       = *
__SystemLibrary = DLib


*******************************************************************************
*** PLACEMENT SUMMARY
***

"BAT": place at 0x08000000 { section BAT };
"HEADERS":
       place at start of [0x08002000-0x080020ff] { block HEADER_block };
"APP ro":
       place at start of [0x08002100-0x0802ffff] { block APPRO_block };
"NVM&SIMEE":
       place at end of [0x08002100-0x0802ffff] {
          zi section NVM, zi section SIMEE, zi section INTERNAL_STORAGE };
"FAT": place at 0x08040000 { section FAT };
"DEBUGCHAN":
       place at start of [0x20002ff0-0x20002fff] { rw section DEBUG_CHANNEL };
"APP rw":
       place at end of [0x20000000-0x20002fef] { block APPRW_block };
"Heap":
       place at start of [0x20000000-0x20002fef] { overlay EMHEAP_overlay };
"Guard":
       place in [from 0x20000000 to 0x20002fef] { rw section GUARD_REGION };

  Section                 Kind        Address     Size  Object
  -------                 ----        -------     ----  ------
"BAT":                                            0x54
  BAT                     uninit   0x08000000     0x54  cstartup-iar-common.o [1]
                                 - 0x08000054     0x54

"HEADERS":                                        0xac
  HEADER_block                     0x08002000     0xac  <Block>
    AAT                   const    0x08002000     0xac  cstartup-iar-common.o [1]
                                 - 0x080020ac     0xac

"APP ro":                                      0x24254
  APPRO_block                      0x08002100  0x24254  <Block>
    .intvec               const    0x08002100     0x90  cstartup-iar-common.o [1]
    .text                          0x08002190  0x1df98  <Block>
      .text               ro code  0x08002190    0x718  IcontrolDimmableLampApp.o [1]
      .text               ro code  0x080028a8     0xc4  pwm-control.o [1]
      .text               ro code  0x0800296c    0x4fc  attribute-table.o [1]
      .text               ro code  0x08002e68    0x100  system-timer.o [12]
      .text               ro code  0x08002f68     0xe0  micro-common.o [1]
      .text               ro code  0x08003048    0x258  event-control.o [20]
      .text               ro code  0x080032a0    0xce0  attribute-storage.o [1]
      .text               ro code  0x08003f80    0x140  print.o [1]
      .text               ro code  0x080040c0    0x490  af-main-soc.o [1]
      .text               ro code  0x08004550    0x2a4  adc.o [1]
      .text               ro code  0x080047f4    0x274  micro.o [1]
      .text               ro code  0x08004a68      0xc  spmr.o [12]
      .text               ro code  0x08004a74      0x6  spmr.o [12]
      .text               ro code  0x08004a7a      0x2  identify-cli.o [1]
      .text               ro code  0x08004a7c    0xb4c  diagnostic.o [1]
      .text               ro code  0x080055c8     0x92  callback-stub.o [1]
      .text               ro code  0x0800565c    0x120  message.o [1]
      .text               ro code  0x0800577c     0x4c  attribute-size.o [1]
      .text               ro code  0x080057c8     0xd2  mem-util.o [1]
      .text               ro code  0x0800589c    0x6b8  util.o [1]
      .text               ro code  0x08005f54    0x830  reporting.o [1]
      .text               ro code  0x08006784      0x8  spmr.o [12]
      .text               ro code  0x0800678c    0x660  sleep.o [1]
      .text               ro code  0x08006dec    0x454  clocks.o [12]
      .text               ro code  0x08007240    0x1f0  micro-common-internal.o [12]
      .text               ro code  0x08007430      0xe  spmr.o [12]
      .text               ro code  0x08007440     0x64  multi-network.o [1]
      .text               ro code  0x080074a4    0x254  af-event.o [1]
      .text               ro code  0x080076f8    0x208  ember-multi-network-stub.o [14]
      .text               ro code  0x08007900    0x158  token.o [1]
      .text               ro code  0x08007a58    0x478  serial.o [1]
      .text               ro code  0x08007ed0     0x94  cstartup-iar-common.o [1]
      .text               ro code  0x08007f64    0x45c  zigbee-stack.o [20]
      .text               ro code  0x080083c0    0x684  af-main-common.o [1]
      .text               ro code  0x08008a44     0x10  security-address-cache.o [1]
      .text               ro code  0x08008a54    0x7b4  command-interpreter2.o [1]
      .text               ro code  0x08009208    0x5b4  analogue.o [20]
      .text               ro code  0x080097bc     0xf4  mfg-token.o [1]
      .text               ro code  0x080098b0    0x1d8  ember-stack-common.o [20]
      .text               ro code  0x08009a88    0x928  application-support.o [20]
      .text               ro code  0x0800a3b0     0xe4  zigbee-dispatch.o [20]
      .text               ro code  0x0800a494    0x400  address-table.o [20]
      .text               ro code  0x0800a894    0x298  zigbee-device-library.o [1]
      .text               ro code  0x0800ab2c    0x4b0  binding-table.o [4]
      .text               ro code  0x0800afdc    0x6bc  packet-buffer.o [20]
      .text               ro code  0x0800b698   0x15b4  association.o [20]
      .text               ro code  0x0800cc4c     0x76  ABImemcpy.o [17]
      .text               ro code  0x0800ccc4    0x302  form-and-join.o [1]
      .text               ro code  0x0800cfc8    0x2ac  uart.o [1]
      .text               ro code  0x0800d274    0x138  button.o [1]
      .text               ro code  0x0800d3ac    0x19c  micro-internal.o [12]
      .text               ro code  0x0800d548    0x5ac  phy.o [20]
      .text               ro code  0x0800daf4    0x3f4  debug.o [20]
      .text               ro code  0x0800dee8     0x66  ABImemset.o [17]
      .text               ro code  0x0800df50     0x76  polling-soc.o [1]
      .text               ro code  0x0800dfc8     0x48  idle-sleep-soc.o [1]
      .text               ro code  0x0800e010    0x1f4  client-api.o [1]
      .text               ro code  0x0800e204     0x8a  address-table-soc.o [1]
      .text               ro code  0x0800e290    0x15c  counters-soc.o [1]
      .text               ro code  0x0800e3ec    0x150  end-device-support.o [1]
      .text               ro code  0x0800e53c    0x158  network-find.o [1]
      .text               ro code  0x0800e694     0x10  crypto-state.o [1]
      .text               ro code  0x0800e6a4    0x3fc  groups-server.o [1]
      .text               ro code  0x0800eaa0     0x42  process-cluster-message.o [1]
      .text               ro code  0x0800eae4    0x456  process-global-message.o [1]
      .text               ro code  0x0800ef3c      0x4  spmr.o [12]
      .text               ro code  0x0800ef40     0x74  mpu.o [1]
      .text               ro code  0x0800efb4      0x4  spmr.o [12]
      .text               ro code  0x0800efb8      0xe  spmr.o [12]
      .text               ro code  0x0800efc8      0x8  context-switch.o [12]
      .text               ro code  0x0800efd0    0x11c  caladc.o [12]
      .text               ro code  0x0800f0ec    0x89c  phy-common.o [20]
      .text               ro code  0x0800f988     0x48  random.o [1]
      .text               ro code  0x0800f9d0    0x450  mac.o [20]
      .text               ro code  0x0800fe20     0x50  rf4ce-stack-stubs.o [16]
      .text               ro code  0x0800fe70    0x410  mac-arbiter.o [20]
      .text               ro code  0x08010280     0xb4  ember-configuration.o [1]
      .text               ro code  0x08010334    0x1b4  sim-eeprom.o [1]
      .text               ro code  0x080104e8    0xaf0  sim-eeprom-internal.o [12]
      .text               ro code  0x08010fd8    0x290  debug-jtag.o [20]
      .text               ro code  0x08011268     0x80  ember-library.o [20]
      .text               ro code  0x080112e8     0x12  phy-util.o [20]
      .text               ro code  0x080112fc   0x1504  network.o [20]
      .text               ro code  0x08012800      0x6  cbke-crypto-engine-163k1-stub.o [5]
      .text               ro code  0x08012806      0x6  cbke-crypto-engine-283k1-stub.o [6]
      .text               ro code  0x0801280c     0x32  zll-stubs.o [21]
      .text               ro code  0x08012840    0x150  broadcast.o [20]
      .text               ro code  0x08012990     0xd4  leaf-routing-stub.o [20]
      .text               ro code  0x08012a64    0x2c8  mac-receive.o [20]
      .text               ro code  0x08012d2c    0x17c  child-aging.o [20]
      .text               ro code  0x08012ea8     0x1c  mac-indirect-stub.o [20]
      .text               ro code  0x08012ec4    0x370  zdo-channel.o [20]
      .text               ro code  0x08013234    0x93c  aps-retry.o [20]
      .text               ro code  0x08013b70      0xe  cbke-crypto-engine-stub.o [9]
      .text               ro code  0x08013b80    0x28a  retry.o [20]
      .text               ro code  0x08013e0a     0x36  child-stub.o [20]
      .text               ro code  0x08013e40    0x640  neighbor.o [20]
      .text               ro code  0x08014480    0x500  aps-keys.o [18]
      .text               ro code  0x08014980    0x1f4  zigbee-neighbor.o [20]
      .text               ro code  0x08014b74     0x12  IControlDimmableLamp_callbacks.o [1]
      .text               ro code  0x08014b88    0x2d6  service-discovery-common.o [1]
      .text               ro code  0x08014e60     0x98  af-security-common.o [1]
      .text               ro code  0x08014ef8    0xca8  aps-security.o [18]
      .text               ro code  0x08015ba0    0x180  token-cache.o [20]
      .text               ro code  0x08015d20     0xd8  end-device-move.o [1]
      .text               ro code  0x08015df8    0xc98  ota-client.o [1]
      .text               ro code  0x08016a90     0x58  af-trust-center.o [1]
      .text               ro code  0x08016ae8     0x7c  af-node.o [1]
      .text               ro code  0x08016b64    0x108  core-cli.o [1]
      .text               ro code  0x08016c6c     0xec  analogue-cell-bias.o [20]
      .text               ro code  0x08016d58     0x50  analogue-filter.o [20]
      .text               ro code  0x08016da8     0xd0  analogue-vco.o [20]
      .text               ro code  0x08016e78    0x268  analogue-mod-dac.o [20]
      .text               ro code  0x080170e0    0x1aa  analogue-lna.o [20]
      .text               ro code  0x0801728c    0x120  flash.o [12]
      .text               ro code  0x080173ac    0x344  management.o [20]
      .text               ro code  0x080176f0      0x4  cbke-crypto-engine-dsa-sign-stub.o [7]
      .text               ro code  0x080176f4    0x580  zigbee-packet-header.o [20]
      .text               ro code  0x08017c74    0x24c  packet-header.o [20]
      .text               ro code  0x08017ec0    0x314  aps-encryption.o [18]
      .text               ro code  0x080181d4    0x398  packet-validate.o [15]
      .text               ro code  0x0801856c    0x62c  zigbee-device-util.o [20]
      .text               ro code  0x08018b98      0xa  alarm-stub.o [3]
      .text               ro code  0x08018ba4    0x106  zigbee-device-common.o [1]
      .text               ro code  0x08018caa      0x8  high-security-stub.o [18]
      .text               ro code  0x08018cb4    0x3a8  leave.o [20]
      .text               ro code  0x0801905c    0x2ec  random-id.o [20]
      .text               ro code  0x08019348    0x400  scan.o [20]
      .text               ro code  0x08019748     0x40  child-table.o [20]
      .text               ro code  0x08019788    0x370  command.o [20]
      .text               ro code  0x08019af8    0x488  trust-center-util.o [18]
      .text               ro code  0x08019f80     0x68  form-and-join-node-adapter.o [1]
      .text               ro code  0x08019fe8    0x1cc  mac-em250.o [20]
      .text               ro code  0x0801a1b4     0xae  aes.o [20]
      .text               ro code  0x0801a262      0x8  abs.o [10]
      .text               ro code  0x0801a26c     0x70  polling-common.o [1]
      .text               ro code  0x0801a2dc     0x90  idle-sleep.o [1]
      .text               ro code  0x0801a36c      0x6  ABImemclr4.o [17]
      .text               ro code  0x0801a374    0x8b4  scenes.o [1]
      .text               ro code  0x0801ac28    0x4a4  call-command-handler.o [1]
      .text               ro code  0x0801b0cc     0x18  eui64.o [20]
      .text               ro code  0x0801b0e4     0x5c  symbol-timer.o [20]
      .text               ro code  0x0801b140    0x288  jit.o [20]
      .text               ro code  0x0801b3c8     0x24  crc.o [1]
      .text               ro code  0x0801b3ec     0x64  unicast-table.o [20]
      .text               ro code  0x0801b450    0x598  crypto.o [20]
      .text               ro code  0x0801b9e8     0x44  byte-utilities.o [20]
      .text               ro code  0x0801ba2c     0x5e  led.o [1]
      .text               ro code  0x0801ba8c    0x330  mac-header.o [20]
      .text               ro code  0x0801bdbc    0x148  route-error.o [20]
      .text               ro code  0x0801bf04     0xd8  security-config-mfg-3xx.o [18]
      .text               ro code  0x0801bfdc    0x348  aps-keys-full.o [19]
      .text               ro code  0x0801c324     0x62  hmac.o [18]
      .text               ro code  0x0801c386     0x56  service-discovery-soc.o [1]
      .text               ro code  0x0801c3dc      0x4  install-code-stub.o [13]
      .text               ro code  0x0801c3e0      0x8  aps-skke-stub.o [18]
      .text               ro code  0x0801c3e8    0x330  ota-storage-simple.o [1]
      .text               ro code  0x0801c718     0x80  ota-client-policy.o [1]
      .text               ro code  0x0801c798     0x20  ota-client-page-request.o [1]
      .text               ro code  0x0801c7b8     0xb6  ota-common.o [1]
      .text               ro code  0x0801c870    0x2b0  ota-storage-eeprom-page-erase.o [1]
      .text               ro code  0x0801cb20    0x224  ota-storage-eeprom.o [1]
      .text               ro code  0x0801cd44    0x188  ota-storage-common.o [1]
      .text               ro code  0x0801cecc      0x4  ota-client-signature-verify.o [1]
      .text               ro code  0x0801ced0    0x15c  aes-mmo.o [18]
      .text               ro code  0x0801d02c    0x84c  zigbee-device.o [20]
      .text               ro code  0x0801d878      0x8  end-device-bind-stub.o [11]
      .text               ro code  0x0801d880     0x32  ABImemset48.o [17]
      .text               ro code  0x0801d8b4     0x28  basic.o [1]
      .text               ro code  0x0801d8dc    0x230  ez-mode.o [1]
      .text               ro code  0x0801db0c    0x134  identify.o [1]
      .text               ro code  0x0801dc40     0xbe  on-off.o [1]
      .text               ro code  0x0801dd00    0x4f8  level-control.o [1]
      .text               ro code  0x0801e1f8     0x90  simple-metering-server.o [1]
      .text               ro code  0x0801e288    0x246  eeprom.o [1]
      .text               ro code  0x0801e4d0    0x1a8  bootloader-interface-app.o [1]
      .text               ro code  0x0801e678      0xa  ota-bootload-soc.o [1]
      .text               ro code  0x0801e682     0x38  eeprom-cli.o [1]
      .text               ro code  0x0801e6bc    0x1c4  zdo-binding-table.o [4]
      .text               ro code  0x0801e880      0x8  simple-metering-test.o [1]
      .text               ro code  0x0801e888    0x114  print-formatter.o [1]
      .text               ro code  0x0801e99c     0x40  bootloader-interface.o [1]
      .text               ro code  0x0801e9dc     0x98  buzzer.o [1]
      .text               ro code  0x0801ea74     0x32  counters-cli.o [1]
      .text               ro code  0x0801eaa8     0x5c  end-device-support-cli.o [1]
      .text               ro code  0x0801eb04     0x80  faults.o [1]
      .text               ro code  0x0801eb84     0x28  idle-sleep-cli.o [1]
      .text               ro code  0x0801ebac      0x0  isr-stubs.o [1]
      .text               ro code  0x0801ebac      0x0  isr-stubs.o [1]
      .text               ro code  0x0801ebac      0x0  isr-stubs.o [1]
      .text               ro code  0x0801ebac      0x0  isr-stubs.o [1]
      .text               ro code  0x0801ebac      0x0  isr-stubs.o [1]
      .text               ro code  0x0801ebac      0x0  isr-stubs.o [1]
      .text               ro code  0x0801ebac      0x0  isr-stubs.o [1]
      .text               ro code  0x0801ebac      0x0  isr-stubs.o [1]
      .text               ro code  0x0801ebac      0x0  isr-stubs.o [1]
      .text               ro code  0x0801ebac      0x0  isr-stubs.o [1]
      .text               ro code  0x0801ebac      0x0  isr-stubs.o [1]
      .text               ro code  0x0801ebac      0x0  isr-stubs.o [1]
      .text               ro code  0x0801ebac      0x0  isr-stubs.o [1]
      .text               ro code  0x0801ebac      0x4  isr-stubs.o [1]
      .text               ro code  0x0801ebb0    0x120  library.o [1]
      .text               ro code  0x0801ecd0    0x108  network-cli.o [1]
      .text               ro code  0x0801edd8    0x24c  option-cli.o [1]
      .text               ro code  0x0801f024     0x2c  ota-bootload-cli.o [1]
      .text               ro code  0x0801f050     0x70  ota-client-cli.o [1]
      .text               ro code  0x0801f0c0    0x114  ota-storage-common-cli.o [1]
      .text               ro code  0x0801f1d4     0xf4  security-cli.o [1]
      .text               ro code  0x0801f2c8    0x77c  zcl-cli.o [1]
      .text               ro code  0x0801fa44    0x3b0  zdo-cli.o [1]
      .text               ro code  0x0801fdf4    0x1cc  cstartup-iar.o [12]
      .text               ro code  0x0801ffc0      0x6  ABImemclr.o [17]
      .text               ro code  0x0801ffc8     0x10  context-switch.o [12]
      .text               ro code  0x0801ffd8     0x38  context-switch.o [12]
      .text               ro code  0x08020010     0x18  cal-pads.o [20]
      .text               ro code  0x08020028     0x3c  address-table-cli.o [1]
      .text               ro code  0x08020064     0x22  cli.o [1]
      .text               ro code  0x08020086     0x14  groups-server-cli.o [1]
      .text               ro code  0x0802009a     0x8e  reporting-cli.o [1]
    .rodata               const    0x08020128     0x50  af-main-common.o [1]
    .rodata               const    0x08020178     0x88  attribute-storage.o [1]
    .rodata               const    0x08020200   0x4e3c  cli.o [1]
    .rodata               const    0x0802503c     0x84  command-interpreter2.o [1]
    .rodata               const    0x080250c0    0x4f0  diagnostic.o [1]
    .rodata               const    0x080255b0      0x3  ember-configuration.o [1]
    .rodata               const    0x080255b3      0x1  binding-table.o [4]
    .rodata               const    0x080255b4     0xcc  library.o [1]
    .rodata               const    0x08025680      0xc  ota-common.o [1]
    .rodata               const    0x0802568c     0x7c  print.o [1]
    .rodata               const    0x08025708      0x8  serial.o [1]
    .rodata               const    0x08025710     0x34  sim-eeprom.o [1]
    .rodata               const    0x08025744    0x35c  token-def.o [1]
    .rodata               const    0x08025aa0      0x8  ember-version.o [20]
    .rodata               const    0x08025aa8      0xc  leaf-routing-stub.o [20]
    .rodata               const    0x08025ab4      0x8  rf4ce-stack-stubs.o [16]
    .rodata               const    0x08025abc     0x1e  mfg-token.o [1]
    .rodata               const    0x08025ada      0x2  micro-common.o [1]
    .rodata               const    0x08025adc      0x1  aps-keys-full.o [19]
    .rodata               const    0x08025add      0x1  zll-stubs.o [21]
    .rodata               const    0x08025ade      0x1  ember-library.o [20]
    .rodata               const    0x08025adf      0x1  trust-center-util.o [18]
    .rodata               const    0x08025ae0      0x1  aps-skke-stub.o [18]
    .rodata               const    0x08025ae1      0x1  cbke-crypto-engine-stub.o [9]
    .rodata               const    0x08025ae2      0x1  install-code-stub.o [13]
    .rodata               const    0x08025ae3      0x1  end-device-bind-stub.o [11]
    .rodata               const    0x08025ae4      0x1  cbke-crypto-engine-dsa-sign-stub.o [7]
    .rodata               const    0x08025ae5      0x1  packet-validate.o [15]
    .rodata               const    0x08025ae6      0x1  alarm-stub.o [3]
    .rodata               const    0x08025ae7      0x1  cbke-crypto-engine-163k1-stub.o [5]
    .rodata               const    0x08025ae8      0x1  cbke-crypto-engine-283k1-stub.o [6]
    .rodata               const    0x08025ae9      0x1  cbke-crypto-engine-dsa-verify-stub.o [8]
    .data_init                     0x08025aec    0x868  <Block>
      Initializer bytes   ro data  0x08025aec    0x868  <for .data-1> (used: 0x0)
                                 - 0x08026354  0x24254

"NVM&SIMEE":                                    0x2000
  SIMEE                            0x0802e000   0x2000  <Block>
    SIMEE                 uninit   0x0802e000   0x2000  sim-eeprom.o [1]
                                 - 0x08030000   0x2000

"FAT":                                            0x2c
  FAT                     uninit   0x08040000     0x2c  cstartup-iar-common.o [1]
                                 - 0x0804002c     0x2c

"Heap":                                          0xd80
  EMHEAP_overlay                   0x20000000    0xd68  <Overlay>
    part 1:
      EMHEAP              uninit   0x20000000    0xd68  ember-configuration.o [1]
    part 2:
      RESETINFO                    0x20000000     0x98  <Block>
        RESETINFO         const    0x20000000      0x0  faults.o [1]
        RESETINFO         const    0x20000000      0x0  isr-stubs.o [1]
        RESETINFO         const    0x20000000      0x0  spmr.o [12]
        RESETINFO         const    0x20000000      0x0  context-switch.o [12]
        RESETINFO         uninit   0x20000000     0x98  cstartup-iar-common.o [1]
                                 - 0x20000d68    0xd68

"Guard":                                          0x20
  GUARD_REGION            uninit   0x20000d80     0x20  cstartup-iar-common.o [1]
                                 - 0x20000da0     0x20

"APP rw":                                       0x1e39
  APPRW_block                      0x200011b0   0x1e39  <Block>
    ALIGN_CSTACK                   0x200011b0    0x960  <Block>
      CSTACK                       0x200011b0    0x960  <Block>
        CSTACK            const    0x200011b0      0x0  faults.o [1]
        CSTACK            const    0x200011b0      0x0  isr-stubs.o [1]
        CSTACK            const    0x200011b0      0x0  spmr.o [12]
        CSTACK            const    0x200011b0      0x0  context-switch.o [12]
        CSTACK            uninit   0x200011b0    0x960  cstartup-iar-common.o [1]
    .data                          0x20001b10    0x868  <Block>
      .data-1                      0x20001b10    0x866  <Init block>
        .data             inited   0x20001b10     0x34  IcontrolDimmableLampApp.o [1]
        .data             inited   0x20001b44     0x24  IcontrolDimmableLampApp.o [1]
        .data             inited   0x20001b68     0x34  af-event.o [1]
        .data             inited   0x20001b9c      0x1  af-main-common.o [1]
        .data             inited   0x20001b9d      0x1  af-main-common.o [1]
        .data             inited   0x20001b9e      0x1  af-main-soc.o [1]
        .data             inited   0x20001b9f      0x1  af-security-common.o [1]
        .data             inited   0x20001ba0      0x8  buzzer.o [1]
        .data             inited   0x20001ba8     0x18  cli.o [1]
        .data             inited   0x20001bc0     0x1c  cli.o [1]
        .data             inited   0x20001bdc      0x8  cli.o [1]
        .data             inited   0x20001be4      0x8  cli.o [1]
        .data             inited   0x20001bec     0x10  cli.o [1]
        .data             inited   0x20001bfc      0xc  cli.o [1]
        .data             inited   0x20001c08      0x8  cli.o [1]
        .data             inited   0x20001c10      0x8  cli.o [1]
        .data             inited   0x20001c18     0x1c  cli.o [1]
        .data             inited   0x20001c34      0x8  cli.o [1]
        .data             inited   0x20001c3c     0x10  cli.o [1]
        .data             inited   0x20001c4c      0xc  cli.o [1]
        .data             inited   0x20001c58      0x8  cli.o [1]
        .data             inited   0x20001c60      0x8  cli.o [1]
        .data             inited   0x20001c68      0x8  cli.o [1]
        .data             inited   0x20001c70      0xc  cli.o [1]
        .data             inited   0x20001c7c      0xc  cli.o [1]
        .data             inited   0x20001c88      0x8  cli.o [1]
        .data             inited   0x20001c90      0x8  cli.o [1]
        .data             inited   0x20001c98      0xc  cli.o [1]
        .data             inited   0x20001ca4      0xc  cli.o [1]
        .data             inited   0x20001cb0      0x8  cli.o [1]
        .data             inited   0x20001cb8     0x10  cli.o [1]
        .data             inited   0x20001cc8     0x10  cli.o [1]
        .data             inited   0x20001cd8     0x10  cli.o [1]
        .data             inited   0x20001ce8     0x10  cli.o [1]
        .data             inited   0x20001cf8     0x14  cli.o [1]
        .data             inited   0x20001d0c      0xc  cli.o [1]
        .data             inited   0x20001d18     0x14  cli.o [1]
        .data             inited   0x20001d2c     0x10  cli.o [1]
        .data             inited   0x20001d3c     0x1c  cli.o [1]
        .data             inited   0x20001d58     0x14  cli.o [1]
        .data             inited   0x20001d6c     0x14  cli.o [1]
        .data             inited   0x20001d80      0x8  cli.o [1]
        .data             inited   0x20001d88      0x8  cli.o [1]
        .data             inited   0x20001d90      0xc  cli.o [1]
        .data             inited   0x20001d9c     0x20  cli.o [1]
        .data             inited   0x20001dbc      0x8  cli.o [1]
        .data             inited   0x20001dc4      0xc  cli.o [1]
        .data             inited   0x20001dd0      0x8  cli.o [1]
        .data             inited   0x20001dd8      0x8  cli.o [1]
        .data             inited   0x20001de0      0x8  cli.o [1]
        .data             inited   0x20001de8      0x8  cli.o [1]
        .data             inited   0x20001df0      0x8  cli.o [1]
        .data             inited   0x20001df8      0x8  cli.o [1]
        .data             inited   0x20001e00      0x8  cli.o [1]
        .data             inited   0x20001e08      0x8  cli.o [1]
        .data             inited   0x20001e10      0x8  cli.o [1]
        .data             inited   0x20001e18      0x8  cli.o [1]
        .data             inited   0x20001e20      0xc  cli.o [1]
        .data             inited   0x20001e2c      0x8  cli.o [1]
        .data             inited   0x20001e34      0x8  cli.o [1]
        .data             inited   0x20001e3c      0x8  cli.o [1]
        .data             inited   0x20001e44     0x18  cli.o [1]
        .data             inited   0x20001e5c     0x10  cli.o [1]
        .data             inited   0x20001e6c      0xc  cli.o [1]
        .data             inited   0x20001e78      0x8  cli.o [1]
        .data             inited   0x20001e80     0x10  cli.o [1]
        .data             inited   0x20001e90     0x10  cli.o [1]
        .data             inited   0x20001ea0      0x8  cli.o [1]
        .data             inited   0x20001ea8      0x8  cli.o [1]
        .data             inited   0x20001eb0      0x8  cli.o [1]
        .data             inited   0x20001eb8     0x10  cli.o [1]
        .data             inited   0x20001ec8     0x10  cli.o [1]
        .data             inited   0x20001ed8      0x8  cli.o [1]
        .data             inited   0x20001ee0      0xc  cli.o [1]
        .data             inited   0x20001eec      0x8  cli.o [1]
        .data             inited   0x20001ef4      0x8  cli.o [1]
        .data             inited   0x20001efc     0x10  cli.o [1]
        .data             inited   0x20001f0c     0x14  cli.o [1]
        .data             inited   0x20001f20     0x10  cli.o [1]
        .data             inited   0x20001f30      0x8  cli.o [1]
        .data             inited   0x20001f38      0x8  cli.o [1]
        .data             inited   0x20001f40      0x8  cli.o [1]
        .data             inited   0x20001f48      0x8  cli.o [1]
        .data             inited   0x20001f50      0x8  cli.o [1]
        .data             inited   0x20001f58      0x8  cli.o [1]
        .data             inited   0x20001f60      0x8  cli.o [1]
        .data             inited   0x20001f68      0x8  cli.o [1]
        .data             inited   0x20001f70      0xc  cli.o [1]
        .data             inited   0x20001f7c     0x14  cli.o [1]
        .data             inited   0x20001f90     0x10  cli.o [1]
        .data             inited   0x20001fa0      0xc  cli.o [1]
        .data             inited   0x20001fac     0x10  cli.o [1]
        .data             inited   0x20001fbc     0x1c  cli.o [1]
        .data             inited   0x20001fd8      0x1  command-interpreter2.o [1]
        .data             inited   0x20001fdc     0x20  command-interpreter2.o [1]
        .data             inited   0x20001ffc     0x12  eeprom.o [1]
        .data             inited   0x2000200e      0x1  ember-configuration.o [1]
        .data             inited   0x2000200f      0x1  ember-configuration.o [1]
        .data             inited   0x20002010      0x4  ember-configuration.o [1]
        .data             inited   0x20002014      0x4  ember-configuration.o [1]
        .data             inited   0x20002018      0x4  ember-configuration.o [1]
        .data             inited   0x2000201c      0x4  ember-configuration.o [1]
        .data             inited   0x20002020      0x4  ember-configuration.o [1]
        .data             inited   0x20002024      0x1  ember-configuration.o [1]
        .data             inited   0x20002028      0x4  ember-configuration.o [1]
        .data             inited   0x2000202c      0x1  ember-configuration.o [1]
        .data             inited   0x20002030      0x4  ember-configuration.o [1]
        .data             inited   0x20002034      0x4  ember-configuration.o [1]
        .data             inited   0x20002038      0x4  ember-configuration.o [1]
        .data             inited   0x2000203c      0x1  ember-configuration.o [1]
        .data             inited   0x20002040      0x4  ember-configuration.o [1]
        .data             inited   0x20002044      0x1  ember-configuration.o [1]
        .data             inited   0x20002048      0x4  ember-configuration.o [1]
        .data             inited   0x2000204c      0x1  ember-configuration.o [1]
        .data             inited   0x20002050      0x4  ember-configuration.o [1]
        .data             inited   0x20002054      0x1  ember-configuration.o [1]
        .data             inited   0x20002058      0x4  ember-configuration.o [1]
        .data             inited   0x2000205c      0x4  ember-configuration.o [1]
        .data             inited   0x20002060      0x1  ember-configuration.o [1]
        .data             inited   0x20002064      0x4  ember-configuration.o [1]
        .data             inited   0x20002068      0x1  ember-configuration.o [1]
        .data             inited   0x2000206c      0x4  ember-configuration.o [1]
        .data             inited   0x20002070      0x1  ember-configuration.o [1]
        .data             inited   0x20002074      0x4  ember-configuration.o [1]
        .data             inited   0x20002078      0x2  ember-configuration.o [1]
        .data             inited   0x2000207a      0x1  ember-configuration.o [1]
        .data             inited   0x2000207b      0x1  ember-configuration.o [1]
        .data             inited   0x2000207c      0x4  ember-configuration.o [1]
        .data             inited   0x20002080      0x1  ember-configuration.o [1]
        .data             inited   0x20002081      0x1  ember-configuration.o [1]
        .data             inited   0x20002082      0x1  ember-configuration.o [1]
        .data             inited   0x20002083      0x1  ember-configuration.o [1]
        .data             inited   0x20002084      0x1  ember-configuration.o [1]
        .data             inited   0x20002086      0x2  ember-configuration.o [1]
        .data             inited   0x20002088      0x1  ember-configuration.o [1]
        .data             inited   0x20002089      0x1  ember-configuration.o [1]
        .data             inited   0x2000208a      0x1  ember-configuration.o [1]
        .data             inited   0x2000208b      0x1  ember-configuration.o [1]
        .data             inited   0x2000208c      0xc  form-and-join-node-adapter.o [1]
        .data             inited   0x20002098     0x44  library.o [1]
        .data             inited   0x200020dc     0x28  micro.o [1]
        .data             inited   0x20002104     0x40  mpu.o [1]
        .data             inited   0x20002144      0x2  option-cli.o [1]
        .data             inited   0x20002148     0x28  ota-client.o [1]
        .data             inited   0x20002170      0x1  ota-client.o [1]
        .data             inited   0x20002174      0xc  ota-common.o [1]
        .data             inited   0x20002180      0x8  ota-storage-eeprom-page-erase.o [1]
        .data             inited   0x20002188     0x24  print.o [1]
        .data             inited   0x200021ac      0x1  print.o [1]
        .data             inited   0x200021ae      0x4  random.o [1]
        .data             inited   0x200021b4     0x20  security-cli.o [1]
        .data             inited   0x200021d4     0x2c  serial.o [1]
        .data             inited   0x20002200     0x20  util.o [1]
        .data             inited   0x20002220      0x1  util.o [1]
        .data             inited   0x20002221      0x1  zigbee-device-common.o [1]
        .data             inited   0x20002224     0x24  association.o [20]
        .data             inited   0x20002248      0xc  association.o [20]
        .data             inited   0x20002254      0xe  leave.o [20]
        .data             inited   0x20002262      0x9  analogue.o [20]
        .data             inited   0x2000226c      0xe  analogue.o [20]
        .data             inited   0x2000227a      0x2  token-cache.o [20]
        .data             inited   0x2000227c      0xa  zigbee-device.o [20]
        .data             inited   0x20002286      0x1  packet-buffer.o [20]
        .data             inited   0x20002288      0x4  application-support.o [20]
        .data             inited   0x2000228c      0x8  zigbee-stack.o [20]
        .data             inited   0x20002294      0x1  zigbee-stack.o [20]
        .data             inited   0x20002298      0x4  micro-internal.o [12]
        .data             inited   0x2000229c      0x4  debug.o [20]
        .data             inited   0x200022a0      0xe  aps-retry.o [20]
        .data             inited   0x200022b0     0x24  scan.o [20]
        .data             inited   0x200022d4      0xa  clocks.o [12]
        .data             inited   0x200022de      0x1  zigbee-device-util.o [20]
        .data             inited   0x200022e0      0x4  network.o [20]
        .data             inited   0x200022e4      0x1  network.o [20]
        .data             inited   0x200022e5      0x2  trust-center-util.o [18]
        .data             inited   0x200022e8      0xe  management.o [20]
        .data             inited   0x200022f6      0x2  random-id.o [20]
        .data             inited   0x200022f8     0x14  mac-arbiter.o [20]
        .data             inited   0x2000230c      0x8  mac-arbiter.o [20]
        .data             inited   0x20002314     0x1c  phy-common.o [20]
        .data             inited   0x20002330      0x1  phy-common.o [20]
        .data             inited   0x20002334     0x14  zdo-channel.o [20]
        .data             inited   0x20002348      0x8  analogue-mod-dac.o [20]
        .data             inited   0x20002350     0x10  mac-receive.o [20]
        .data             inited   0x20002360      0x1  packet-validate.o [15]
        .data             inited   0x20002361      0x2  mac-em250.o [20]
        .data             inited   0x20002363      0x1  mac-em250.o [20]
        .data             inited   0x20002364      0xe  jit.o [20]
        .data             inited   0x20002372      0x4  mac-header.o [20]
    DLIB_PERTHREAD_INITIALIZED_DATA
                                   0x20002378      0x0  <Block>
    DLIB_PERTHREAD_ZERO_DATA
                                   0x20002378      0x0  <Block>
    .bss                           0x20002378    0xc71  <Block>
      .bss                uninit   0x20002378      0x8  IControlDimmableLamp_callbacks.o [1]
      .bss                uninit   0x20002380      0x8  IControlDimmableLamp_callbacks.o [1]
      .bss                uninit   0x20002388      0x8  IControlDimmableLamp_callbacks.o [1]
      .bss                uninit   0x20002390      0x8  IControlDimmableLamp_callbacks.o [1]
      .bss                uninit   0x20002398      0x8  IControlDimmableLamp_callbacks.o [1]
      .bss                uninit   0x200023a0      0x8  IControlDimmableLamp_callbacks.o [1]
      .bss                uninit   0x200023a8      0xc  IcontrolDimmableLampApp.o [1]
      .bss                uninit   0x200023b4     0x64  IcontrolDimmableLampApp.o [1]
      .bss                uninit   0x20002418     0x1e  adc.o [1]
      .bss                uninit   0x20002436      0x2  cstartup-iar-common.o [1]
      .bss                uninit   0x20002438      0x8  af-event.o [1]
      .bss                uninit   0x20002440      0x8  af-event.o [1]
      .bss                uninit   0x20002448      0x8  af-event.o [1]
      .bss                uninit   0x20002450      0x8  af-event.o [1]
      .bss                uninit   0x20002458      0x8  af-event.o [1]
      .bss                uninit   0x20002460      0x8  af-event.o [1]
      .bss                uninit   0x20002468     0x18  af-main-common.o [1]
      .bss                uninit   0x20002480     0xa8  attribute-storage.o [1]
      .bss                uninit   0x20002528     0x18  bootloader-interface-app.o [1]
      .bss                uninit   0x20002540    0x160  bootloader-interface-app.o [1]
      .bss                uninit   0x200026a0     0x80  bootloader-interface-app.o [1]
      .bss                uninit   0x20002720     0x10  client-api.o [1]
      .bss                uninit   0x20002730     0x7c  command-interpreter2.o [1]
      .bss                uninit   0x200027ac     0x44  counters-soc.o [1]
      .bss                uninit   0x200027f0     0x44  counters-soc.o [1]
      .bss                uninit   0x20002834     0x24  counters-soc.o [1]
      .bss                uninit   0x20002858     0x30  ember-configuration.o [1]
      .bss                uninit   0x20002888      0x4  end-device-move.o [1]
      .bss                uninit   0x2000288c     0x14  end-device-support.o [1]
      .bss                uninit   0x200028a0     0x18  ez-mode.o [1]
      .bss                uninit   0x200028b8     0x14  form-and-join.o [1]
      .bss                uninit   0x200028cc      0x4  identify.o [1]
      .bss                uninit   0x200028d0     0x14  level-control.o [1]
      .bss                uninit   0x200028e4     0x10  message.o [1]
      .bss                uninit   0x200028f4     0x54  message.o [1]
      .bss                uninit   0x20002948      0x4  multi-network.o [1]
      .bss                uninit   0x2000294c      0xc  network-find.o [1]
      .bss                uninit   0x20002958      0x8  network-find.o [1]
      .bss                uninit   0x20002960      0xc  ota-storage-eeprom-page-erase.o [1]
      .bss                uninit   0x2000296c      0x8  ota-storage-eeprom.o [1]
      .bss                uninit   0x20002974     0x18  ota-storage-simple.o [1]
      .bss                uninit   0x2000298c      0x8  polling-common.o [1]
      .bss                uninit   0x20002994      0x8  reporting.o [1]
      .bss                uninit   0x2000299c     0x48  reporting.o [1]
      .bss                uninit   0x200029e4     0x88  serial.o [1]
      .bss                uninit   0x20002a6c     0x88  serial.o [1]
      .bss                uninit   0x20002af4     0x14  service-discovery-common.o [1]
      .bss                uninit   0x20002b08     0xbc  sim-eeprom.o [1]
      .bss                uninit   0x20002bc4      0x4  simple-metering-server.o [1]
      .bss                uninit   0x20002bc8      0xc  sleep.o [1]
      .bss                uninit   0x20002bd4     0x54  zcl-cli.o [1]
      .bss                uninit   0x20002c28     0x12  zcl-cli.o [1]
      .bss                uninit   0x20002c3a      0x2  message.o [1]
      .bss                uninit   0x20002c3c     0x1c  zdo-cli.o [1]
      .bss                uninit   0x20002c58      0xc  association.o [20]
      .bss                uninit   0x20002c64      0x8  system-timer.o [12]
      .bss                uninit   0x20002c6c     0x24  analogue.o [20]
      .bss                uninit   0x20002c90      0x8  ember-multi-network-stub.o [14]
      .bss                uninit   0x20002c98      0x8  ember-multi-network-stub.o [14]
      .bss                uninit   0x20002ca0      0x8  ember-multi-network-stub.o [14]
      .bss                uninit   0x20002ca8      0xc  zigbee-dispatch.o [20]
      .bss                uninit   0x20002cb4      0x8  eui64.o [20]
      .bss                uninit   0x20002cbc      0xc  debug.o [20]
      .bss                uninit   0x20002cc8      0x8  zll-stubs.o [21]
      .bss                uninit   0x20002cd0    0x118  phy.o [20]
      .bss                uninit   0x20002de8      0x8  zigbee-device-util.o [20]
      .bss                uninit   0x20002df0      0x8  aps-keys.o [18]
      .bss                uninit   0x20002df8      0x8  context-switch.o [12]
      .bss                uninit   0x20002e00      0x8  neighbor.o [20]
      .bss                uninit   0x20002e08      0x8  leaf-routing-stub.o [20]
      .bss                uninit   0x20002e10      0x8  high-security-stub.o [18]
      .bss                uninit   0x20002e18     0x10  retry.o [20]
      .bss                uninit   0x20002e28     0x40  retry.o [20]
      .bss                uninit   0x20002e68      0x8  aps-skke-stub.o [18]
      .bss                uninit   0x20002e70      0xc  mac.o [20]
      .bss                uninit   0x20002e7c     0x80  mac.o [20]
      .bss                uninit   0x20002efc      0x8  mac-indirect-stub.o [20]
      .bss                uninit   0x20002f04      0x4  aps-encryption.o [18]
      .bss                uninit   0x20002f08      0x8  end-device-bind-stub.o [11]
      .bss                uninit   0x20002f10     0x64  broadcast.o [20]
      .bss                uninit   0x20002f74      0x8  cal-pads.o [20]
      .bss                uninit   0x20002f7c      0x8  mac-em250.o [20]
      .bss                uninit   0x20002f84     0x14  unicast-table.o [20]
      .bss                uninit   0x20002f98      0x8  mac-header.o [20]
      .bss                uninit   0x20002fa0      0x4  IcontrolDimmableLampApp.o [1]
      .bss                uninit   0x20002fa4      0x2  print.o [1]
      .bss                uninit   0x20002fa6      0x2  util.o [1]
      .bss                uninit   0x20002fa8      0x2  util.o [1]
      .bss                uninit   0x20002faa      0x4  sim-eeprom-internal.o [12]
      .bss                uninit   0x20002fae      0x1  af-event.o [1]
      .bss                uninit   0x20002faf      0x1  af-trust-center.o [1]
      .bss                uninit   0x20002fb0      0x2  button.o [1]
      .bss                uninit   0x20002fb2      0x1  command-interpreter2.o [1]
      .bss                uninit   0x20002fb3      0x1  command-interpreter2.o [1]
      .bss                uninit   0x20002fb4      0x1  crypto-state.o [1]
      .bss                uninit   0x20002fb5      0x1  eeprom.o [1]
      .bss                uninit   0x20002fb6      0x1  ember-configuration.o [1]
      .bss                uninit   0x20002fb7      0x1  ember-configuration.o [1]
      .bss                uninit   0x20002fb8      0x1  ember-configuration.o [1]
      .bss                uninit   0x20002fb9      0x1  ember-configuration.o [1]
      .bss                uninit   0x20002fba      0x1  ember-configuration.o [1]
      .bss                uninit   0x20002fbb      0x1  ember-configuration.o [1]
      .bss                uninit   0x20002fbc      0x1  ember-configuration.o [1]
      .bss                uninit   0x20002fbd      0x1  end-device-support.o [1]
      .bss                uninit   0x20002fbe      0x2  idle-sleep.o [1]
      .bss                uninit   0x20002fc0      0x1  idle-sleep.o [1]
      .bss                uninit   0x20002fc1      0x1  micro-common.o [1]
      .bss                uninit   0x20002fc2      0x1  network-cli.o [1]
      .bss                uninit   0x20002fc3      0x1  process-global-message.o [1]
      .bss                uninit   0x20002fc4      0x1  scenes.o [1]
      .bss                uninit   0x20002fc5      0x3  security-address-cache.o [1]
      .bss                uninit   0x20002fc8      0x2  token.o [1]
      .bss                uninit   0x20002fca      0x1  util.o [1]
      .bss                uninit   0x20002fcb      0x1  util.o [1]
      .bss                uninit   0x20002fcc      0x1  zigbee-device-common.o [1]
      .bss                uninit   0x20002fcd      0x2  event-control.o [20]
      .bss                uninit   0x20002fcf      0x1  association.o [20]
      .bss                uninit   0x20002fd0      0x1  zigbee-dispatch.o [20]
      .bss                uninit   0x20002fd1      0x1  child-stub.o [20]
      .bss                uninit   0x20002fd2      0x1  child-stub.o [20]
      .bss                uninit   0x20002fd3      0x1  application-support.o [20]
      .bss                uninit   0x20002fd4      0x2  zigbee-stack.o [20]
      .bss                uninit   0x20002fd6      0x1  debug.o [20]
      .bss                uninit   0x20002fd7      0x1  flash.o [12]
      .bss                uninit   0x20002fd8      0x2  phy.o [20]
      .bss                uninit   0x20002fda      0x2  phy.o [20]
      .bss                uninit   0x20002fdc      0x3  network.o [20]
      .bss                uninit   0x20002fdf      0x1  neighbor.o [20]
      .bss                uninit   0x20002fe0      0x1  leaf-routing-stub.o [20]
      .bss                uninit   0x20002fe1      0x1  high-security-stub.o [18]
      .bss                uninit   0x20002fe2      0x1  random-id.o [20]
      .bss                uninit   0x20002fe3      0x1  command.o [20]
      .bss                uninit   0x20002fe4      0x1  phy-common.o [20]
      .bss                uninit   0x20002fe5      0x3  analogue-vco.o [20]
      .bss                uninit   0x20002fe8      0x1  debug-jtag.o [20]
                                 - 0x20002fe9   0x1e39

"DEBUGCHAN":                                      0x10
  DEBUG_CHANNEL                    0x20002ff0     0x10  <Block>
    DEBUG_CHANNEL         uninit   0x20002ff0     0x10  debug-jtag.o [20]
                                 - 0x20003000     0x10



*******************************************************************************
*** MODULE SUMMARY
***

    Module                                ro code  ro data  rw data
    ------                                -------  -------  -------
D:\Tools\Sengled\Ember\EmberZNet5.3.0-GA\em35x\build\IControlDimmableLamp: [1]
    IControlDimmableLamp_callbacks.o           18                48
    IcontrolDimmableLampApp.o               1 816       88      204
    adc.o                                     676                30
    address-table-cli.o                        60
    address-table-soc.o                       138
    af-event.o                                596       52      101
    af-main-common.o                        1 668       82       26
    af-main-soc.o                           1 168        1        1
    af-node.o                                 124
    af-security-common.o                      152        1        1
    af-trust-center.o                          88                 1
    attribute-size.o                           76
    attribute-storage.o                     3 296      136      168
    attribute-table.o                       1 276
    basic.o                                    40
    bootloader-interface-app.o                424               504
    bootloader-interface.o                     64
    button.o                                  312                 2
    buzzer.o                                  152        8        8
    call-command-handler.o                  1 188
    callback-stub.o                           146
    cli.o                                      34   21 100    1 072
    client-api.o                              500                16
    command-interpreter2.o                  1 972      168      159
    core-cli.o                                264
    counters-cli.o                             50
    counters-soc.o                            348               172
    crc.o                                      36
    crypto-state.o                             16                 1
    cstartup-iar-common.o                     148      316    2 562
    diagnostic.o                            2 892    1 264
    eeprom-cli.o                               56
    eeprom.o                                  582       18       19
    ember-configuration.o                     180      129      153
    end-device-move.o                         216                 4
    end-device-support-cli.o                   92
    end-device-support.o                      336                21
    ez-mode.o                                 560                24
    faults.o                                  128
    form-and-join-node-adapter.o              104       12       12
    form-and-join.o                           770                20
    groups-server-cli.o                        20
    groups-server.o                         1 020
    identify-cli.o                              2
    identify.o                                308                 4
    idle-sleep-cli.o                           40
    idle-sleep-soc.o                           72
    idle-sleep.o                              144                 3
    isr-stubs.o                                 4
    led.o                                      94
    level-control.o                         1 272                20
    library.o                                 288      272       68
    mem-util.o                                210
    message.o                                 288               102
    mfg-token.o                               244       30
    micro-common.o                            224        2        1
    micro.o                                   628       40       40
    mpu.o                                     116       64       64
    multi-network.o                           100                 4
    network-cli.o                             264                 1
    network-find.o                            344                20
    on-off.o                                  190
    option-cli.o                              588        2        2
    ota-bootload-cli.o                         44
    ota-bootload-soc.o                         10
[...]
removeFromBuffer        0x0801145f    0x2e  Code  Lc  network.o [20]
requestKeyBuffer        0x200022e6     0x1  Data  Lc  trust-center-util.o [18]
resetCommand            0x08016bf5     0x4  Code  Gb  core-cli.o [1]
restartServerDiscoveryAfterDelay
                        0x08015fc5    0x12  Code  Lc  ota-client.o [1]
retryEntries            0x20002e28    0x40  Data  Lc  retry.o [20]
retrySendReport         0x08005f55    0x10  Code  Lc  reporting.o [1]
reverse                 0x0801eef3    0x20  Code  Lc  option-cli.o [1]
rf4ceNetworkCommandPacketIsValid
                        0x08018443    0x60  Code  Lc  packet-validate.o [15]
rf4ceNetworkPacketIsValid
                        0x080183f1    0x52  Code  Lc  packet-validate.o [15]
rf4ceNwkApplicationCapabilitiesOffset
                        0x08018528     0x4  Data  Lc  packet-validate.o [15]
rf4ceNwkCommandBaseSizes
                        0x0801851c     0xc  Data  Lc  packet-validate.o [15]
rhoActive               0x200020e4     0x1  Data  Lc  micro.o [1]
rhoEnabled              0x200020e6     0x1  Data  Lc  micro.o [1]
rmwRadioPowerCfgReg     0x0800487d    0x3e  Code  Lc  micro.o [1]
rmwRadioPowerOutReg     0x080048bb    0x36  Code  Lc  micro.o [1]
routeRequestId          0x20002fe0     0x1  Data  Lc  leaf-routing-stub.o [20]
runEventHandler         0x08013439   0x122  Code  Lc  aps-retry.o [20]
runUpgrade              0x080169f3    0x12  Code  Lc  ota-client.o [1]
rxBuffer                0x20002cd4   0x114  Data  Lc  phy.o [20]
sampleVcoTune           0x08016f3d    0x44  Code  Gb  analogue-mod-dac.o [20]
saveEndpoint            0x20001b9d     0x1  Data  Gb  af-main-common.o [1]
savedMSP                0x20002dfc          Data  Gb  context-switch.o [12]
savedResetCause         0x20002436     0x2  Data  Lc  cstartup-iar-common.o [1]
scanChannelMask         0x200022c8     0x4  Data  Lc  scan.o [20]
scanDuration            0x200022b2     0x1  Data  Lc  scan.o [20]
scanFrameCounter        0x200022c4     0x4  Data  Lc  scan.o [20]
scanRequestHeader       0x20002337     0x1  Data  Lc  zdo-channel.o [20]
scanResults             0x20002338     0x1  Data  Lc  zdo-channel.o [20]
scanTransmitRetries     0x200022b3     0x1  Data  Lc  scan.o [20]
scansRemaining          0x20002339     0x1  Data  Lc  zdo-channel.o [20]
schedule                0x0801dd01    0x12  Code  Lc  level-control.o [1]
scheduleHalSysTickIsrMicroseconds
                        0x08006e7f    0x4e  Code  Lc  clocks.o [12]
scheduleIdentifyTick    0x0801dbcf    0x66  Code  Lc  identify.o [1]
scheduleTick            0x080064e1    0x7a  Code  Lc  reporting.o [1]
securityAddressCacheInit
                        0x08008a45     0xc  Code  Gb  security-address-cache.o [1]
securityApsCommands     0x080248f8    0x3c  Data  Gb  cli.o [1]
securityMfgTokenCommands
                        0x08024308    0x3c  Data  Gb  cli.o [1]
securityMfgTokenSetCommandArguments
                        0x20001d90     0xc  Data  Gb  cli.o [1]
seed0                   0x200021ae     0x2  Data  Gb  random.o [1]
seed1                   0x200021b0     0x2  Data  Gb  random.o [1]
send                    0x080083dd   0x118  Code  Lc  af-main-common.o [1]
sendAckedUnicast        0x0801355b    0xe8  Code  Lc  aps-retry.o [20]
sendApplicationKeys     0x08019e25    0xe6  Code  Lc  trust-center-util.o [18]
sendFromSource          0x2000228a     0x2  Data  Lc  application-support.o [20]
sendLeaveCommand        0x08018f91    0x74  Code  Lc  leave.o [20]
sendMessage             0x080164b3   0x10e  Code  Lc  ota-client.o [1]
sendSpecialJoinRequest  0x0800bc43    0xd2  Code  Lc  association.o [20]
sendUpdateDevice        0x080154c1    0x4c  Code  Lc  aps-security.o [18]
sendZigDevRequestBuffer
                        0x0800aad9    0x46  Code  Lc  zigbee-device-library.o [1]
sequenceNumber          0x20002fe8     0x1  Data  Lc  debug-jtag.o [20]
serialPort              0x20001b9e     0x1  Data  Gb  af-main-soc.o [1]
serialRegData           0x20002c6c    0x24  Data  Gb  analogue.o [20]
serverEndpoint          0x2000214a     0x1  Data  Lc  ota-client.o [1]
serverNodeId            0x20002160     0x2  Data  Lc  ota-client.o [1]
serviceDiscoveryCallback
                        0x0801da89    0x72  Code  Lc  ez-mode.o [1]
serviceDiscoveryComplete
                        0x08014cbb    0x50  Code  Lc  service-discovery-common.o [1]
setNonvolatileBinding   0x0800ab57    0x2e  Code  Lc  binding-table.o [4]
setOnOffValue           0x0801de29    0x22  Code  Lc  level-control.o [1]
setOrOverrideTrustCenterEui64
                        0x080146bb    0x22  Code  Lc  aps-keys.o [18]
setPageRequest          0x0801f09b    0x12  Code  Gb  ota-client-cli.o [1]
setPausePercentage      0x0801f0ad     0xe  Code  Gb  ota-client-cli.o [1]
setRadioParameters      0x0800c891    0x52  Code  Lc  association.o [20]
setTimer                0x08015eb1    0x50  Code  Lc  ota-client.o [1]
setTxStepTime           0x0800924b    0x34  Code  Lc  analogue.o [20]
setup                   0x0800cf5b    0x3a  Code  Lc  form-and-join.o [1]
setupDiscoveryData      0x08014c93    0x28  Code  Lc  service-discovery-common.o [1]
shift                   0x0800f9a1    0x10  Code  Lc  random.o [1]
simEeErasePage          0x080105b3    0x16  Code  Lc  sim-eeprom-internal.o [12]
simEeSetDataActiveSemaphore
                        0x20002fc9     0x1  Data  Gb  token.o [1]
simulatedEepromStorage  0x0802e000  0x2000  Data  Gb  sim-eeprom.o [1]
singletonAttributeData  0x200024dc    0x4c  Data  Gb  attribute-storage.o [1]
sizeCache               0x08025724    0x20  Data  Gb  sim-eeprom.o [1]
sleepTimerInterruptOccurred
                        0x20002c64     0x1  Data  Gb  system-timer.o [12]
sleepTmrArtificalCnt    0x20002c68     0x4  Data  Gb  system-timer.o [12]
sleepyBroadcastInfo     0x20002365     0x1  Data  Lc  jit.o [20]
spreadModDac1           0x2000234c     0x2  Data  Gb  analogue-mod-dac.o [20]
spreadModDac2           0x2000234e     0x2  Data  Gb  analogue-mod-dac.o [20]
stackEvents             0x08008300    0xc0  Data  Gb  zigbee-stack.o [20]
stackTokenInfo          0x08015ce8    0x38  Data  Lc  token-cache.o [20]
startChannelScan        0x08019669    0x62  Code  Lc  scan.o [20]
startNetworkOperation   0x0800b7ed    0x3c  Code  Lc  association.o [20]
startNextConversion     0x080045b5    0x56  Code  Gb  adc.o [1]
startPanIdScan          0x0800cd37    0x32  Code  Lc  form-and-join.o [1]
startScan               0x0800cfb5    0x12  Code  Lc  form-and-join.o [1]
startServerDiscovery    0x08016191    0x4a  Code  Lc  ota-client.o [1]
state                   0x2000294c     0x1  Data  Lc  network-find.o [1]
stateTable              0x200028cc     0x4  Data  Lc  identify.o [1]
stateTable              0x200028d0    0x14  Data  Lc  level-control.o [1]
states                  0x20002888     0x4  Data  Lc  end-device-move.o [1]
states                  0x2000288c    0x14  Data  Lc  end-device-support.o [1]
states                  0x20002afc     0xc  Data  Lc  service-discovery-common.o [1]
statsTable              0x20002cbc     0xc  Data  Lc  debug.o [20]
status                  0x0801ac29    0x10  Code  Lc  call-command-handler.o [1]
stepHandler             0x0801e04f    0xfa  Code  Lc  level-control.o [1]
stopHandler             0x0801e149    0x26  Code  Lc  level-control.o [1]
storageHasFullImage     0x20002984     0x1  Data  Lc  ota-storage-simple.o [1]
storedSleepControl      0x20002961     0x1  Data  Lc  ota-storage-eeprom-page-erase.o [1]
stringToUnsignedInt     0x08008e57    0x78  Code  Lc  command-interpreter2.o [1]
submitCount             0x20002e19     0x1  Data  Lc  retry.o [20]
swoOutput               0x08011067    0xda  Code  Lc  debug-jtag.o [20]
terminateScanRequest    0x0801307b    0x26  Code  Lc  zdo-channel.o [20]
testResponseCommands    0x08024060    0x3c  Data  Gb  cli.o [1]
tokenArraySize          0x080257c4    0x20  Data  Gb  token-def.o [1]
tokenCreators           0x08025744    0x40  Data  Gb  token-def.o [1]
tokenDefaults           0x08025a20    0x80  Data  Gb  token-def.o [1]
tokenIsCnt              0x08025784    0x20  Data  Gb  token-def.o [1]
tokenLength             0x08008a9b    0x10  Code  Lc  command-interpreter2.o [1]
tokenPointer            0x08008aab    0x10  Code  Lc  command-interpreter2.o [1]
tokenSize               0x080257a4    0x20  Data  Gb  token-def.o [1]
tokensActive            0x20002fc8     0x1  Data  Gb  token.o [1]
totalImageSize          0x20002168     0x4  Data  Lc  ota-client.o [1]
transmitQueue           0x20002300     0x8  Data  Lc  mac-arbiter.o [20]
transportKeyFrameSizes  0x08018514     0x8  Data  Lc  packet-validate.o [15]
tuneDone                0x20001ba1     0x1  Data  Gb  buzzer.o [1]
tunePos                 0x20001ba0     0x1  Data  Gb  buzzer.o [1]
txPower                 0x0800976c    0x28  Data  Gb  analogue.o [20]
txStepTimeSnapshot      0x20002328     0x2  Data  Lc  phy-common.o [20]
unSetKey                0x08014ee8    0x10  Data  Lc  af-security-common.o [1]
unbindRequest           0x0801fc77    0x6c  Code  Lc  zdo-cli.o [1]
underVoltageState       0x20001b11     0x1  Data  Gb  IcontrolDimmableLampApp.o [1]
unicastHead             0x20002f84     0x1  Data  Lc  unicast-table.o [20]
uninitializedIsr        0x0801eb11          Code  Gb  faults.o [1]
unsentMessageCount      0x200022fb     0x1  Data  Lc  mac-arbiter.o [20]
unsolicitedChannelReport
                        0x20002336     0x1  Data  Lc  zdo-channel.o [20]
updateCurrentImageAttributes
                        0x08015df9    0x3c  Code  Lc  ota-client.o [1]
updateCurrentOffset     0x08016003    0x1e  Code  Lc  ota-client.o [1]
updateDownloadFileVersion
                        0x08016021    0x20  Code  Lc  ota-client.o [1]
updateMinBlockRequestPeriodAttribute
                        0x08015e3d    0x20  Code  Lc  ota-client.o [1]
updateParentToken       0x0800cb85    0x62  Code  Lc  association.o [20]
upgradeEndResponseParse
                        0x08016925    0xa6  Code  Lc  ota-client.o [1]
useOsc32k               0x20002fc1     0x1  Data  Gb  micro-common.o [1]
usePageRequest          0x2000214d     0x1  Data  Lc  ota-client.o [1]
useXtalAsIs             0x200022d7     0x1  Data  Lc  clocks.o [12]
vFillBuffer             0x0800e011   0x128  Code  Lc  client-api.o [1]
vcoLastTuneValueAvailable
                        0x20002fe5     0x1  Data  Gb  analogue-vco.o [20]
vcoTuneModDacError      0x08016f81    0x24  Code  Lc  analogue-mod-dac.o [20]
verifyAppBlVersion      0x0801e4d1    0x1c  Code  Lc  bootloader-interface-app.o [1]
verifyFib               0x0801728d    0x24  Code  Lc  flash.o [12]
volatileData            0x2000299c    0x48  Data  Lc  reporting.o [1]
voltsToCelsius          0x08002547    0xc6  Code  Lc  IcontrolDimmableLampApp.o [1]
waitingForResponse      0x2000214c     0x1  Data  Lc  ota-client.o [1]
wakeupSleepTmrCnt       0x20002bd0     0x4  Data  Gb  sleep.o [1]
wakeupXtalState         0x200022d6     0x1  Data  Gb  clocks.o [12]
walkDelayQueue          0x08013b81    0xc8  Code  Lc  retry.o [20]
writeIdentifyTime       0x0801dbb7    0x18  Code  Lc  identify.o [1]
writeMessage            0x0800b491    0xb0  Code  Lc  packet-buffer.o [20]
writePageCounters       0x08010bdf    0x7e  Code  Lc  sim-eeprom-internal.o [12]
writeServerAttribute    0x0801a3a3    0x10  Code  Lc  scenes.o [1]
writeTokenBlockData     0x08010511    0x58  Code  Lc  sim-eeprom-internal.o [12]
xorBufferBytesIntoBlock
                        0x0801b517    0x82  Code  Lc  crypto.o [20]
xtalAboveLoThresholdUs  0x200022da     0x2  Data  Gb  clocks.o [12]
xtalUnstable            0x200022d5     0x1  Data  Gb  clocks.o [12]
zaNodeSecurityInit      0x08016ae9    0x7c  Code  Gb  af-node.o [1]
zaTrustCenterSecurityPolicyInit
                        0x08016a91    0x2a  Code  Gb  af-trust-center.o [1]
zclBufferAddByte        0x0801f3cb    0x12  Code  Gb  zcl-cli.o [1]
zclBufferAddByteFromArgument
                        0x0801f403     0x8  Code  Gb  zcl-cli.o [1]
zclBufferAddInt32       0x0801f3ef    0x14  Code  Gb  zcl-cli.o [1]
zclBufferAddInt32FromArgument
                        0x0801f427     0xc  Code  Gb  zcl-cli.o [1]
zclBufferAddInt8sFromArgument
                        0x0801f40b     0x6  Code  Gb  zcl-cli.o [1]
zclBufferAddLengthAndStringFromArgument
                        0x0801f433    0x26  Code  Gb  zcl-cli.o [1]
zclBufferAddWord        0x0801f3dd    0x12  Code  Gb  zcl-cli.o [1]
zclBufferAddWordFromArgument
                        0x0801f419     0xe  Code  Gb  zcl-cli.o [1]
zclBufferSetup          0x0801f383    0x48  Code  Gb  zcl-cli.o [1]
zclCmdIsBuilt           0x20002c34     0x1  Data  Gb  zcl-cli.o [1]
zclGlobalCommandDiscoveryCommand
                        0x0801f6b7    0x2c  Code  Gb  zcl-cli.o [1]
zclGlobalCommands       0x08024178   0x104  Data  Gb  cli.o [1]
zclGlobalDirection      0x20002c35     0x1  Data  Lc  zcl-cli.o [1]
zclGlobalDirectionCommand
                        0x0801f4fb    0x14  Code  Gb  zcl-cli.o [1]
zclGlobalDirectionCommandArguments
                        0x20001cb0     0x8  Data  Gb  cli.o [1]
zclGlobalDiscComGenCommandArguments
                        0x20001cb8    0x10  Data  Gb  cli.o [1]
zclGlobalDiscComRecCommandArguments
                        0x20001cc8    0x10  Data  Gb  cli.o [1]
zclGlobalDiscoverCommand
                        0x0801f571     0x4  Code  Gb  zcl-cli.o [1]
zclGlobalDiscoverCommandArguments
                        0x20001cd8    0x10  Data  Gb  cli.o [1]
zclGlobalExpectReportFromMeCommand
                        0x0801f693    0x24  Code  Gb  zcl-cli.o [1]
zclGlobalExpectReportFromMeCommandArguments
                        0x20001ce8    0x10  Data  Gb  cli.o [1]
zclGlobalNwriteCommandArguments
                        0x20001cf8    0x14  Data  Gb  cli.o [1]
zclGlobalReadCommand    0x0801f50f     0x6  Code  Gb  zcl-cli.o [1]
zclGlobalReadCommandArguments
                        0x20001d0c     0xc  Data  Gb  cli.o [1]
zclGlobalReportCommand  0x0801f57f    0x94  Code  Gb  zcl-cli.o [1]
zclGlobalReportCommandArguments
                        0x20001d18    0x14  Data  Gb  cli.o [1]
zclGlobalReportReadCommand
                        0x0801f613    0x1e  Code  Gb  zcl-cli.o [1]
zclGlobalReportReadCommandArguments
                        0x20001d2c    0x10  Data  Gb  cli.o [1]
zclGlobalSendMeAReportCommand
                        0x0801f631    0x58  Code  Gb  zcl-cli.o [1]
zclGlobalSendMeAReportCommandArguments
                        0x20001d3c    0x1c  Data  Gb  cli.o [1]
zclGlobalSetup          0x0801f4e1    0x1a  Code  Gb  zcl-cli.o [1]
zclGlobalUwriteCommandArguments
                        0x20001d58    0x14  Data  Gb  cli.o [1]
zclGlobalWriteCommand   0x0801f515    0x56  Code  Gb  zcl-cli.o [1]
zclGlobalWriteCommandArguments
                        0x20001d6c    0x14  Data  Gb  cli.o [1]
zclIdentifyCommands     0x08024100    0x78  Data  Gb  cli.o [1]
zclIdentifyIdCommand    0x08020065     0x4  Code  Lc  cli.o [1]
zclIdentifyIdCommandArguments
                        0x20001c88     0x8  Data  Gb  cli.o [1]
zclIdentifyOffCommand   0x0801f731     0x8  Code  Gb  zcl-cli.o [1]
zclIdentifyOffCommandArguments
                        0x20001c90     0x8  Data  Gb  cli.o [1]
zclIdentifyOnCommand    0x0801f717    0x1a  Code  Gb  zcl-cli.o [1]
zclIdentifyOnCommandArguments
                        0x20001c98     0xc  Data  Gb  cli.o [1]
zclIdentifyQueryCommand
                        0x08020069     0x2  Code  Lc  cli.o [1]
zclIdentifyTriggerCommand
                        0x08020073     0x4  Code  Lc  cli.o [1]
zclIdentifyTriggerCommandArguments
                        0x20001ca4     0xc  Data  Gb  cli.o [1]
zclMfgCodeCommand       0x0801f6f9    0x10  Code  Gb  zcl-cli.o [1]
zclSimpleCommand        0x0801f459    0x88  Code  Gb  zcl-cli.o [1]
zclSmCommands           0x080240c4    0x3c  Data  Gb  cli.o [1]
zclSmDmCommand          0x08020077     0x4  Code  Lc  cli.o [1]
zclSmRmCommand          0x0802007b     0x2  Code  Lc  cli.o [1]
zclTestCommands         0x0802409c    0x28  Data  Gb  cli.o [1]
zclTestResponseOffCommand
                        0x0801f6f3     0x6  Code  Gb  zcl-cli.o [1]
zclTestResponseOnCommand
                        0x0801f6ed     0x6  Code  Gb  zcl-cli.o [1]
zclTimeCommand          0x0801f709     0xe  Code  Gb  zcl-cli.o [1]
zdoActiveEpCommand      0x0801fc1b     0xe  Code  Gb  zdo-cli.o [1]
zdoAddClusterCommand    0x0801fb45    0x2c  Code  Gb  zdo-cli.o [1]
zdoBindCommand          0x0801fae5    0x60  Code  Gb  zdo-cli.o [1]
zdoClearClusterCommand  0x0801fb71    0x16  Code  Gb  zdo-cli.o [1]
zdoIeeeAddressRequestCommand
                        0x0801fa5b    0x12  Code  Gb  zdo-cli.o [1]
zdoInClListAddCommandArguments
                        0x20001c08     0x8  Data  Gb  cli.o [1]
zdoInClListCommands     0x08023ef8    0x3c  Data  Gb  cli.o [1]
zdoInClusters           0x20002c40     0xc  Data  Lc  zdo-cli.o [1]
zdoLeaveRequestCommand  0x0801fc2f    0x30  Code  Gb  zdo-cli.o [1]
zdoMatchCommand         0x0801fa99    0x2c  Code  Gb  zdo-cli.o [1]
zdoNetworkUpdateChannelCommand
                        0x0801fb93    0x20  Code  Gb  zdo-cli.o [1]
zdoNetworkUpdateScanCommand
                        0x0801fbb3    0x30  Code  Gb  zdo-cli.o [1]
zdoNetworkUpdateSetCommand
                        0x0801fbf1    0x14  Code  Gb  zdo-cli.o [1]
zdoNodeCommand          0x0801fa87    0x12  Code  Gb  zdo-cli.o [1]
zdoNwkAddressRequestCommand
                        0x0801fa45    0x16  Code  Gb  zdo-cli.o [1]
zdoNwkUpdChanCommandArguments
                        0x20001be4     0x8  Data  Gb  cli.o [1]
zdoNwkUpdCommands       0x08023ea8    0x50  Data  Gb  cli.o [1]
zdoNwkUpdScanCommandArguments
                        0x20001bec    0x10  Data  Gb  cli.o [1]
zdoNwkUpdSetCommandArguments
                        0x20001bfc     0xc  Data  Gb  cli.o [1]
zdoOutClListAddCommandArguments
                        0x20001bdc     0x8  Data  Gb  cli.o [1]
zdoOutClListCommands    0x08023e6c    0x3c  Data  Gb  cli.o [1]
zdoOutClusters          0x20002c4c     0xc  Data  Lc  zdo-cli.o [1]
zdoPowerDescriptorRequestCommand
                        0x0801fc67    0x10  Code  Gb  zdo-cli.o [1]
zdoRouteRequestCommand  0x0801fd21    0x1a  Code  Gb  zdo-cli.o [1]
zdoSimpleCommand        0x0801fa6d    0x1a  Code  Gb  zdo-cli.o [1]
zdoUnbindCommands       0x08023e30    0x3c  Data  Gb  cli.o [1]
zdoUnbindGroupCommand   0x0801fce3    0x18  Code  Gb  zdo-cli.o [1]
zdoUnbindGroupCommandArguments
                        0x20001ba8    0x18  Data  Gb  cli.o [1]
zdoUnbindUnicastCommand
                        0x0801fcfb    0x26  Code  Gb  zdo-cli.o [1]
zdoUnbindUnicastCommandArguments
                        0x20001bc0    0x1c  Data  Gb  cli.o [1]
zeroLenByte             0x20002c3a     0x2  Data  Lc  message.o [1]
zigDevApsStruct         0x20002dec     0x4  Data  Lc  zigbee-device-util.o [20]
zigDevRequestRadius     0x20002221     0x1  Data  Gb  zigbee-device-common.o [1]
zigDevRequestSequence   0x20002fcc     0x1  Data  Lc  zigbee-device-common.o [1]
zigDevRequestSequence   0x20002de8     0x1  Data  Lc  zigbee-device-util.o [20]


[1] = D:\Tools\Sengled\Ember\EmberZNet5.3.0-GA\em35x\build\IControlDimmableLamp
[2] = command line
[3] = alarm-stub-library.a
[4] = binding-table-library.a
[5] = cbke-163k1-stub-library.a
[6] = cbke-283k1-stub-library.a
[7] = cbke-library-dsa-sign-stub.a
[8] = cbke-library-dsa-verify-stub.a
[9] = cbke-stub-library.a
[10] = dl7M_tln.a
[11] = end-device-bind-stub-library.a
[12] = hal-library.a
[13] = install-code-library-stub.a
[14] = multi-network-stub-library.a
[15] = packet-validate-library.a
[16] = rf4ce-stack-stub-library.a
[17] = rt7M_tl.a
[18] = security-library-core.a
[19] = security-library-link-keys.a
[20] = zigbee-pro-leaf-stack.a
[21] = zll-stub-library.a

  122 776 bytes of readonly  code memory
   25 446 bytes of readonly  data memory
   19 535 bytes of readwrite data memory

Errors: 15
Warnings: none
