###############################################################################
#                                                                             #
# IAR ELF Linker V6.50.5.4819/W32 for ARM               20/Mar/2017  14:50:27 #
# Copyright 2007-2013 IAR Systems AB.                                         #
#                                                                             #
#    Output file  =  E:\Robin-Workspace\Project\Zigbee\EU-Router\Ember\EmberZ #
#                    Net5.3.0-GA\em35x\build\Z01_A19_Gateway\Z01_A19_Gateway. #
#                    out                                                      #
#    Map file     =  E:\Robin-Workspace\Project\Zigbee\EU-Router\Ember\EmberZ #
#                    Net5.3.0-GA\em35x\build\Z01_A19_Gateway\Z01_A19_Gateway. #
#                    map                                                      #
#    Command line =  E:\Robin-Workspace\Project\Zigbee\EU-Router\Ember\EmberZ #
#                    Net5.3.0-GA\em35x\build\Z01_A19_Gateway\CommandParse.o   #
#                    E:\Robin-Workspace\Project\Zigbee\EU-Router\Ember\EmberZ #
#                    Net5.3.0-GA\em35x\build\Z01_A19_Gateway\SerialPortProtoc #
#                    ol.o E:\Robin-Workspace\Project\Zigbee\EU-Router\Ember\E #
#                    mberZNet5.3.0-GA\em35x\build\Z01_A19_Gateway\Z01_A19_Gat #
#                    eway_callbacks.o E:\Robin-Workspace\Project\Zigbee\EU-Ro #
#                    uter\Ember\EmberZNet5.3.0-GA\em35x\build\Z01_A19_Gateway #
#                    \adc.o E:\Robin-Workspace\Project\Zigbee\EU-Router\Ember #
#                    \EmberZNet5.3.0-GA\em35x\build\Z01_A19_Gateway\address-t #
#                    able-cli.o E:\Robin-Workspace\Project\Zigbee\EU-Router\E #
#                    mber\EmberZNet5.3.0-GA\em35x\build\Z01_A19_Gateway\addre #
#                    ss-table-management.o E:\Robin-Workspace\Project\Zigbee\ #
#                    EU-Router\Ember\EmberZNet5.3.0-GA\em35x\build\Z01_A19_Ga #
#                    teway\address-table-soc.o E:\Robin-Workspace\Project\Zig #
#                    bee\EU-Router\Ember\EmberZNet5.3.0-GA\em35x\build\Z01_A1 #
#                    9_Gateway\af-event.o E:\Robin-Workspace\Project\Zigbee\E #
#                    U-Router\Ember\EmberZNet5.3.0-GA\em35x\build\Z01_A19_Gat #
#                    eway\af-main-common.o E:\Robin-Workspace\Project\Zigbee\ #
#                    EU-Router\Ember\EmberZNet5.3.0-GA\em35x\build\Z01_A19_Ga #
#                    teway\af-main-soc.o E:\Robin-Workspace\Project\Zigbee\EU #
#                    -Router\Ember\EmberZNet5.3.0-GA\em35x\build\Z01_A19_Gate #
#                    way\af-node.o E:\Robin-Workspace\Project\Zigbee\EU-Route #
#                    r\Ember\EmberZNet5.3.0-GA\em35x\build\Z01_A19_Gateway\af #
#                    -security-common.o E:\Robin-Workspace\Project\Zigbee\EU- #
#                    Router\Ember\EmberZNet5.3.0-GA\em35x\build\Z01_A19_Gatew #
#                    ay\af-trust-center.o E:\Robin-Workspace\Project\Zigbee\E #
#                    U-Router\Ember\EmberZNet5.3.0-GA\em35x\build\alarm-stub- #
#                    library-cortexm3-iar-em3587-em3xx\alarm-stub-library.a   #
#                    E:\Robin-Workspace\Project\Zigbee\EU-Router\Ember\EmberZ #
#                    Net5.3.0-GA\em35x\build\Z01_A19_Gateway\attribute-size.o #
#                     E:\Robin-Workspace\Project\Zigbee\EU-Router\Ember\Ember #
#                    ZNet5.3.0-GA\em35x\build\Z01_A19_Gateway\attribute-stora #
#                    ge.o E:\Robin-Workspace\Project\Zigbee\EU-Router\Ember\E #
#                    mberZNet5.3.0-GA\em35x\build\Z01_A19_Gateway\attribute-t #
#                    able.o E:\Robin-Workspace\Project\Zigbee\EU-Router\Ember #
#                    \EmberZNet5.3.0-GA\em35x\build\binding-table-library-cor #
#                    texm3-iar-em3587-em3xx\binding-table-library.a           #
#                    E:\Robin-Workspace\Project\Zigbee\EU-Router\Ember\EmberZ #
#                    Net5.3.0-GA\em35x\build\Z01_A19_Gateway\bootloader-inter #
#                    face-app.o E:\Robin-Workspace\Project\Zigbee\EU-Router\E #
#                    mber\EmberZNet5.3.0-GA\em35x\build\Z01_A19_Gateway\bootl #
#                    oader-interface.o E:\Robin-Workspace\Project\Zigbee\EU-R #
#                    outer\Ember\EmberZNet5.3.0-GA\em35x\build\Z01_A19_Gatewa #
#                    y\button.o E:\Robin-Workspace\Project\Zigbee\EU-Router\E #
#                    mber\EmberZNet5.3.0-GA\em35x\build\Z01_A19_Gateway\buzze #
#                    r.o E:\Robin-Workspace\Project\Zigbee\EU-Router\Ember\Em #
#                    berZNet5.3.0-GA\em35x\build\Z01_A19_Gateway\call-command #
#                    -handler.o E:\Robin-Workspace\Project\Zigbee\EU-Router\E #
#                    mber\EmberZNet5.3.0-GA\em35x\build\Z01_A19_Gateway\callb #
#                    ack-stub.o E:\Robin-Workspace\Project\Zigbee\EU-Router\E #
#                    mber\EmberZNet5.3.0-GA\em35x\build\Z01_A19_Gateway\callb #
#                    acks.o E:\Robin-Workspace\Project\Zigbee\EU-Router\Ember #
#                    \EmberZNet5.3.0-GA\em35x\build\cbke-163k1-stub-library-c #
#                    ortexm3-iar-em3587-em3xx\cbke-163k1-stub-library.a       #
#                    E:\Robin-Workspace\Project\Zigbee\EU-Router\Ember\EmberZ #
#                    Net5.3.0-GA\em35x\build\cbke-283k1-stub-library-cortexm3 #
#                    -iar-em3587-em3xx\cbke-283k1-stub-library.a              #
#                    E:\Robin-Workspace\Project\Zigbee\EU-Router\Ember\EmberZ #
#                    Net5.3.0-GA\em35x\build\cbke-library-dsa-sign-stub-corte #
#                    xm3-iar-em3587-em3xx\cbke-library-dsa-sign-stub.a        #
#                    E:\Robin-Workspace\Project\Zigbee\EU-Router\Ember\EmberZ #
#                    Net5.3.0-GA\em35x\build\cbke-library-dsa-verify-stub-cor #
#                    texm3-iar-em3587-em3xx\cbke-library-dsa-verify-stub.a    #
#                    E:\Robin-Workspace\Project\Zigbee\EU-Router\Ember\EmberZ #
#                    Net5.3.0-GA\em35x\build\cbke-stub-library-cortexm3-iar-e #
#                    m3587-em3xx\cbke-stub-library.a                          #
#                    E:\Robin-Workspace\Project\Zigbee\EU-Router\Ember\EmberZ #
#                    Net5.3.0-GA\em35x\build\Z01_A19_Gateway\cli.o            #
#                    E:\Robin-Workspace\Project\Zigbee\EU-Router\Ember\EmberZ #
#                    Net5.3.0-GA\em35x\build\Z01_A19_Gateway\client-api.o     #
#                    E:\Robin-Workspace\Project\Zigbee\EU-Router\Ember\EmberZ #
#                    Net5.3.0-GA\em35x\build\Z01_A19_Gateway\command-interpre #
#                    ter2.o E:\Robin-Workspace\Project\Zigbee\EU-Router\Ember #
#                    \EmberZNet5.3.0-GA\em35x\build\Z01_A19_Gateway\concentra #
#                    tor-support-cli.o E:\Robin-Workspace\Project\Zigbee\EU-R #
#                    outer\Ember\EmberZNet5.3.0-GA\em35x\build\Z01_A19_Gatewa #
#                    y\concentrator-support.o E:\Robin-Workspace\Project\Zigb #
#                    ee\EU-Router\Ember\EmberZNet5.3.0-GA\em35x\build\Z01_A19 #
#                    _Gateway\core-cli.o E:\Robin-Workspace\Project\Zigbee\EU #
#                    -Router\Ember\EmberZNet5.3.0-GA\em35x\build\Z01_A19_Gate #
#                    way\counters-cli.o E:\Robin-Workspace\Project\Zigbee\EU- #
#                    Router\Ember\EmberZNet5.3.0-GA\em35x\build\Z01_A19_Gatew #
#                    ay\counters-ota.o E:\Robin-Workspace\Project\Zigbee\EU-R #
#                    outer\Ember\EmberZNet5.3.0-GA\em35x\build\Z01_A19_Gatewa #
#                    y\counters-soc.o E:\Robin-Workspace\Project\Zigbee\EU-Ro #
#                    uter\Ember\EmberZNet5.3.0-GA\em35x\build\Z01_A19_Gateway #
#                    \crc.o E:\Robin-Workspace\Project\Zigbee\EU-Router\Ember #
#                    \EmberZNet5.3.0-GA\em35x\build\Z01_A19_Gateway\crypto-st #
#                    ate.o E:\Robin-Workspace\Project\Zigbee\EU-Router\Ember\ #
#                    EmberZNet5.3.0-GA\em35x\build\Z01_A19_Gateway\cstartup-i #
#                    ar-common.o E:\Robin-Workspace\Project\Zigbee\EU-Router\ #
#                    Ember\EmberZNet5.3.0-GA\em35x\build\Z01_A19_Gateway\diag #
#                    nostic.o E:\Robin-Workspace\Project\Zigbee\EU-Router\Emb #
#                    er\EmberZNet5.3.0-GA\em35x\build\Z01_A19_Gateway\eeprom- #
#                    cli.o E:\Robin-Workspace\Project\Zigbee\EU-Router\Ember\ #
#                    EmberZNet5.3.0-GA\em35x\build\Z01_A19_Gateway\eeprom.o   #
#                    E:\Robin-Workspace\Project\Zigbee\EU-Router\Ember\EmberZ #
#                    Net5.3.0-GA\em35x\build\Z01_A19_Gateway\em_usbd.o        #
#                    E:\Robin-Workspace\Project\Zigbee\EU-Router\Ember\EmberZ #
#                    Net5.3.0-GA\em35x\build\Z01_A19_Gateway\em_usbdch9.o     #
#                    E:\Robin-Workspace\Project\Zigbee\EU-Router\Ember\EmberZ #
#                    Net5.3.0-GA\em35x\build\Z01_A19_Gateway\em_usbdep.o      #
#                    E:\Robin-Workspace\Project\Zigbee\EU-Router\Ember\EmberZ #
#                    Net5.3.0-GA\em35x\build\Z01_A19_Gateway\em_usbhal.o      #
#                    E:\Robin-Workspace\Project\Zigbee\EU-Router\Ember\EmberZ #
#                    Net5.3.0-GA\em35x\build\Z01_A19_Gateway\em_usbint.o      #
#                    E:\Robin-Workspace\Project\Zigbee\EU-Router\Ember\EmberZ #
#                    Net5.3.0-GA\em35x\build\Z01_A19_Gateway\ember-configurat #
#                    ion.o E:\Robin-Workspace\Project\Zigbee\EU-Router\Ember\ #
#                    EmberZNet5.3.0-GA\em35x\build\end-device-bind-library-co #
#                    rtexm3-iar-em3587-em3xx\end-device-bind-library.a        #
#                    E:\Robin-Workspace\Project\Zigbee\EU-Router\Ember\EmberZ #
#                    Net5.3.0-GA\em35x\build\Z01_A19_Gateway\endian.o         #
#                    E:\Robin-Workspace\Project\Zigbee\EU-Router\Ember\EmberZ #
#                    Net5.3.0-GA\em35x\build\Z01_A19_Gateway\faults.o         #
#                    E:\Robin-Workspace\Project\Zigbee\EU-Router\Ember\EmberZ #
#                    Net5.3.0-GA\em35x\build\Z01_A19_Gateway\form-and-join-no #
#                    de-adapter.o E:\Robin-Workspace\Project\Zigbee\EU-Router #
#                    \Ember\EmberZNet5.3.0-GA\em35x\build\Z01_A19_Gateway\for #
#                    m-and-join.o E:\Robin-Workspace\Project\Zigbee\EU-Router #
#                    \Ember\EmberZNet5.3.0-GA\em35x\build\Z01_A19_Gateway\gat #
#                    eway-app.o E:\Robin-Workspace\Project\Zigbee\EU-Router\E #
#                    mber\EmberZNet5.3.0-GA\em35x\build\hal-library-cortexm3- #
#                    iar-em3587-em3xx\hal-library.a                           #
#                    E:\Robin-Workspace\Project\Zigbee\EU-Router\Ember\EmberZ #
#                    Net5.3.0-GA\em35x\build\Z01_A19_Gateway\identify-cli.o   #
#                    E:\Robin-Workspace\Project\Zigbee\EU-Router\Ember\EmberZ #
#                    Net5.3.0-GA\em35x\build\Z01_A19_Gateway\identify-feedbac #
#                    k.o E:\Robin-Workspace\Project\Zigbee\EU-Router\Ember\Em #
#                    berZNet5.3.0-GA\em35x\build\Z01_A19_Gateway\identify.o   #
#                    E:\Robin-Workspace\Project\Zigbee\EU-Router\Ember\EmberZ #
#                    Net5.3.0-GA\em35x\build\Z01_A19_Gateway\idle-sleep-cli.o #
#                     E:\Robin-Workspace\Project\Zigbee\EU-Router\Ember\Ember #
#                    ZNet5.3.0-GA\em35x\build\Z01_A19_Gateway\idle-sleep-soc. #
#                    o E:\Robin-Workspace\Project\Zigbee\EU-Router\Ember\Embe #
#                    rZNet5.3.0-GA\em35x\build\Z01_A19_Gateway\idle-sleep.o   #
#                    E:\Robin-Workspace\Project\Zigbee\EU-Router\Ember\EmberZ #
#                    Net5.3.0-GA\em35x\build\install-code-library-stub-cortex #
#                    m3-iar-em3587-em3xx\install-code-library-stub.a          #
#                    E:\Robin-Workspace\Project\Zigbee\EU-Router\Ember\EmberZ #
#                    Net5.3.0-GA\em35x\build\Z01_A19_Gateway\isr-stubs.o      #
#                    E:\Robin-Workspace\Project\Zigbee\EU-Router\Ember\EmberZ #
#                    Net5.3.0-GA\em35x\build\Z01_A19_Gateway\led.o            #
#                    E:\Robin-Workspace\Project\Zigbee\EU-Router\Ember\EmberZ #
#                    Net5.3.0-GA\em35x\build\Z01_A19_Gateway\library.o        #
#                    E:\Robin-Workspace\Project\Zigbee\EU-Router\Ember\EmberZ #
#                    Net5.3.0-GA\em35x\build\Z01_A19_Gateway\mem-util.o       #
#                    E:\Robin-Workspace\Project\Zigbee\EU-Router\Ember\EmberZ #
#                    Net5.3.0-GA\em35x\build\Z01_A19_Gateway\message.o        #
#                    E:\Robin-Workspace\Project\Zigbee\EU-Router\Ember\EmberZ #
#                    Net5.3.0-GA\em35x\build\Z01_A19_Gateway\mfg-token.o      #
#                    E:\Robin-Workspace\Project\Zigbee\EU-Router\Ember\EmberZ #
#                    Net5.3.0-GA\em35x\build\Z01_A19_Gateway\micro-common.o   #
#                    E:\Robin-Workspace\Project\Zigbee\EU-Router\Ember\EmberZ #
#                    Net5.3.0-GA\em35x\build\Z01_A19_Gateway\micro.o          #
#                    E:\Robin-Workspace\Project\Zigbee\EU-Router\Ember\EmberZ #
#                    Net5.3.0-GA\em35x\build\Z01_A19_Gateway\mpu.o            #
#                    E:\Robin-Workspace\Project\Zigbee\EU-Router\Ember\EmberZ #
#                    Net5.3.0-GA\em35x\build\multi-network-stub-library-corte #
#                    xm3-iar-em3587-em3xx\multi-network-stub-library.a        #
#                    E:\Robin-Workspace\Project\Zigbee\EU-Router\Ember\EmberZ #
#                    Net5.3.0-GA\em35x\build\Z01_A19_Gateway\multi-network.o  #
#                    E:\Robin-Workspace\Project\Zigbee\EU-Router\Ember\EmberZ #
#                    Net5.3.0-GA\em35x\build\Z01_A19_Gateway\network-cli.o    #
#                    E:\Robin-Workspace\Project\Zigbee\EU-Router\Ember\EmberZ #
#                    Net5.3.0-GA\em35x\build\Z01_A19_Gateway\network-find.o   #
#                    E:\Robin-Workspace\Project\Zigbee\EU-Router\Ember\EmberZ #
#                    Net5.3.0-GA\em35x\build\Z01_A19_Gateway\option-cli.o     #
#                    E:\Robin-Workspace\Project\Zigbee\EU-Router\Ember\EmberZ #
#                    Net5.3.0-GA\em35x\build\Z01_A19_Gateway\ota-common.o     #
#                    E:\Robin-Workspace\Project\Zigbee\EU-Router\Ember\EmberZ #
#                    Net5.3.0-GA\em35x\build\Z01_A19_Gateway\ota-server-cli.o #
#                     E:\Robin-Workspace\Project\Zigbee\EU-Router\Ember\Ember #
#                    ZNet5.3.0-GA\em35x\build\Z01_A19_Gateway\ota-server-page #
#                    -request.o E:\Robin-Workspace\Project\Zigbee\EU-Router\E #
#                    mber\EmberZNet5.3.0-GA\em35x\build\Z01_A19_Gateway\ota-s #
#                    erver-policy.o E:\Robin-Workspace\Project\Zigbee\EU-Rout #
#                    er\Ember\EmberZNet5.3.0-GA\em35x\build\Z01_A19_Gateway\o #
#                    ta-server.o E:\Robin-Workspace\Project\Zigbee\EU-Router\ #
#                    Ember\EmberZNet5.3.0-GA\em35x\build\Z01_A19_Gateway\ota- #
#                    storage-common-cli.o E:\Robin-Workspace\Project\Zigbee\E #
#                    U-Router\Ember\EmberZNet5.3.0-GA\em35x\build\Z01_A19_Gat #
#                    eway\ota-storage-common.o E:\Robin-Workspace\Project\Zig #
#                    bee\EU-Router\Ember\EmberZNet5.3.0-GA\em35x\build\Z01_A1 #
#                    9_Gateway\ota-storage-eeprom-page-erase.o                #
#                    E:\Robin-Workspace\Project\Zigbee\EU-Router\Ember\EmberZ #
#                    Net5.3.0-GA\em35x\build\Z01_A19_Gateway\ota-storage-eepr #
#                    om-read-modify-write.o E:\Robin-Workspace\Project\Zigbee #
#                    \EU-Router\Ember\EmberZNet5.3.0-GA\em35x\build\Z01_A19_G #
#                    ateway\ota-storage-eeprom.o                              #
#                    E:\Robin-Workspace\Project\Zigbee\EU-Router\Ember\EmberZ #
#                    Net5.3.0-GA\em35x\build\Z01_A19_Gateway\ota-storage-simp #
#                    le-simulation.o E:\Robin-Workspace\Project\Zigbee\EU-Rou #
#                    ter\Ember\EmberZNet5.3.0-GA\em35x\build\Z01_A19_Gateway\ #
#                    ota-storage-simple.o E:\Robin-Workspace\Project\Zigbee\E #
#                    U-Router\Ember\EmberZNet5.3.0-GA\em35x\build\packet-vali #
#                    date-library-cortexm3-iar-em3587-em3xx\packet-validate-l #
#                    ibrary.a E:\Robin-Workspace\Project\Zigbee\EU-Router\Emb #
#                    er\EmberZNet5.3.0-GA\em35x\build\Z01_A19_Gateway\plugin- #
#                    cli.o E:\Robin-Workspace\Project\Zigbee\EU-Router\Ember\ #
#                    EmberZNet5.3.0-GA\em35x\build\Z01_A19_Gateway\print-form #
#                    atter.o E:\Robin-Workspace\Project\Zigbee\EU-Router\Embe #
#                    r\EmberZNet5.3.0-GA\em35x\build\Z01_A19_Gateway\print.o  #
#                    E:\Robin-Workspace\Project\Zigbee\EU-Router\Ember\EmberZ #
#                    Net5.3.0-GA\em35x\build\Z01_A19_Gateway\process-cluster- #
#                    message.o E:\Robin-Workspace\Project\Zigbee\EU-Router\Em #
#                    ber\EmberZNet5.3.0-GA\em35x\build\Z01_A19_Gateway\proces #
#                    s-global-message.o E:\Robin-Workspace\Project\Zigbee\EU- #
#                    Router\Ember\EmberZNet5.3.0-GA\em35x\build\Z01_A19_Gatew #
#                    ay\random.o E:\Robin-Workspace\Project\Zigbee\EU-Router\ #
#                    Ember\EmberZNet5.3.0-GA\em35x\build\rf4ce-stack-stub-lib #
#                    rary-cortexm3-iar-em3587-em3xx\rf4ce-stack-stub-library. #
#                    a E:\Robin-Workspace\Project\Zigbee\EU-Router\Ember\Embe #
#                    rZNet5.3.0-GA\em35x\build\Z01_A19_Gateway\security-addre #
#                    ss-cache.o E:\Robin-Workspace\Project\Zigbee\EU-Router\E #
#                    mber\EmberZNet5.3.0-GA\em35x\build\Z01_A19_Gateway\secur #
#                    ity-cli.o E:\Robin-Workspace\Project\Zigbee\EU-Router\Em #
#                    ber\EmberZNet5.3.0-GA\em35x\build\security-library-core- #
#                    cortexm3-iar-em3587-em3xx\security-library-core.a        #
#                    E:\Robin-Workspace\Project\Zigbee\EU-Router\Ember\EmberZ #
#                    Net5.3.0-GA\em35x\build\security-library-link-keys-stub- #
#                    cortexm3-iar-em3587-em3xx\security-library-link-keys-stu #
#                    b.a E:\Robin-Workspace\Project\Zigbee\EU-Router\Ember\Em #
#                    berZNet5.3.0-GA\em35x\build\Z01_A19_Gateway\serial.o     #
#                    E:\Robin-Workspace\Project\Zigbee\EU-Router\Ember\EmberZ #
#                    Net5.3.0-GA\em35x\build\Z01_A19_Gateway\service-discover #
#                    y-common.o E:\Robin-Workspace\Project\Zigbee\EU-Router\E #
#                    mber\EmberZNet5.3.0-GA\em35x\build\Z01_A19_Gateway\servi #
#                    ce-discovery-soc.o E:\Robin-Workspace\Project\Zigbee\EU- #
#                    Router\Ember\EmberZNet5.3.0-GA\em35x\build\Z01_A19_Gatew #
#                    ay\sim-eeprom.o E:\Robin-Workspace\Project\Zigbee\EU-Rou #
#                    ter\Ember\EmberZNet5.3.0-GA\em35x\build\Z01_A19_Gateway\ #
#                    simple-metering-client.o E:\Robin-Workspace\Project\Zigb #
#                    ee\EU-Router\Ember\EmberZNet5.3.0-GA\em35x\build\Z01_A19 #
#                    _Gateway\sleep.o E:\Robin-Workspace\Project\Zigbee\EU-Ro #
#                    uter\Ember\EmberZNet5.3.0-GA\em35x\build\Z01_A19_Gateway #
#                    \source-route-common.o E:\Robin-Workspace\Project\Zigbee #
#                    \EU-Router\Ember\EmberZNet5.3.0-GA\em35x\build\Z01_A19_G #
#                    ateway\source-route.o E:\Robin-Workspace\Project\Zigbee\ #
#                    EU-Router\Ember\EmberZNet5.3.0-GA\em35x\build\Z01_A19_Ga #
#                    teway\stack-handler-stub.o E:\Robin-Workspace\Project\Zi #
#                    gbee\EU-Router\Ember\EmberZNet5.3.0-GA\em35x\build\Z01_A #
#                    19_Gateway\token-def.o E:\Robin-Workspace\Project\Zigbee #
#                    \EU-Router\Ember\EmberZNet5.3.0-GA\em35x\build\Z01_A19_G #
#                    ateway\token.o E:\Robin-Workspace\Project\Zigbee\EU-Rout #
#                    er\Ember\EmberZNet5.3.0-GA\em35x\build\Z01_A19_Gateway\t #
#                    rust-center-join-decision.o                              #
#                    E:\Robin-Workspace\Project\Zigbee\EU-Router\Ember\EmberZ #
#                    Net5.3.0-GA\em35x\build\Z01_A19_Gateway\uart.o           #
#                    E:\Robin-Workspace\Project\Zigbee\EU-Router\Ember\EmberZ #
#                    Net5.3.0-GA\em35x\build\Z01_A19_Gateway\util.o           #
#                    E:\Robin-Workspace\Project\Zigbee\EU-Router\Ember\EmberZ #
#                    Net5.3.0-GA\em35x\build\Z01_A19_Gateway\zcl-cli.o        #
#                    E:\Robin-Workspace\Project\Zigbee\EU-Router\Ember\EmberZ #
#                    Net5.3.0-GA\em35x\build\Z01_A19_Gateway\zdo-cli.o        #
#                    E:\Robin-Workspace\Project\Zigbee\EU-Router\Ember\EmberZ #
#                    Net5.3.0-GA\em35x\build\Z01_A19_Gateway\zigbee-device-co #
#                    mmon.o E:\Robin-Workspace\Project\Zigbee\EU-Router\Ember #
#                    \EmberZNet5.3.0-GA\em35x\build\Z01_A19_Gateway\zigbee-de #
#                    vice-library.o E:\Robin-Workspace\Project\Zigbee\EU-Rout #
#                    er\Ember\EmberZNet5.3.0-GA\em35x\build\zigbee-pro-stack- #
#                    cortexm3-iar-em3587-em3xx\zigbee-pro-stack.a             #
#                    E:\Robin-Workspace\Project\Zigbee\EU-Router\Ember\EmberZ #
#                    Net5.3.0-GA\em35x\build\zll-stub-library-cortexm3-iar-em #
#                    3587-em3xx\zll-stub-library.a --redirect                 #
#                    _Printf=_PrintfFull --redirect _Scanf=_ScanfFull -o      #
#                    E:\Robin-Workspace\Project\Zigbee\EU-Router\Ember\EmberZ #
#                    Net5.3.0-GA\em35x\build\Z01_A19_Gateway\Z01_A19_Gateway. #
#                    out --config_def APP_BTL=1 --map                         #
#                    E:\Robin-Workspace\Project\Zigbee\EU-Router\Ember\EmberZ #
#                    Net5.3.0-GA\em35x\build\Z01_A19_Gateway\Z01_A19_Gateway. #
#                    map --log initialization,modules,sections,veneers        #
#                    --log_file E:\Robin-Workspace\Project\Zigbee\EU-Router\E #
#                    mber\EmberZNet5.3.0-GA\em35x\build\Z01_A19_Gateway\Z01_A #
#                    19_Gateway.log --config E:\Robin-Workspace\Project\Zigbe #
#                    e\EU-Router\Ember\EmberZNet5.3.0-GA\em35x\app\builder\Z0 #
#                    1_A19_Gateway/../../../hal/micro/cortexm3/em35x/em3587/i #
#                    ar-cfg.icf --diag_suppress Lp012 --entry halEntryPoint   #
#                    --vfe                                                    #
#                                                                             #
#                                                                             #
###############################################################################

*******************************************************************************
*** RUNTIME MODEL ATTRIBUTES
***

CppFlavor       = *
__SystemLibrary = DLib


*******************************************************************************
*** PLACEMENT SUMMARY
***

"BAT": place at 0x08000000 { section BAT };
"HEADERS":
       place at start of [0x08004000-0x080040ff] { block HEADER_block };
"APP ro":
       place at start of [0x08004100-0x0807ffff] { block APPRO_block };
"NVM&SIMEE":
       place at end of [0x08004100-0x0807ffff] {
          zi section NVM, zi section SIMEE, zi section INTERNAL_STORAGE };
"FAT": place at 0x08080000 { section FAT };
"DEBUGCHAN":
       place at start of [0x2000fff0-0x2000ffff] { rw section DEBUG_CHANNEL };
"APP rw":
       place at end of [0x20000000-0x2000ffef] { block APPRW_block };
"Heap":
       place at start of [0x20000000-0x2000ffef] { overlay EMHEAP_overlay };
"Guard":
       place in [from 0x20000000 to 0x2000ffef] { rw section GUARD_REGION };

  Section                 Kind        Address     Size  Object
  -------                 ----        -------     ----  ------
"BAT":                                            0x54
  BAT                     uninit   0x08000000     0x54  cstartup-iar-common.o [1]
                                 - 0x08000054     0x54

"HEADERS":                                        0xac
  HEADER_block                     0x08004000     0xac  <Block>
    AAT                   const    0x08004000     0xac  cstartup-iar-common.o [1]
                                 - 0x080040ac     0xac

"APP ro":                                      0x1b3c0
  APPRO_block                      0x08004100  0x1b3c0  <Block>
    .intvec               const    0x08004100     0x90  cstartup-iar-common.o [1]
    .text                          0x08004190  0x1a6e0  <Block>
      .text               ro code  0x08004190   0x10b4  CommandParse.o [1]
      .text               ro code  0x08005244     0x98  zcl-cli.o [1]
      .text               ro code  0x080052dc    0x544  af-main-common.o [1]
      .text               ro code  0x08005820    0x10c  SerialPortProtocol.o [1]
      .text               ro code  0x0800592c    0x158  ember-stack-common.o [20]
      .text               ro code  0x08005a84    0x458  zigbee-stack.o [20]
      .text               ro code  0x08005edc     0xb6  zigbee-device-common.o [1]
      .text               ro code  0x08005f94     0xf8  message.o [1]
      .text               ro code  0x0800608c    0x604  util.o [1]
      .text               ro code  0x08006690    0x9b4  attribute-storage.o [1]
      .text               ro code  0x08007044     0x4c  attribute-size.o [1]
      .text               ro code  0x08007090     0x36  strlen.o [17]
      .text               ro code  0x080070c8    0x408  af-main-soc.o [1]
      .text               ro code  0x080074d0      0x6  ABImemclr.o [17]
      .text               ro code  0x080074d8     0xb4  zigbee-dispatch.o [20]
      .text               ro code  0x0800758c    0x2a4  ota-storage-simple.o [1]
      .text               ro code  0x08007830    0x258  event-control.o [20]
      .text               ro code  0x08007a88    0x200  ota-storage-eeprom.o [1]
      .text               ro code  0x08007c88    0x2ea  form-and-join.o [1]
      .text               ro code  0x08007f74    0x398  leave.o [20]
      .text               ro code  0x0800830c    0x5d0  zigbee-device-util.o [20]
      .text               ro code  0x080088dc    0x128  ota-server-policy.o [1]
      .text               ro code  0x08008a04     0x54  multi-network.o [1]
      .text               ro code  0x08008a58     0x10  crypto-state.o [1]
      .text               ro code  0x08008a68     0x96  callback-stub.o [1]
      .text               ro code  0x08008b00    0x454  binding-table.o [4]
      .text               ro code  0x08008f54   0x1586  association.o [20]
      .text               ro code  0x0800a4dc     0x8c  zigbee-device-library.o [1]
      .text               ro code  0x0800a568    0x208  ember-multi-network-stub.o [14]
      .text               ro code  0x0800a770    0x1a6  service-discovery-common.o [1]
      .text               ro code  0x0800a918     0xd0  concentrator-support.o [1]
      .text               ro code  0x0800a9e8     0x8c  af-security-common.o [1]
      .text               ro code  0x0800aa74    0xc80  aps-security.o [18]
      .text               ro code  0x0800b6f4    0x180  token-cache.o [20]
      .text               ro code  0x0800b874    0x11c  network-find.o [1]
      .text               ro code  0x0800b990     0xe8  af-trust-center.o [1]
      .text               ro code  0x0800ba78     0x7c  af-node.o [1]
      .text               ro code  0x0800baf4    0x478  serial.o [1]
      .text               ro code  0x0800bf6c     0x4c  rf4ce-stack-stubs.o [16]
      .text               ro code  0x0800bfb8    0x40c  mac-arbiter.o [20]
      .text               ro code  0x0800c3c4     0x2a  zll-stubs.o [21]
      .text               ro code  0x0800c3f0    0x58c  phy.o [20]
      .text               ro code  0x0800c97c    0x5b4  analogue.o [20]
      .text               ro code  0x0800cf30    0xb4c  diagnostic.o [1]
      .text               ro code  0x0800da7c     0xac  ember-configuration.o [1]
      .text               ro code  0x0800db28    0x288  debug-jtag.o [20]
      .text               ro code  0x0800ddb0     0x80  ember-library.o [20]
      .text               ro code  0x0800de30    0x114  token.o [1]
      .text               ro code  0x0800df44    0x26c  micro.o [1]
      .text               ro code  0x0800e1b0     0x12  phy-util.o [20]
      .text               ro code  0x0800e1c4    0x400  address-table.o [20]
      .text               ro code  0x0800e5c4    0x2bc  debug.o [20]
      .text               ro code  0x0800e880   0x14d8  network.o [20]
      .text               ro code  0x0800fd58      0x6  cbke-crypto-engine-163k1-stub.o [5]
      .text               ro code  0x0800fd5e      0x6  cbke-crypto-engine-283k1-stub.o [6]
      .text               ro code  0x0800fd64    0x82c  phy-common.o [20]
      .text               ro code  0x08010590    0x150  broadcast.o [20]
      .text               ro code  0x080106e0    0x4e0  route-table.o [20]
      .text               ro code  0x08010bc0    0x2c8  mac-receive.o [20]
      .text               ro code  0x08010e88    0x6fc  packet-buffer.o [20]
      .text               ro code  0x08011584    0x880  application-support.o [20]
      .text               ro code  0x08011e04    0x17c  child-aging.o [20]
      .text               ro code  0x08011f80    0x5ac  mac-indirect.o [20]
      .text               ro code  0x0801252c    0x370  zdo-channel.o [20]
      .text               ro code  0x0801289c    0x8b0  aps-retry.o [20]
      .text               ro code  0x0801314c      0xe  cbke-crypto-engine-stub.o [9]
      .text               ro code  0x0801315c      0xc  spmr.o [12]
      .text               ro code  0x08013168      0x6  spmr.o [12]
      .text               ro code  0x08013170    0x23c  micro-common-internal.o [12]
      .text               ro code  0x080133ac    0x28a  retry.o [20]
      .text               ro code  0x08013638    0x720  child.o [20]
      .text               ro code  0x08013d58    0x640  neighbor.o [20]
      .text               ro code  0x08014398    0x3cc  aps-keys.o [18]
      .text               ro code  0x08014764     0xd2  mem-util.o [1]
      .text               ro code  0x08014838    0x1f4  zigbee-neighbor.o [20]
      .text               ro code  0x08014a2c     0x48  idle-sleep-soc.o [1]
      .text               ro code  0x08014a74    0x100  system-timer.o [12]
      .text               ro code  0x08014b74    0x174  client-api.o [1]
      .text               ro code  0x08014ce8    0x1a4  af-event.o [1]
      .text               ro code  0x08014e8c      0x2  address-table-soc.o [1]
      .text               ro code  0x08014e90    0x154  counters-soc.o [1]
      .text               ro code  0x08014fe4     0x42  process-cluster-message.o [1]
      .text               ro code  0x08015028    0x456  process-global-message.o [1]
      .text               ro code  0x08015480     0x94  cstartup-iar-common.o [1]
      .text               ro code  0x08015514      0x8  spmr.o [12]
      .text               ro code  0x0801551c     0x3e  gateway-app.o [1]
      .text               ro code  0x0801555c     0xa8  security-address-cache.o [1]
      .text               ro code  0x08015604     0x2c  command-interpreter2.o [1]
      .text               ro code  0x08015630    0x11c  micro-common.o [1]
      .text               ro code  0x0801574c     0x68  print.o [1]
      .text               ro code  0x080157b4     0x66  ABImemset.o [17]
      .text               ro code  0x0801581c    0x580  zigbee-packet-header.o [20]
      .text               ro code  0x08015d9c     0x76  ABImemcpy.o [17]
      .text               ro code  0x08015e14    0x250  ota-storage-eeprom-page-erase.o [1]
      .text               ro code  0x08016064      0xe  spmr.o [12]
      .text               ro code  0x08016074    0x1f8  eeprom.o [1]
      .text               ro code  0x0801626c     0x48  random.o [1]
      .text               ro code  0x080162b4     0x68  form-and-join-node-adapter.o [1]
      .text               ro code  0x0801631c    0x3d4  scan.o [20]
      .text               ro code  0x080166f0    0x24c  packet-header.o [20]
      .text               ro code  0x0801693c     0x40  child-table.o [20]
      .text               ro code  0x0801697c    0x84c  zigbee-device.o [20]
      .text               ro code  0x080171c8    0x2dc  random-id.o [20]
      .text               ro code  0x080174a4    0x3dc  end-device-bind.o [11]
      .text               ro code  0x08017880    0x334  management.o [20]
      .text               ro code  0x08017bb4     0x18  ota-storage-common.o [1]
      .text               ro code  0x08017bcc      0x8  high-security-stub.o [18]
      .text               ro code  0x08017bd4    0x370  command.o [20]
      .text               ro code  0x08017f44    0x488  trust-center-util.o [18]
      .text               ro code  0x080183cc    0x450  mac.o [20]
      .text               ro code  0x0801881c    0x124  source-route-common.o [1]
      .text               ro code  0x08018940      0x4  install-code-stub.o [13]
      .text               ro code  0x08018944    0x590  crypto.o [20]
      .text               ro code  0x08018ed4    0x30c  aps-encryption.o [18]
      .text               ro code  0x080191e0      0x4  aps-skke-stub.o [18]
      .text               ro code  0x080191e4      0xe  aps-keys-full-stub.o [19]
      .text               ro code  0x080191f4    0x780  route-discovery.o [20]
      .text               ro code  0x08019974     0xae  aes.o [20]
      .text               ro code  0x08019a22     0x1a  Z01_A19_Gateway_callbacks.o [1]
      .text               ro code  0x08019a3c     0x1a  trust-center-join-decision.o [1]
      .text               ro code  0x08019a58    0x2ac  uart.o [1]
      .text               ro code  0x08019d04    0x288  jit.o [20]
      .text               ro code  0x08019f8c    0x1ac  mac-em250.o [20]
      .text               ro code  0x0801a138    0x11c  caladc.o [12]
      .text               ro code  0x0801a254     0x68  mfg-token.o [1]
      .text               ro code  0x0801a2bc      0x8  abs.o [10]
      .text               ro code  0x0801a2c4     0xec  analogue-cell-bias.o [20]
      .text               ro code  0x0801a3b0     0x50  analogue-filter.o [20]
      .text               ro code  0x0801a400    0x454  clocks.o [12]
      .text               ro code  0x0801a854     0xd0  analogue-vco.o [20]
      .text               ro code  0x0801a924    0x268  analogue-mod-dac.o [20]
      .text               ro code  0x0801ab8c    0x1aa  analogue-lna.o [20]
      .text               ro code  0x0801ad38    0x178  micro-internal.o [12]
      .text               ro code  0x0801aeb0    0xad0  sim-eeprom-internal.o [12]
      .text               ro code  0x0801b980    0x120  sim-eeprom.o [1]
      .text               ro code  0x0801baa0     0x24  crc.o [1]
      .text               ro code  0x0801bac4    0x398  packet-validate.o [15]
      .text               ro code  0x0801be5c     0xc0  adc.o [1]
      .text               ro code  0x0801bf1c    0x138  button.o [1]
      .text               ro code  0x0801c054     0x64  unicast-table.o [20]
      .text               ro code  0x0801c0b8     0x44  byte-utilities.o [20]
      .text               ro code  0x0801c0fc     0x9a  led.o [1]
      .text               ro code  0x0801c198    0x330  mac-header.o [20]
      .text               ro code  0x0801c4c8    0x148  route-error.o [20]
      .text               ro code  0x0801c610     0xec  source-route.o [1]
      .text               ro code  0x0801c6fc    0x360  neighbor-exchange.o [20]
      .text               ro code  0x0801ca5c    0x630  sleep.o [1]
      .text               ro code  0x0801d08c     0x18  eui64.o [20]
      .text               ro code  0x0801d0a4      0x4  cbke-crypto-engine-dsa-sign-stub.o [7]
      .text               ro code  0x0801d0a8      0xc  alarm-stub.o [3]
      .text               ro code  0x0801d0b4     0x22  I64Shl.o [17]
      .text               ro code  0x0801d0d6     0x62  hmac.o [18]
      .text               ro code  0x0801d138     0x8c  idle-sleep.o [1]
      .text               ro code  0x0801d1c4    0x394  ota-server.o [1]
      .text               ro code  0x0801d558    0x122  call-command-handler.o [1]
      .text               ro code  0x0801d67c    0x404  attribute-table.o [1]
      .text               ro code  0x0801da80    0x130  bootloader-interface-app.o [1]
      .text               ro code  0x0801dbb0    0x1c4  zdo-binding-table.o [4]
      .text               ro code  0x0801dd74     0x5c  symbol-timer.o [20]
      .text               ro code  0x0801ddd0    0x15c  aes-mmo.o [18]
      .text               ro code  0x0801df2c      0x4  spmr.o [12]
      .text               ro code  0x0801df30      0x4  spmr.o [12]
      .text               ro code  0x0801df34      0xe  spmr.o [12]
      .text               ro code  0x0801df44      0x8  context-switch.o [12]
      .text               ro code  0x0801df4c     0x74  mpu.o [1]
      .text               ro code  0x0801dfc0    0x120  flash.o [12]
      .text               ro code  0x0801e0e0    0x168  ota-server-page-request.o [1]
      .text               ro code  0x0801e248     0x3a  ota-common.o [1]
      .text               ro code  0x0801e284    0x134  identify.o [1]
      .text               ro code  0x0801e3b8     0x76  simple-metering-client.o [1]
      .text               ro code  0x0801e430     0x6c  identify-feedback.o [1]
      .text               ro code  0x0801e49c     0x98  buzzer.o [1]
      .text               ro code  0x0801e534     0x80  faults.o [1]
      .text               ro code  0x0801e5b4      0x0  isr-stubs.o [1]
      .text               ro code  0x0801e5b4      0x0  isr-stubs.o [1]
      .text               ro code  0x0801e5b4      0x0  isr-stubs.o [1]
      .text               ro code  0x0801e5b4      0x0  isr-stubs.o [1]
      .text               ro code  0x0801e5b4      0x0  isr-stubs.o [1]
      .text               ro code  0x0801e5b4      0x0  isr-stubs.o [1]
      .text               ro code  0x0801e5b4      0x0  isr-stubs.o [1]
      .text               ro code  0x0801e5b4      0x0  isr-stubs.o [1]
      .text               ro code  0x0801e5b4      0x0  isr-stubs.o [1]
      .text               ro code  0x0801e5b4      0x0  isr-stubs.o [1]
      .text               ro code  0x0801e5b4      0x0  isr-stubs.o [1]
      .text               ro code  0x0801e5b4      0x0  isr-stubs.o [1]
      .text               ro code  0x0801e5b4      0x0  isr-stubs.o [1]
      .text               ro code  0x0801e5b4      0x4  isr-stubs.o [1]
      .text               ro code  0x0801e5b8    0x21c  cstartup-iar.o [12]
      .text               ro code  0x0801e7d4      0x6  ABImemclr4.o [17]
      .text               ro code  0x0801e7dc     0x10  context-switch.o [12]
      .text               ro code  0x0801e7ec     0x32  ABImemset48.o [17]
      .text               ro code  0x0801e820     0x38  context-switch.o [12]
      .text               ro code  0x0801e858     0x18  cal-pads.o [20]
    .rodata               const    0x0801e870     0x10  af-main-common.o [1]
    .rodata               const    0x0801e880     0x10  attribute-storage.o [1]
    .rodata               const    0x0801e890    0x4f0  diagnostic.o [1]
    .rodata               const    0x0801ed80      0x3  ember-configuration.o [1]
    .rodata               const    0x0801ed83      0x1  binding-table.o [4]
    .rodata               const    0x0801ed84      0xc  ota-common.o [1]
    .rodata               const    0x0801ed90      0x8  serial.o [1]
    .rodata               const    0x0801ed98     0x30  sim-eeprom.o [1]
    .rodata               const    0x0801edc8    0x300  token-def.o [1]
    .rodata               const    0x0801f0c8      0x8  ember-version.o [20]
    .rodata               const    0x0801f0d0      0x8  rf4ce-stack-stubs.o [16]
    .rodata               const    0x0801f0d8     0x18  mfg-token.o [1]
    .rodata               const    0x0801f0f0      0x2  micro-common.o [1]
    .rodata               const    0x0801f0f2      0x1  end-device-bind.o [11]
    .rodata               const    0x0801f0f3      0x1  ember-library.o [20]
    .rodata               const    0x0801f0f4      0x1  aps-keys-full-stub.o [19]
    .rodata               const    0x0801f0f5      0x1  route-table.o [20]
    .rodata               const    0x0801f0f6      0x1  cbke-crypto-engine-stub.o [9]
    .rodata               const    0x0801f0f7      0x1  cbke-crypto-engine-163k1-stub.o [5]
    .rodata               const    0x0801f0f8      0x1  cbke-crypto-engine-283k1-stub.o [6]
    .rodata               const    0x0801f0f9      0x1  aps-skke-stub.o [18]
    .rodata               const    0x0801f0fa      0x1  zll-stubs.o [21]
    .rodata               const    0x0801f0fb      0x1  trust-center-util.o [18]
    .rodata               const    0x0801f0fc      0x1  install-code-stub.o [13]
    .rodata               const    0x0801f0fd      0x1  alarm-stub.o [3]
    .rodata               const    0x0801f0fe      0x1  cbke-crypto-engine-dsa-sign-stub.o [7]
    .rodata               const    0x0801f0ff      0x1  packet-validate.o [15]
    .rodata               const    0x0801f100      0x1  cbke-crypto-engine-dsa-verify-stub.o [8]
    .data_init                     0x0801f104    0x3bc  <Block>
      Initializer bytes   ro data  0x0801f104    0x3bc  <for .data-1>
                                 - 0x0801f4c0  0x1b3c0

"NVM&SIMEE":                                    0x2000
  SIMEE                            0x0807e000   0x2000  <Block>
    SIMEE                 uninit   0x0807e000   0x2000  sim-eeprom.o [1]
                                 - 0x08080000   0x2000

"FAT":                                            0x2c
  FAT                     uninit   0x08080000     0x2c  cstartup-iar-common.o [1]
                                 - 0x0808002c     0x2c

"Heap":                                         0x1460
  EMHEAP_overlay                   0x20000000   0x1460  <Overlay>
    part 1:
      EMHEAP              uninit   0x20000000   0x1460  ember-configuration.o [1]
    part 2:
      RESETINFO                    0x20000000     0x98  <Block>
        RESETINFO         const    0x20000000      0x0  faults.o [1]
        RESETINFO         const    0x20000000      0x0  isr-stubs.o [1]
        RESETINFO         const    0x20000000      0x0  spmr.o [12]
        RESETINFO         const    0x20000000      0x0  context-switch.o [12]
        RESETINFO         uninit   0x20000000     0x98  cstartup-iar-common.o [1]
                                 - 0x20001460   0x1460

"Guard":                                          0x20
  GUARD_REGION            uninit   0x20001460     0x20  cstartup-iar-common.o [1]
                                 - 0x20001480     0x20

"APP rw":                                       0x1ae8
  APPRW_block                      0x2000e508   0x1ae8  <Block>
    ALIGN_CSTACK                   0x2000e508    0x960  <Block>
      CSTACK                       0x2000e508    0x960  <Block>
        CSTACK            const    0x2000e508      0x0  faults.o [1]
        CSTACK            const    0x2000e508      0x0  isr-stubs.o [1]
        CSTACK            const    0x2000e508      0x0  spmr.o [12]
        CSTACK            const    0x2000e508      0x0  context-switch.o [12]
        CSTACK            uninit   0x2000e508    0x960  cstartup-iar-common.o [1]
    .data                          0x2000ee68    0x3bc  <Block>
      .data-1                      0x2000ee68    0x3ba  <Init block>
        .data             inited   0x2000ee68     0x2c  CommandParse.o [1]
        .data             inited   0x2000ee94     0x1c  af-event.o [1]
        .data             inited   0x2000eeb0      0x1  af-main-common.o [1]
        .data             inited   0x2000eeb1      0x1  af-main-soc.o [1]
        .data             inited   0x2000eeb4      0x8  buzzer.o [1]
        .data             inited   0x2000eebc     0x12  eeprom.o [1]
        .data             inited   0x2000eece      0x1  ember-configuration.o [1]
        .data             inited   0x2000eecf      0x1  ember-configuration.o [1]
        .data             inited   0x2000eed0      0x4  ember-configuration.o [1]
        .data             inited   0x2000eed4      0x4  ember-configuration.o [1]
        .data             inited   0x2000eed8      0x4  ember-configuration.o [1]
        .data             inited   0x2000eedc      0x4  ember-configuration.o [1]
        .data             inited   0x2000eee0      0x4  ember-configuration.o [1]
        .data             inited   0x2000eee4      0x1  ember-configuration.o [1]
        .data             inited   0x2000eee8      0x4  ember-configuration.o [1]
        .data             inited   0x2000eeec      0x1  ember-configuration.o [1]
        .data             inited   0x2000eef0      0x4  ember-configuration.o [1]
        .data             inited   0x2000eef4      0x4  ember-configuration.o [1]
        .data             inited   0x2000eef8      0x4  ember-configuration.o [1]
        .data             inited   0x2000eefc      0x1  ember-configuration.o [1]
        .data             inited   0x2000ef00      0x4  ember-configuration.o [1]
        .data             inited   0x2000ef04      0x4  ember-configuration.o [1]
        .data             inited   0x2000ef08      0x1  ember-configuration.o [1]
        .data             inited   0x2000ef0c      0x4  ember-configuration.o [1]
        .data             inited   0x2000ef10      0x1  ember-configuration.o [1]
        .data             inited   0x2000ef14      0x4  ember-configuration.o [1]
        .data             inited   0x2000ef18      0x1  ember-configuration.o [1]
        .data             inited   0x2000ef1c      0x4  ember-configuration.o [1]
        .data             inited   0x2000ef20      0x1  ember-configuration.o [1]
        .data             inited   0x2000ef24      0x4  ember-configuration.o [1]
        .data             inited   0x2000ef28      0x4  ember-configuration.o [1]
        .data             inited   0x2000ef2c      0x1  ember-configuration.o [1]
        .data             inited   0x2000ef30      0x4  ember-configuration.o [1]
        .data             inited   0x2000ef34      0x1  ember-configuration.o [1]
        .data             inited   0x2000ef38      0x4  ember-configuration.o [1]
        .data             inited   0x2000ef3c      0x1  ember-configuration.o [1]
        .data             inited   0x2000ef40      0x4  ember-configuration.o [1]
        .data             inited   0x2000ef44      0x2  ember-configuration.o [1]
        .data             inited   0x2000ef46      0x1  ember-configuration.o [1]
        .data             inited   0x2000ef48      0x4  ember-configuration.o [1]
        .data             inited   0x2000ef4c      0x1  ember-configuration.o [1]
        .data             inited   0x2000ef4d      0x1  ember-configuration.o [1]
        .data             inited   0x2000ef4e      0x1  ember-configuration.o [1]
        .data             inited   0x2000ef4f      0x1  ember-configuration.o [1]
        .data             inited   0x2000ef50      0x1  ember-configuration.o [1]
        .data             inited   0x2000ef52      0x2  ember-configuration.o [1]
        .data             inited   0x2000ef54      0x1  ember-configuration.o [1]
        .data             inited   0x2000ef55      0x1  ember-configuration.o [1]
        .data             inited   0x2000ef56      0x1  ember-configuration.o [1]
        .data             inited   0x2000ef57      0x1  ember-configuration.o [1]
        .data             inited   0x2000ef58      0x1  ember-configuration.o [1]
        .data             inited   0x2000ef5c      0xc  form-and-join-node-adapter.o [1]
        .data             inited   0x2000ef68     0x28  micro.o [1]
        .data             inited   0x2000ef90     0x40  mpu.o [1]
        .data             inited   0x2000efd0     0x20  ota-server-page-request.o [1]
        .data             inited   0x2000eff0      0x1  ota-server-policy.o [1]
        .data             inited   0x2000eff4     0x14  ota-server.o [1]
        .data             inited   0x2000f008      0x8  ota-storage-eeprom-page-erase.o [1]
        .data             inited   0x2000f010      0x1  print.o [1]
        .data             inited   0x2000f012      0x4  random.o [1]
        .data             inited   0x2000f018     0x20  security-cli.o [1]
        .data             inited   0x2000f038     0x2c  serial.o [1]
        .data             inited   0x2000f064      0x2  source-route-common.o [1]
        .data             inited   0x2000f066      0x1  source-route.o [1]
        .data             inited   0x2000f068      0x4  source-route.o [1]
        .data             inited   0x2000f06c     0x20  util.o [1]
        .data             inited   0x2000f08c      0x1  util.o [1]
        .data             inited   0x2000f08d      0x1  zigbee-device-common.o [1]
        .data             inited   0x2000f08e      0x1  zigbee-device-util.o [20]
        .data             inited   0x2000f090      0x8  zigbee-stack.o [20]
        .data             inited   0x2000f098      0x1  zigbee-stack.o [20]
        .data             inited   0x2000f09c      0xe  leave.o [20]
        .data             inited   0x2000f0aa      0x9  analogue.o [20]
        .data             inited   0x2000f0b4      0xe  analogue.o [20]
        .data             inited   0x2000f0c4     0x24  association.o [20]
        .data             inited   0x2000f0e8      0xc  association.o [20]
        .data             inited   0x2000f0f4      0x2  token-cache.o [20]
        .data             inited   0x2000f0f6      0xa  zigbee-device.o [20]
        .data             inited   0x2000f100      0x1  packet-buffer.o [20]
        .data             inited   0x2000f102      0x6  child.o [20]
        .data             inited   0x2000f108      0x4  application-support.o [20]
        .data             inited   0x2000f10c      0x4  micro-internal.o [12]
        .data             inited   0x2000f110      0x4  network.o [20]
        .data             inited   0x2000f114      0x1  network.o [20]
        .data             inited   0x2000f118      0x4  debug.o [20]
        .data             inited   0x2000f11c     0x24  scan.o [20]
        .data             inited   0x2000f140      0xa  clocks.o [12]
        .data             inited   0x2000f14a      0x2  random-id.o [20]
        .data             inited   0x2000f14c      0xe  management.o [20]
        .data             inited   0x2000f15c     0x1e  end-device-bind.o [11]
        .data             inited   0x2000f17c     0x14  zdo-channel.o [20]
        .data             inited   0x2000f190      0x2  mac-em250.o [20]
        .data             inited   0x2000f192      0x1  mac-em250.o [20]
        .data             inited   0x2000f194     0x10  mac-receive.o [20]
        .data             inited   0x2000f1a4     0x12  mac-indirect.o [20]
        .data             inited   0x2000f1b8     0x14  mac-arbiter.o [20]
        .data             inited   0x2000f1cc      0x8  mac-arbiter.o [20]
        .data             inited   0x2000f1d4      0xe  aps-retry.o [20]
        .data             inited   0x2000f1e4     0x1c  phy-common.o [20]
        .data             inited   0x2000f200      0x1  phy-common.o [20]
        .data             inited   0x2000f204      0xe  jit.o [20]
        .data             inited   0x2000f212      0x8  analogue-mod-dac.o [20]
        .data             inited   0x2000f21a      0x2  trust-center-util.o [18]
        .data             inited   0x2000f21c      0x1  packet-validate.o [15]
        .data             inited   0x2000f21e      0x4  mac-header.o [20]
    DLIB_PERTHREAD_INITIALIZED_DATA
                                   0x2000f224      0x0  <Block>
    DLIB_PERTHREAD_ZERO_DATA
                                   0x2000f224      0x0  <Block>
    .bss                           0x2000f228    0xdc8  <Block>
      .bss                uninit   0x2000f228     0x10  mac-indirect.o [20]
      .bss                uninit   0x2000f238     0x14  CommandParse.o [1]
      .bss                uninit   0x2000f24c    0x10c  SerialPortProtocol.o [1]
      .bss                uninit   0x2000f358     0x1e  adc.o [1]
      .bss                uninit   0x2000f376      0x2  cstartup-iar-common.o [1]
      .bss                uninit   0x2000f378      0x8  af-event.o [1]
      .bss                uninit   0x2000f380      0x8  af-event.o [1]
      .bss                uninit   0x2000f388     0x18  af-main-common.o [1]
      .bss                uninit   0x2000f3a0     0x16  attribute-storage.o [1]
      .bss                uninit   0x2000f3b6      0x2  ota-server-policy.o [1]
      .bss                uninit   0x2000f3b8     0x18  bootloader-interface-app.o [1]
      .bss                uninit   0x2000f3d0     0x10  client-api.o [1]
      .bss                uninit   0x2000f3e0     0x7c  command-interpreter2.o [1]
      .bss                uninit   0x2000f45c      0x8  concentrator-support.o [1]
      .bss                uninit   0x2000f464     0x44  counters-soc.o [1]
      .bss                uninit   0x2000f4a8     0x44  counters-soc.o [1]
      .bss                uninit   0x2000f4ec     0x24  counters-soc.o [1]
      .bss                uninit   0x2000f510     0x30  ember-configuration.o [1]
      .bss                uninit   0x2000f540     0x14  form-and-join.o [1]
      .bss                uninit   0x2000f554      0xc  identify-feedback.o [1]
      .bss                uninit   0x2000f560      0x4  identify.o [1]
      .bss                uninit   0x2000f564     0x10  message.o [1]
      .bss                uninit   0x2000f574     0x54  message.o [1]
      .bss                uninit   0x2000f5c8      0x4  multi-network.o [1]
      .bss                uninit   0x2000f5cc      0xc  network-find.o [1]
      .bss                uninit   0x2000f5d8      0x8  network-find.o [1]
      .bss                uninit   0x2000f5e0      0xc  ota-storage-eeprom-page-erase.o [1]
      .bss                uninit   0x2000f5ec      0x8  ota-storage-eeprom.o [1]
      .bss                uninit   0x2000f5f4     0x18  ota-storage-simple.o [1]
      .bss                uninit   0x2000f60c     0x88  serial.o [1]
      .bss                uninit   0x2000f694     0x88  serial.o [1]
      .bss                uninit   0x2000f71c     0x14  service-discovery-common.o [1]
      .bss                uninit   0x2000f730     0xf8  sim-eeprom.o [1]
      .bss                uninit   0x2000f828      0xc  sleep.o [1]
      .bss                uninit   0x2000f834    0x3e8  source-route.o [1]
      .bss                uninit   0x2000fc1c     0x54  zcl-cli.o [1]
      .bss                uninit   0x2000fc70     0x12  zcl-cli.o [1]
      .bss                uninit   0x2000fc82      0x2  print.o [1]
      .bss                uninit   0x2000fc84      0x8  eui64.o [20]
      .bss                uninit   0x2000fc8c      0x8  zigbee-device-util.o [20]
      .bss                uninit   0x2000fc94      0xc  zigbee-dispatch.o [20]
      .bss                uninit   0x2000fca0     0x24  analogue.o [20]
      .bss                uninit   0x2000fcc4      0xc  association.o [20]
      .bss                uninit   0x2000fcd0      0x8  ember-multi-network-stub.o [14]
      .bss                uninit   0x2000fcd8      0x8  ember-multi-network-stub.o [14]
      .bss                uninit   0x2000fce0      0x8  ember-multi-network-stub.o [14]
      .bss                uninit   0x2000fce8      0x8  system-timer.o [12]
      .bss                uninit   0x2000fcf0    0x118  phy.o [20]
      .bss                uninit   0x2000fe08      0x8  aps-keys.o [18]
      .bss                uninit   0x2000fe10      0x8  context-switch.o [12]
      .bss                uninit   0x2000fe18     0x64  broadcast.o [20]
      .bss                uninit   0x2000fe7c      0x8  cal-pads.o [20]
      .bss                uninit   0x2000fe84      0x8  mac-em250.o [20]
      .bss                uninit   0x2000fe8c      0x8  high-security-stub.o [18]
      .bss                uninit   0x2000fe94      0x8  neighbor.o [20]
      .bss                uninit   0x2000fe9c      0xc  mac.o [20]
      .bss                uninit   0x2000fea8     0x80  mac.o [20]
      .bss                uninit   0x2000ff28      0x8  aps-skke-stub.o [18]
      .bss                uninit   0x2000ff30      0x8  neighbor-exchange.o [20]
      .bss                uninit   0x2000ff38     0x10  retry.o [20]
      .bss                uninit   0x2000ff48     0x40  retry.o [20]
      .bss                uninit   0x2000ff88      0x8  zll-stubs.o [21]
      .bss                uninit   0x2000ff90      0x4  aps-encryption.o [18]
      .bss                uninit   0x2000ff94     0x14  unicast-table.o [20]
      .bss                uninit   0x2000ffa8      0x8  mac-header.o [20]
      .bss                uninit   0x2000ffb0      0x2  util.o [1]
      .bss                uninit   0x2000ffb2      0x4  sim-eeprom-internal.o [12]
      .bss                uninit   0x2000ffb6      0x4  route-table.o [20]
      .bss                uninit   0x2000ffba      0x1  af-event.o [1]
      .bss                uninit   0x2000ffbb      0x1  af-trust-center.o [1]
      .bss                uninit   0x2000ffbc      0x2  button.o [1]
      .bss                uninit   0x2000ffbe      0x2  concentrator-support.o [1]
      .bss                uninit   0x2000ffc0      0x1  crypto-state.o [1]
      .bss                uninit   0x2000ffc1      0x1  eeprom.o [1]
      .bss                uninit   0x2000ffc2      0x1  ember-configuration.o [1]
      .bss                uninit   0x2000ffc3      0x1  ember-configuration.o [1]
      .bss                uninit   0x2000ffc4      0x1  ember-configuration.o [1]
      .bss                uninit   0x2000ffc5      0x1  ember-configuration.o [1]
      .bss                uninit   0x2000ffc6      0x1  ember-configuration.o [1]
      .bss                uninit   0x2000ffc7      0x1  ember-configuration.o [1]
      .bss                uninit   0x2000ffc8      0x1  ember-configuration.o [1]
      .bss                uninit   0x2000ffc9      0x2  idle-sleep.o [1]
      .bss                uninit   0x2000ffcb      0x1  idle-sleep.o [1]
      .bss                uninit   0x2000ffcc      0x1  micro-common.o [1]
      .bss                uninit   0x2000ffcd      0x1  ota-server-policy.o [1]
      .bss                uninit   0x2000ffce      0x1  ota-server-policy.o [1]
      .bss                uninit   0x2000ffcf      0x1  process-global-message.o [1]
      .bss                uninit   0x2000ffd0      0x3  security-address-cache.o [1]
      .bss                uninit   0x2000ffd3      0x2  token.o [1]
      .bss                uninit   0x2000ffd5      0x1  util.o [1]
      .bss                uninit   0x2000ffd6      0x1  zigbee-device-common.o [1]
      .bss                uninit   0x2000ffd7      0x2  event-control.o [20]
      .bss                uninit   0x2000ffd9      0x1  zigbee-dispatch.o [20]
      .bss                uninit   0x2000ffda      0x2  zigbee-stack.o [20]
      .bss                uninit   0x2000ffdc      0x1  association.o [20]
      .bss                uninit   0x2000ffdd      0x1  application-support.o [20]
      .bss                uninit   0x2000ffde      0x3  network.o [20]
      .bss                uninit   0x2000ffe1      0x1  flash.o [12]
      .bss                uninit   0x2000ffe2      0x2  phy.o [20]
      .bss                uninit   0x2000ffe4      0x2  phy.o [20]
      .bss                uninit   0x2000ffe6      0x1  random-id.o [20]
      .bss                uninit   0x2000ffe7      0x1  debug-jtag.o [20]
      .bss                uninit   0x2000ffe8      0x1  high-security-stub.o [18]
      .bss                uninit   0x2000ffe9      0x1  neighbor.o [20]
      .bss                uninit   0x2000ffea      0x1  phy-common.o [20]
      .bss                uninit   0x2000ffeb      0x3  analogue-vco.o [20]
      .bss                uninit   0x2000ffee      0x1  command.o [20]
      .bss                uninit   0x2000ffef      0x1  route-discovery.o [20]
                                 - 0x2000fff0   0x1ae8

"DEBUGCHAN":                                      0x10
  DEBUG_CHANNEL                    0x2000fff0     0x10  <Block>
    DEBUG_CHANNEL         uninit   0x2000fff0     0x10  debug-jtag.o [20]
                                 - 0x20010000     0x10



*******************************************************************************
*** MODULE SUMMARY
***

    Module                                ro code  ro data  rw data
    ------                                -------  -------  -------
E:\Robin-Workspace\Project\Zigbee\EU-Router\Ember\EmberZNet5.3.0-GA\em35x\build\Z01_A19_Gateway: [1]
    CommandParse.o                          4 276       44       64
    SerialPortProtocol.o                      268               268
    Z01_A19_Gateway_callbacks.o                26
    adc.o                                     192                30
    address-table-soc.o                         2
    af-event.o                                420       28       45
    af-main-common.o                        1 348       17       25
    af-main-soc.o                           1 032        1        1
    af-node.o                                 124
    af-security-common.o                      140
    af-trust-center.o                         232                 1
    attribute-size.o                           76
    attribute-storage.o                     2 484       16       22
    attribute-table.o                       1 028
    bootloader-interface-app.o                304                24
    button.o                                  312                 2
    buzzer.o                                  152       10        8
    call-command-handler.o                    290
    callback-stub.o                           150
    client-api.o                              372                16
    command-interpreter2.o                     44               124
    concentrator-support.o                    208                10
    counters-soc.o                            340               172
    crc.o                                      36
    crypto-state.o                             16                 1
    cstartup-iar-common.o                     148      316    2 562
    diagnostic.o                            2 892    1 264
    eeprom.o                                  504       18       19
    ember-configuration.o                     172      142      162
    faults.o                                  128
    form-and-join-node-adapter.o              104       15       12
    form-and-join.o                           746                20
    gateway-app.o                              62
    identify-feedback.o                       108                12
    identify.o                                308                 4
    idle-sleep-soc.o                           72
    idle-sleep.o                              140                 3
    isr-stubs.o                                 4
    led.o                                     154
    mem-util.o                                210
    message.o                                 248               100
    mfg-token.o                               104       24
    micro-common.o                            284        2        1
    micro.o                                   620       40       40
    mpu.o                                     116       64       64
    multi-network.o                            84                 4
    network-find.o                            284                20
    ota-common.o                               58       12
    ota-server-page-request.o                 360       32       32
    ota-server-policy.o                       296        1        5
    ota-server.o                              916       23       20
    ota-storage-common.o                       24
    ota-storage-eeprom-page-erase.o           592        8       20
    ota-storage-eeprom.o                      512                 8
    ota-storage-simple.o                      676                24
    print.o                                   104        1        3
    process-cluster-message.o                  66
    process-global-message.o                1 110                 1
    random.o                                   72        5        4
    security-address-cache.o                  168                 3
    security-cli.o                                      34       32
    serial.o                                1 144       52      316
    service-discovery-common.o                422                20
    sim-eeprom.o                              288       48    8 440
    simple-metering-client.o                  118
    sleep.o                                 1 584                12
    source-route-common.o                     292        2        2
    source-route.o                            236        6    1 005
    token-def.o                                        768
    token.o                                   276                 2
    trust-center-join-decision.o               26
    uart.o                                    684
    util.o                                  1 540       33       36
    zcl-cli.o                                 152               102
    zigbee-device-common.o                    182        1        2
    zigbee-device-library.o                   140
    ---------------------------------------------------------------
    Total:                                 33 402    3 027   13 925

command line: [2]
    ---------------------------------------------------------------
    Total:

alarm-stub-library.a: [3]
    alarm-stub.o                               12        1
    ---------------------------------------------------------------
    Total:                                     12        1

binding-table-library.a: [4]
    binding-table.o                         1 108        1
    zdo-binding-table.o                       452
    ---------------------------------------------------------------
    Total:                                  1 560        1

cbke-163k1-stub-library.a: [5]
    cbke-crypto-engine-163k1-stub.o             6        1
    ---------------------------------------------------------------
    Total:                                      6        1

cbke-283k1-stub-library.a: [6]
    cbke-crypto-engine-283k1-stub.o             6        1
    ---------------------------------------------------------------
    Total:                                      6        1

cbke-library-dsa-sign-stub.a: [7]
    cbke-crypto-engine-dsa-sign-stub.o          4        1
    ---------------------------------------------------------------
    Total:                                      4        1

cbke-library-dsa-verify-stub.a: [8]
    cbke-crypto-engine-dsa-verify-stub.o                 1
    ---------------------------------------------------------------
    Total:                                               1

cbke-stub-library.a: [9]
    cbke-crypto-engine-stub.o                  14        1
    ---------------------------------------------------------------
    Total:                                     14        1

dl7M_tln.a: [10]
    abs.o                                       8
    ---------------------------------------------------------------
    Total:                                      8

end-device-bind-library.a: [11]
    end-device-bind.o                         988       33       30
    ---------------------------------------------------------------
    Total:                                    988       33       30

hal-library.a: [12]
    caladc.o                                  284
    clocks.o                                1 108       10       10
    context-switch.o                           80                 8
    cstartup-iar.o                            540
    flash.o                                   288                 1
    micro-common-internal.o                   572
    micro-internal.o                          376        4        4
    sim-eeprom-internal.o                   2 768                 4
    spmr.o                                     62
    system-timer.o                            256                 8
    ---------------------------------------------------------------
    Total:                                  6 334       14       35

install-code-library-stub.a: [13]
    install-code-stub.o                         4        1
    ---------------------------------------------------------------
    Total:                                      4        1

multi-network-stub-library.a: [14]
    ember-multi-network-stub.o                520                24
    ---------------------------------------------------------------
    Total:                                    520                24

packet-validate-library.a: [15]
    packet-validate.o                         920        2        1
    ---------------------------------------------------------------
    Total:                                    920        2        1

rf4ce-stack-stub-library.a: [16]
    rf4ce-stack-stubs.o                        76        8
    ---------------------------------------------------------------
    Total:                                     76        8

rt7M_tl.a: [17]
    ABImemclr.o                                 6
    ABImemclr4.o                                6
    ABImemcpy.o                               118
    ABImemset.o                               102
    ABImemset48.o                              50
    I64Shl.o                                   34
    strlen.o                                   54
    ---------------------------------------------------------------
    Total:                                    370

security-library-core.a: [18]
    aes-mmo.o                                 348
    aps-encryption.o                          780                 4
    aps-keys.o                                972                 8
    aps-security.o                          3 200
    aps-skke-stub.o                             4        1        8
    high-security-stub.o                        8                 9
    hmac.o                                     98
    trust-center-util.o                     1 160        3        2
    ---------------------------------------------------------------
    Total:                                  6 570        4       31

security-library-link-keys-stub.a: [19]
    aps-keys-full-stub.o                       14        1
    ---------------------------------------------------------------
    Total:                                     14        1

zigbee-pro-stack.a: [20]
    address-table.o                         1 024
    aes.o                                     174
    analogue-cell-bias.o                      236
    analogue-filter.o                          80
    analogue-lna.o                            426
    analogue-mod-dac.o                        616        8        8
    analogue-vco.o                            208                 3
    analogue.o                              1 460       24       59
    application-support.o                   2 176        4        5
    aps-retry.o                             2 224       14       14
    association.o                           5 510       50       61
    broadcast.o                               336               100
    byte-utilities.o                           68
    cal-pads.o                                 24                 8
    child-aging.o                             380
    child-table.o                              64
    child.o                                 1 824        7        6
    command.o                                 880                 1
    crypto.o                                1 424
    debug-jtag.o                              648                17
    debug.o                                   700        7        4
    ember-library.o                           128        1
    ember-stack-common.o                      344
    ember-version.o                                      8
    eui64.o                                    24                 8
    event-control.o                           600                 2
    jit.o                                     648       17       14
    leave.o                                   920       17       14
    mac-arbiter.o                           1 036       30       28
    mac-em250.o                               428        3       11
    mac-header.o                              816        5       12
    mac-indirect.o                          1 452       18       34
    mac-receive.o                             712       17       16
    mac.o                                   1 104               140
    management.o                              820       14       14
    neighbor-exchange.o                       864                 8
    neighbor.o                              1 600                 9
    network.o                               5 336        5        8
    packet-buffer.o                         1 788        1        1
    packet-header.o                           588
    phy-common.o                            2 092       31       30
    phy-util.o                                 18
    phy.o                                   1 420               284
    random-id.o                               732        2        3
    retry.o                                   650                80
    route-discovery.o                       1 920                 1
    route-error.o                             328
    route-table.o                           1 248        1        4
    scan.o                                    980       36       36
    symbol-timer.o                             92
    token-cache.o                             384        2        2
    unicast-table.o                           100                20
    zdo-channel.o                             880       22       20
    zigbee-device-util.o                    1 488        1        9
    zigbee-device.o                         2 124       10       10
    zigbee-dispatch.o                         180                13
    zigbee-neighbor.o                         500
    zigbee-packet-header.o                  1 408
    zigbee-stack.o                          1 112       10       11
    ---------------------------------------------------------------
    Total:                                 57 346      365    1 128

zll-stub-library.a: [21]
    zll-stubs.o                                42        1        8
    ---------------------------------------------------------------
    Total:                                     42        1        8

    Gaps                                       60                68
    Linker created                                       2    5 216
-------------------------------------------------------------------
    Grand Total:                          108 256    3 465   20 466


*******************************************************************************
*** ENTRY LIST
***

Entry                      Address    Size  Type      Object
-----                      -------    ----  ----      ------
.bss$$Base              0x2000f228           --   Gb  - Linker created -
.bss$$Length            0x00000dc8           --   Gb  - Linker created -
.bss$$Limit             0x2000fff0           --   Gb  - Linker created -
.data$$Base             0x2000ee68           --   Gb  - Linker created -
.data$$Limit            0x2000f224           --   Gb  - Linker created -
.data_init$$Base        0x0801f104           --   Gb  - Linker created -
.data_init$$Length      0x000003bc           --   Gb  - Linker created -
.data_init$$Limit       0x0801f4c0           --   Gb  - Linker created -
.noinit$$Base           0x00000000           --   Gb  - Linker created -
.text$$Base             0x08004190           --   Gb  - Linker created -
.text$$Limit            0x0801e870           --   Gb  - Linker created -
.textrw$$Base           0x00000000           --   Gb  - Linker created -
.textrw_init$$Base      0x00000000           --   Gb  - Linker created -
.textrw_init$$Length    0x00000000           --   Gb  - Linker created -
ALIGN_CSTACK$$Base      0x2000e508           --   Gb  - Linker created -
ALIGN_CSTACK$$Limit     0x2000ee68           --   Gb  - Linker created -
APPRO_block$$Base       0x08004100           --   Gb  - Linker created -
APPRO_block$$Limit      0x0801f4c0           --   Gb  - Linker created -
APPRW_block$$Base       0x2000e508           --   Gb  - Linker created -
APPRW_block$$Limit      0x2000fff0           --   Gb  - Linker created -
APP_RAM$$Base           0x00000000           --   Gb  - Linker created -
APP_RAM$$Length         0x00000000           --   Gb  - Linker created -
BindingEventControl     0x2000ee70     0x8  Data  Gb  CommandParse.o [1]
BindingEventFunction    0x08004491    0x5a  Code  Gb  CommandParse.o [1]
CSTACK$$Base            0x2000e508           --   Gb  - Linker created -
CSTACK$$Limit           0x2000ee68           --   Gb  - Linker created -
CharMacToHexMac         0x080041b9    0x2c  Code  Gb  CommandParse.o [1]
CharToHex               0x08004191    0x28  Code  Gb  CommandParse.o [1]
ColorTempratureToPercentage
                        0x08004903    0x26  Code  Gb  CommandParse.o [1]
CopyZclMemory           0x0800423b    0x1a  Code  Gb  CommandParse.o [1]
DEBUG_CHANNEL$$Base     0x2000fff0           --   Gb  - Linker created -
DEBUG_CHANNEL$$Limit    0x20010000           --   Gb  - Linker created -
DLIB_PERTHREAD_INITIALIZED_DATA$$Base
                        0x2000f224           --   Gb  - Linker created -
DLIB_PERTHREAD_INITIALIZED_DATA$$Limit
                        0x2000f224           --   Gb  - Linker created -
DLIB_PERTHREAD_ZERO_DATA$$Base
                        0x2000f224           --   Gb  - Linker created -
DLIB_PERTHREAD_ZERO_DATA$$Length
                        0x00000000           --   Gb  - Linker created -
DLIB_PERTHREAD_ZERO_DATA$$Limit
                        0x2000f224           --   Gb  - Linker created -
DataParse               0x08004def   0x394  Code  Gb  CommandParse.o [1]
EMHEAP_overlay$$Base    0x20000000           --   Gb  - Linker created -
EMHEAP_overlay$$Limit   0x20001460           --   Gb  - Linker created -
ERASE_CRITICAL_THRESHOLD
                        0x0801eda4     0x2  Data  Gb  sim-eeprom.o [1]
GetClusterAndAttribute  0x0800473f    0x90  Code  Gb  CommandParse.o [1]
GetConfigReportAttributeId
                        0x0800454b    0x3a  Code  Gb  CommandParse.o [1]
GetConfigReportCADId    0x080044f5    0x56  Code  Gb  CommandParse.o [1]
GetInformation          0x080045c1    0x90  Code  Gb  CommandParse.o [1]
GetOtaFileState         0x08004b5d     0x8  Code  Gb  CommandParse.o [1]
[...]
modDacForceReCal        0x2000f0ae     0x2  Data  Gb  analogue.o [20]
model                   0x08005234    0x10  Data  Lc  CommandParse.o [1]
mpuConfig               0x2000ef90    0x40  Data  Lc  mpu.o [1]
mtorFlags               0x080171c0     0x8  Data  Lc  zigbee-device.o [20]
multiNetworkCounterHandler
                        0x08014f3f    0x72  Code  Lc  counters-soc.o [1]
multiNetworkCounterTable
                        0x08014fd0    0x14  Data  Lc  counters-soc.o [1]
nameStrings             0x0800d9bc    0xc0  Data  Lc  diagnostic.o [1]
networkCommandBaseSizes
                        0x0801bde8     0xc  Data  Lc  packet-validate.o [15]
networkCommandPacketIsValid
                        0x0801bb63    0x9e  Code  Lc  packet-validate.o [15]
networkCount            0x2000f543     0x1  Data  Lc  form-and-join.o [1]
networkDecrypt          0x0800ed43   0x16e  Code  Lc  network.o [20]
networkInitData         0x2000f0e4     0x4  Data  Lc  association.o [20]
networkPacketIsValid    0x0801bb17    0x4c  Code  Lc  packet-validate.o [15]
networkSubmitUnicast    0x0800ec43    0x88  Code  Lc  network.o [20]
newChannel              0x2000ffdc     0x1  Data  Lc  association.o [20]
newEraseOperation       0x2000f5e0     0x1  Data  Lc  ota-storage-eeprom-page-erase.o [1]
newNwkUpdateId          0x2000f17d     0x1  Data  Lc  zdo-channel.o [20]
newPanId                0x2000f158     0x2  Data  Lc  management.o [20]
newestIndex             0x2000f065     0x1  Data  Lc  source-route-common.o [1]
nextApsFrameCounter     0x2000ff90     0x4  Data  Lc  aps-encryption.o [18]
nextChannel             0x2000f11d     0x1  Data  Lc  scan.o [20]
nextIncomingRssi        0x2000f13c     0x4  Data  Lc  scan.o [20]
nextIndex               0x2000ffd2     0x1  Data  Lc  security-address-cache.o [1]
nextOutgoingRssi        0x2000f138     0x4  Data  Lc  scan.o [20]
nextVersionPolicy       0x2000ffcd     0x1  Data  Lc  ota-server-policy.o [1]
nodeThatToldUsToLeave   0x2000f0a8     0x2  Data  Lc  leave.o [20]
normalOrBoostTokSerialRegId
                        0x0801a3a4     0xc  Data  Gb  analogue-cell-bias.o [20]
noteDiscoveryTimeout    0x0801077b    0x6a  Code  Lc  route-table.o [20]
notePreconfiguredKeyType
                        0x0800b651    0x22  Code  Lc  aps-security.o [18]
notifyTrustCenter       0x080081db    0x28  Code  Lc  leave.o [20]
nullEui                 0x0801a2b4     0x8  Data  Lc  mfg-token.o [1]
nwkSequenceNumber       0x2000f108     0x1  Data  Lc  application-support.o [20]
oneScanDone             0x2000f184     0x1  Data  Lc  zdo-channel.o [20]
originalChannel         0x2000f120     0x1  Data  Lc  scan.o [20]
originalPanId           0x2000f12c     0x2  Data  Lc  scan.o [20]
originalRadioIdleMode   0x2000f121     0x1  Data  Lc  scan.o [20]
otaEventType            0x2000ee6b     0x1  Data  Lc  CommandParse.o [1]
otaFileState            0x2000ee6d     0x1  Data  Lc  CommandParse.o [1]
otaNetAddress           0x2000ee82     0x2  Data  Gb  CommandParse.o [1]
otaOffset               0x2000ee88     0x4  Data  Gb  CommandParse.o [1]
otaState                0x2000ee6c     0x1  Data  Lc  CommandParse.o [1]
paPresent               0x2000f0b6     0x1  Data  Lc  analogue.o [20]
packetChecks            0x0801be1c    0x40  Data  Lc  packet-validate.o [15]
pageEraseStatus         0x2000eecd     0x1  Data  Gb  eeprom.o [1]
pageRequestStatus       0x2000eff0     0x1  Data  Lc  ota-server-policy.o [1]
panConflictMeter        0x2000f14c     0x1  Data  Lc  management.o [20]
pendingAckedCount       0x2000f1d5     0x1  Data  Lc  aps-retry.o [20]
permitJoining           0x2000fcc4     0x1  Data  Lc  association.o [20]
phyToMacQueueLength     0x2000f194     0x2  Data  Lc  mac-receive.o [20]
phyToMacQueueLengthReached
                        0x2000f198     0x2  Data  Lc  mac-receive.o [20]
platformTick            0x0800608d    0x20  Code  Lc  util.o [1]
pollState               0x2000f1bc     0x1  Data  Lc  mac-arbiter.o [20]
powerLevelSettings      0x0800cf2c     0x4  Data  Gb  analogue.o [20]
powers10                0x0800bf48    0x24  Data  Lc  serial.o [1]
prepareForResponse      0x080060c5    0x5e  Code  Lc  util.o [1]
prepareResponse         0x0801d2fb    0x68  Code  Lc  ota-server.o [1]
previousLoValue         0x2000f144     0x1  Data  Gb  clocks.o [12]
previousTemperature     0x2000ffe4     0x1  Data  Lc  phy.o [20]
previousTemperatureAvailable
                        0x2000ffe5     0x1  Data  Lc  phy.o [20]
printDiscoverCommandsResponse
                        0x08015029    0x12  Code  Lc  process-global-message.o [1]
processDeviceAnnounceAndFindIdConflict
                        0x0800f529    0xbe  Code  Lc  network.o [20]
processGetDeviceAttributeReq
                        0x080047cf   0x108  Code  Lc  CommandParse.o [1]
processKeyCommand       0x0800b321   0x2a2  Code  Lc  aps-security.o [18]
processOtaUploaderReq   0x08004bcb    0x9e  Code  Lc  CommandParse.o [1]
processRxAddressReceiveCompleteIsr
                        0x0800c4a1   0x150  Code  Lc  phy.o [20]
processRxPacketCompleteIsr
                        0x0800c5f1    0xe0  Code  Lc  phy.o [20]
processScanRequest      0x08012719   0x118  Code  Lc  zdo-channel.o [20]
processZigbeePacket     0x0800f031   0x3ca  Code  Lc  network.o [20]
ptiEnabled              0x2000f1e7     0x1  Data  Lc  phy-common.o [20]
ptrCache                0x2000f730    0xf8  Data  Gb  sim-eeprom.o [1]
ptrCacheLoc             0x0801afb3    0x22  Code  Lc  sim-eeprom-internal.o [12]
pushInt16u              0x0801592d     0xc  Code  Lc  zigbee-packet-header.o [20]
queueRouteDiscovery     0x0800a919    0x2e  Code  Lc  concentrator-support.o [1]
quietlyEraseChild       0x08013abd    0x3a  Code  Lc  child.o [20]
radioCheckCrc           0x2000f200     0x1  Data  Gb  phy-common.o [20]
radioCurrentPowerStatus
                        0x2000f1f1     0x1  Data  Gb  phy-common.o [20]
radioIdlePowerState     0x2000f1ec     0x1  Data  Lc  phy-common.o [20]
radioTransmitConfig     0x2000f090     0x8  Data  Gb  zigbee-stack.o [20]
reCalibrateVref         0x2000f0b7     0x1  Data  Gb  analogue.o [20]
readAndValidateStoredImage
                        0x0800766f   0x142  Code  Lc  ota-storage-simple.o [1]
readCounterValue        0x0801b7ed    0x34  Code  Lc  sim-eeprom-internal.o [12]
readIdentifyTime        0x0801e317    0x18  Code  Lc  identify.o [1]
readNetworkTokens       0x0800a28b    0x2e  Code  Lc  association.o [20]
readNodeData            0x0800a2b9     0xc  Code  Lc  association.o [20]
readTokenData           0x0801af31    0x42  Code  Lc  sim-eeprom-internal.o [12]
readWritePrimitive      0x08007b3f    0x70  Code  Lc  ota-storage-eeprom.o [1]
reallyMatchEndDeviceBindRequests
                        0x08017617   0x114  Code  Lc  end-device-bind.o [11]
recalculateMacDataPendingBitField
                        0x080123ed    0x42  Code  Lc  mac-indirect.o [20]
recyclePendingAckedMessages
                        0x0801289d    0x48  Code  Lc  aps-retry.o [20]
reenqueueSubmitHead     0x080135a9    0x80  Code  Lc  retry.o [20]
rejoinUpdateDeviceStatusValues
                        0x08009804     0x8  Data  Lc  association.o [20]
removeFromBuffer        0x0800e9d5    0x2e  Code  Lc  network.o [20]
requestKeyBuffer        0x2000f21b     0x1  Data  Lc  trust-center-util.o [18]
requesterBaseOffset     0x2000efdc     0x4  Data  Lc  ota-server-page-request.o [1]
requesterEndpoint       0x2000efd2     0x1  Data  Lc  ota-server-page-request.o [1]
requesterImageId        0x2000efe0    0x10  Data  Lc  ota-server-page-request.o [1]
requesterMaxDataSize    0x2000efd0     0x1  Data  Lc  ota-server-page-request.o [1]
requesterNodeId         0x2000efd4     0x2  Data  Lc  ota-server-page-request.o [1]
requesterPageSize       0x2000efd6     0x2  Data  Lc  ota-server-page-request.o [1]
requesterResponseSpacing
                        0x2000efda     0x2  Data  Lc  ota-server-page-request.o [1]
retryEntries            0x2000ff48    0x40  Data  Lc  retry.o [20]
rf4ceNetworkCommandPacketIsValid
                        0x0801bd33    0x60  Code  Lc  packet-validate.o [15]
rf4ceNetworkPacketIsValid
                        0x0801bce1    0x52  Code  Lc  packet-validate.o [15]
rf4ceNwkApplicationCapabilitiesOffset
                        0x0801be18     0x4  Data  Lc  packet-validate.o [15]
rf4ceNwkCommandBaseSizes
                        0x0801be0c     0xc  Data  Lc  packet-validate.o [15]
rhoActive               0x2000ef70     0x1  Data  Lc  micro.o [1]
rhoEnabled              0x2000ef72     0x1  Data  Lc  micro.o [1]
rmwRadioPowerCfgReg     0x0800dfc5    0x3e  Code  Lc  micro.o [1]
rmwRadioPowerOutReg     0x0800e003    0x36  Code  Lc  micro.o [1]
routeErrorCallback      0x0800a94f    0x1e  Code  Lc  concentrator-support.o [1]
routeErrorCount         0x2000ffbe     0x1  Data  Lc  concentrator-support.o [1]
routeRequestId          0x2000ffef     0x1  Data  Lc  route-discovery.o [20]
routeTableTimer         0x2000ffb6     0x1  Data  Lc  route-table.o [20]
runEventHandler         0x08012aa1   0x122  Code  Lc  aps-retry.o [20]
rxBuffer                0x2000fcf4   0x114  Data  Lc  phy.o [20]
sBuf                    0x2000ee84     0x4  Data  Lc  CommandParse.o [1]
sLen                    0x2000ee68     0x1  Data  Lc  CommandParse.o [1]
sampleVcoTune           0x0801a9e9    0x44  Code  Gb  analogue-mod-dac.o [20]
saveEndpoint            0x2000eeb0     0x1  Data  Gb  af-main-common.o [1]
savedMSP                0x2000fe14          Data  Gb  context-switch.o [12]
savedRequests           0x2000f15c    0x10  Data  Lc  end-device-bind.o [11]
savedResetCause         0x2000f376     0x2  Data  Lc  cstartup-iar-common.o [1]
scanChannelMask         0x2000f134     0x4  Data  Lc  scan.o [20]
scanDuration            0x2000f11e     0x1  Data  Lc  scan.o [20]
scanFrameCounter        0x2000f130     0x4  Data  Lc  scan.o [20]
scanRequestHeader       0x2000f17f     0x1  Data  Lc  zdo-channel.o [20]
scanResults             0x2000f180     0x1  Data  Lc  zdo-channel.o [20]
scanTransmitRetries     0x2000f11f     0x1  Data  Lc  scan.o [20]
scansRemaining          0x2000f181     0x1  Data  Lc  zdo-channel.o [20]
scheduleHalSysTickIsrMicroseconds
                        0x0801a493    0x4e  Code  Lc  clocks.o [12]
scheduleIdentifyTick    0x0801e347    0x66  Code  Lc  identify.o [1]
securityAddToAddressCache
                        0x08015569    0x7c  Code  Gb  security-address-cache.o [1]
securityAddressCacheInit
                        0x0801555d     0xc  Code  Gb  security-address-cache.o [1]
seed0                   0x2000f012     0x2  Data  Gb  random.o [1]
seed1                   0x2000f014     0x2  Data  Gb  random.o [1]
send                    0x080052f9   0x118  Code  Lc  af-main-common.o [1]
sendAckedUnicast        0x08012bc3    0xe8  Code  Lc  aps-retry.o [20]
sendApplicationKeys     0x08018271    0xe6  Code  Lc  trust-center-util.o [18]
sendBindRequest         0x0801778d    0xd8  Code  Lc  end-device-bind.o [11]
sendBlockRequest        0x0801e19d    0x98  Code  Lc  ota-server-page-request.o [1]
sendFromSource          0x2000f10a     0x2  Data  Lc  application-support.o [20]
sendLeaveCommand        0x0800823f    0x74  Code  Lc  leave.o [20]
sendNeighborExchange    0x0801c6fd    0xae  Code  Lc  neighbor-exchange.o [20]
sendSpecialJoinRequest  0x0800950f    0xd2  Code  Lc  association.o [20]
sendUpdateDevice        0x0800b03d    0x4c  Code  Lc  aps-security.o [18]
sendZigDevRequestBuffer
                        0x0800a51d    0x46  Code  Lc  zigbee-device-library.o [1]
sequenceNumber          0x2000ffe7     0x1  Data  Lc  debug-jtag.o [20]
serialPort              0x2000eeb1     0x1  Data  Gb  af-main-soc.o [1]
serialPortData          0x2000f24c   0x10c  Data  Lc  SerialPortProtocol.o [1]
serialRegData           0x2000fca0    0x24  Data  Gb  analogue.o [20]
serverEndpoint          0x2000eff4     0x1  Data  Lc  ota-server.o [1]
serviceDiscoveryComplete
                        0x0800a771    0x50  Code  Lc  service-discovery-common.o [1]
setChildTokenData       0x08013c7f    0xa2  Code  Lc  child.o [20]
setNonvolatileBinding   0x08008b2b    0x2e  Code  Lc  binding-table.o [4]
setOrOverrideTrustCenterEui64
                        0x080144a3    0x22  Code  Lc  aps-keys.o [18]
setRadioParameters      0x0800a145    0x52  Code  Lc  association.o [20]
setTxStepTime           0x0800c9bf    0x34  Code  Lc  analogue.o [20]
setup                   0x08007f07    0x3a  Code  Lc  form-and-join.o [1]
shift                   0x08016285    0x10  Code  Lc  random.o [1]
shortIndirectPool       0x2000f1b0     0x4  Data  Lc  mac-indirect.o [20]
simEeErasePage          0x0801af7b    0x16  Code  Lc  sim-eeprom-internal.o [12]
simEeSetDataActiveSemaphore
                        0x2000ffd4     0x1  Data  Gb  token.o [1]
simulatedEepromStorage  0x0807e000  0x2000  Data  Gb  sim-eeprom.o [1]
singletonAttributeData  0x2000f3b4     0x2  Data  Gb  attribute-storage.o [1]
sizeCache               0x0801edac    0x1c  Data  Gb  sim-eeprom.o [1]
sleepTimerInterruptOccurred
                        0x2000fce8     0x1  Data  Gb  system-timer.o [12]
sleepTmrArtificalCnt    0x2000fcec     0x4  Data  Gb  system-timer.o [12]
sleepyBroadcastInfo     0x2000f205     0x1  Data  Lc  jit.o [20]
sourceRouteAddEntry     0x08018855    0x86  Code  Gb  source-route-common.o [1]
sourceRouteAddEntryWithCloserNextHop
                        0x080188db    0x28  Code  Gb  source-route-common.o [1]
sourceRouteClearTable   0x08018841    0x14  Code  Gb  source-route-common.o [1]
sourceRouteFindIndex    0x0801881d    0x24  Code  Gb  source-route-common.o [1]
sourceRouteInit         0x08018903     0x8  Code  Gb  source-route-common.o [1]
sourceRouteTable        0x2000f068     0x4  Data  Gb  source-route.o [1]
sourceRouteTableSize    0x2000f066     0x1  Data  Gb  source-route.o [1]
spreadModDac1           0x2000f216     0x2  Data  Gb  analogue-mod-dac.o [20]
spreadModDac2           0x2000f218     0x2  Data  Gb  analogue-mod-dac.o [20]
srcNodeEUI64            0x2000ee8c     0x8  Data  Lc  CommandParse.o [1]
stackEvents             0x08005e1c    0xc0  Data  Gb  zigbee-stack.o [20]
stackTokenInfo          0x0800b83c    0x38  Data  Lc  token-cache.o [20]
startChannelScan        0x0801661d    0x62  Code  Lc  scan.o [20]
startNetworkOperation   0x080090a9    0x3c  Code  Lc  association.o [20]
startPanIdScan          0x08007d27    0x32  Code  Lc  form-and-join.o [1]
startScan               0x08007f61    0x12  Code  Lc  form-and-join.o [1]
state                   0x2000f5cc     0x1  Data  Lc  network-find.o [1]
stateTable              0x2000f560     0x4  Data  Lc  identify.o [1]
states                  0x2000f724     0xc  Data  Lc  service-discovery-common.o [1]
status                  0x0801d559    0x10  Code  Lc  call-command-handler.o [1]
storageHasFullImage     0x2000f604     0x1  Data  Lc  ota-storage-simple.o [1]
storedSleepControl      0x2000f5e1     0x1  Data  Lc  ota-storage-eeprom-page-erase.o [1]
strlen                  0x08007091          Code  Gb  strlen.o [17]
submitCount             0x2000ff39     0x1  Data  Lc  retry.o [20]
swoOutput               0x0800dbad    0xda  Code  Lc  debug-jtag.o [20]
table                   0x2000f834   0x3e8  Data  Lc  source-route.o [1]
terminateScanRequest    0x080126e3    0x26  Code  Lc  zdo-channel.o [20]
timeoutPools            0x0801242f    0xde  Code  Lc  mac-indirect.o [20]
tokenArraySize          0x0801ee38    0x1c  Data  Gb  token-def.o [1]
tokenCreators           0x0801edc8    0x38  Data  Gb  token-def.o [1]
tokenDefaults           0x0801f05c    0x6c  Data  Gb  token-def.o [1]
tokenIsCnt              0x0801ee00    0x1c  Data  Gb  token-def.o [1]
tokenSize               0x0801ee1c    0x1c  Data  Gb  token-def.o [1]
tokensActive            0x2000ffd3     0x1  Data  Gb  token.o [1]
totalBytesSent          0x2000efd8     0x2  Data  Lc  ota-server-page-request.o [1]
transmitQueue           0x2000f1c0     0x8  Data  Lc  mac-arbiter.o [20]
transportKeyFrameSizes  0x0801be04     0x8  Data  Lc  packet-validate.o [15]
tuneDone                0x2000eeb5     0x1  Data  Gb  buzzer.o [1]
tunePos                 0x2000eeb4     0x1  Data  Gb  buzzer.o [1]
txPower                 0x0800cee0    0x28  Data  Gb  analogue.o [20]
txStepTimeSnapshot      0x2000f1f8     0x2  Data  Lc  phy-common.o [20]
unSetKey                0x0800aa64    0x10  Data  Lc  af-security-common.o [1]
unicastHead             0x2000ff94     0x1  Data  Lc  unicast-table.o [20]
uninitializedIsr        0x0801e541          Code  Gb  faults.o [1]
unsentMessageCount      0x2000f1bb     0x1  Data  Lc  mac-arbiter.o [20]
unsolicitedChannelReport
                        0x2000f17e     0x1  Data  Lc  zdo-channel.o [20]
updateParentToken       0x0800a421    0x62  Code  Lc  association.o [20]
upgradePolicy           0x2000ffce     0x1  Data  Gb  ota-server-policy.o [1]
upgradeTimes            0x080089f4    0x10  Data  Gb  ota-server-policy.o [1]
useOsc32k               0x2000ffcc     0x1  Data  Gb  micro-common.o [1]
useXtalAsIs             0x2000f143     0x1  Data  Lc  clocks.o [12]
vFillBuffer             0x08014b75   0x128  Code  Lc  client-api.o [1]
vcoLastTuneValueAvailable
                        0x2000ffeb     0x1  Data  Gb  analogue-vco.o [20]
vcoTuneModDacError      0x0801aa2d    0x24  Code  Lc  analogue-mod-dac.o [20]
verifyAppBlVersion      0x0801da81    0x1c  Code  Lc  bootloader-interface-app.o [1]
verifyFib               0x0801dfc1    0x24  Code  Lc  flash.o [12]
wakeupSleepTmrCnt       0x2000f830     0x4  Data  Gb  sleep.o [1]
wakeupXtalState         0x2000f142     0x1  Data  Gb  clocks.o [12]
walkDelayQueue          0x080133ad    0xc8  Code  Lc  retry.o [20]
writeIdentifyTime       0x0801e32f    0x18  Code  Lc  identify.o [1]
writeMessage            0x08011337    0xb0  Code  Lc  packet-buffer.o [20]
writePageCounters       0x0801b585    0x7e  Code  Lc  sim-eeprom-internal.o [12]
writeTokenBlockData     0x0801aed9    0x58  Code  Lc  sim-eeprom-internal.o [12]
xorBufferBytesIntoBlock
                        0x08018a01    0x82  Code  Lc  crypto.o [20]
xtalAboveLoThresholdUs  0x2000f146     0x2  Data  Gb  clocks.o [12]
xtalUnstable            0x2000f141     0x1  Data  Gb  clocks.o [12]
zaNodeSecurityInit      0x0800ba79    0x7c  Code  Gb  af-node.o [1]
zaTrustCenterSecurityInit
                        0x0800b9bb    0x78  Code  Gb  af-trust-center.o [1]
zaTrustCenterSecurityPolicyInit
                        0x0800b991    0x2a  Code  Gb  af-trust-center.o [1]
zclBufferAddByte        0x080052af    0x12  Code  Gb  zcl-cli.o [1]
zclBufferAddWord        0x080052c1    0x12  Code  Gb  zcl-cli.o [1]
zclBufferSetup          0x08005267    0x48  Code  Gb  zcl-cli.o [1]
zclCmdIsBuilt           0x2000fc7c     0x1  Data  Gb  zcl-cli.o [1]
zclGlobalDirection      0x2000fc7d     0x1  Data  Lc  zcl-cli.o [1]
zigDevApsStruct         0x2000fc90     0x4  Data  Lc  zigbee-device-util.o [20]
zigDevRequestRadius     0x2000f08d     0x1  Data  Gb  zigbee-device-common.o [1]
zigDevRequestSequence   0x2000ffd6     0x1  Data  Lc  zigbee-device-common.o [1]
zigDevRequestSequence   0x2000fc8c     0x1  Data  Lc  zigbee-device-util.o [20]


[1] = E:\Robin-Workspace\Project\Zigbee\EU-Router\Ember\EmberZNet5.3.0-GA\em35x\build\Z01_A19_Gateway
[2] = command line
[3] = alarm-stub-library.a
[4] = binding-table-library.a
[5] = cbke-163k1-stub-library.a
[6] = cbke-283k1-stub-library.a
[7] = cbke-library-dsa-sign-stub.a
[8] = cbke-library-dsa-verify-stub.a
[9] = cbke-stub-library.a
[10] = dl7M_tln.a
[11] = end-device-bind-library.a
[12] = hal-library.a
[13] = install-code-library-stub.a
[14] = multi-network-stub-library.a
[15] = packet-validate-library.a
[16] = rf4ce-stack-stub-library.a
[17] = rt7M_tl.a
[18] = security-library-core.a
[19] = security-library-link-keys-stub.a
[20] = zigbee-pro-stack.a
[21] = zll-stub-library.a

  108 256 bytes of readonly  code memory
    3 465 bytes of readonly  data memory
   20 466 bytes of readwrite data memory

Errors: none
Warnings: none
