###############################################################################
#                                                                             #
# IAR ELF Linker V6.50.5.4819/W32 for ARM               25/Oct/2016  17:43:36 #
# Copyright 2007-2013 IAR Systems AB.                                         #
#                                                                             #
#    Output file  =  E:\Robin-Workspace\Project\Zigbee\EU-Router\Ember\EmberZ #
#                    Net5.3.0-GA\em35x\build\Highbay\Highbay.out              #
#    Map file     =  E:\Robin-Workspace\Project\Zigbee\EU-Router\Ember\EmberZ #
#                    Net5.3.0-GA\em35x\build\Highbay\Highbay.map              #
#    Command line =  E:\Robin-Workspace\Project\Zigbee\EU-Router\Ember\EmberZ #
#                    Net5.3.0-GA\em35x\build\Highbay\Highbay_callbacks.o      #
#                    E:\Robin-Workspace\Project\Zigbee\EU-Router\Ember\EmberZ #
#                    Net5.3.0-GA\em35x\build\Highbay\adc.o                    #
#                    E:\Robin-Workspace\Project\Zigbee\EU-Router\Ember\EmberZ #
#                    Net5.3.0-GA\em35x\build\Highbay\address-table-cli.o      #
#                    E:\Robin-Workspace\Project\Zigbee\EU-Router\Ember\EmberZ #
#                    Net5.3.0-GA\em35x\build\Highbay\address-table-management #
#                    .o E:\Robin-Workspace\Project\Zigbee\EU-Router\Ember\Emb #
#                    erZNet5.3.0-GA\em35x\build\Highbay\address-table-soc.o   #
#                    E:\Robin-Workspace\Project\Zigbee\EU-Router\Ember\EmberZ #
#                    Net5.3.0-GA\em35x\build\Highbay\af-event.o               #
#                    E:\Robin-Workspace\Project\Zigbee\EU-Router\Ember\EmberZ #
#                    Net5.3.0-GA\em35x\build\Highbay\af-main-common.o         #
#                    E:\Robin-Workspace\Project\Zigbee\EU-Router\Ember\EmberZ #
#                    Net5.3.0-GA\em35x\build\Highbay\af-main-soc.o            #
#                    E:\Robin-Workspace\Project\Zigbee\EU-Router\Ember\EmberZ #
#                    Net5.3.0-GA\em35x\build\Highbay\af-node.o                #
#                    E:\Robin-Workspace\Project\Zigbee\EU-Router\Ember\EmberZ #
#                    Net5.3.0-GA\em35x\build\Highbay\af-security-common.o     #
#                    E:\Robin-Workspace\Project\Zigbee\EU-Router\Ember\EmberZ #
#                    Net5.3.0-GA\em35x\build\Highbay\af-trust-center.o        #
#                    E:\Robin-Workspace\Project\Zigbee\EU-Router\Ember\EmberZ #
#                    Net5.3.0-GA\em35x\build\alarm-stub-library-cortexm3-iar- #
#                    em357-em3xx\alarm-stub-library.a                         #
#                    E:\Robin-Workspace\Project\Zigbee\EU-Router\Ember\EmberZ #
#                    Net5.3.0-GA\em35x\build\Highbay\attribute-size.o         #
#                    E:\Robin-Workspace\Project\Zigbee\EU-Router\Ember\EmberZ #
#                    Net5.3.0-GA\em35x\build\Highbay\attribute-storage.o      #
#                    E:\Robin-Workspace\Project\Zigbee\EU-Router\Ember\EmberZ #
#                    Net5.3.0-GA\em35x\build\Highbay\attribute-table.o        #
#                    E:\Robin-Workspace\Project\Zigbee\EU-Router\Ember\EmberZ #
#                    Net5.3.0-GA\em35x\build\Highbay\basic.o                  #
#                    E:\Robin-Workspace\Project\Zigbee\EU-Router\Ember\EmberZ #
#                    Net5.3.0-GA\em35x\build\binding-table-library-cortexm3-i #
#                    ar-em357-em3xx\binding-table-library.a                   #
#                    E:\Robin-Workspace\Project\Zigbee\EU-Router\Ember\EmberZ #
#                    Net5.3.0-GA\em35x\build\Highbay\bootloader-interface-app #
#                    .o E:\Robin-Workspace\Project\Zigbee\EU-Router\Ember\Emb #
#                    erZNet5.3.0-GA\em35x\build\Highbay\bootloader-interface. #
#                    o E:\Robin-Workspace\Project\Zigbee\EU-Router\Ember\Embe #
#                    rZNet5.3.0-GA\em35x\build\Highbay\button.o               #
#                    E:\Robin-Workspace\Project\Zigbee\EU-Router\Ember\EmberZ #
#                    Net5.3.0-GA\em35x\build\Highbay\buzzer.o                 #
#                    E:\Robin-Workspace\Project\Zigbee\EU-Router\Ember\EmberZ #
#                    Net5.3.0-GA\em35x\build\Highbay\call-command-handler.o   #
#                    E:\Robin-Workspace\Project\Zigbee\EU-Router\Ember\EmberZ #
#                    Net5.3.0-GA\em35x\build\Highbay\callback-stub.o          #
#                    E:\Robin-Workspace\Project\Zigbee\EU-Router\Ember\EmberZ #
#                    Net5.3.0-GA\em35x\build\Highbay\callbacks.o              #
#                    E:\Robin-Workspace\Project\Zigbee\EU-Router\Ember\EmberZ #
#                    Net5.3.0-GA\em35x\build\cbke-163k1-stub-library-cortexm3 #
#                    -iar-em357-em3xx\cbke-163k1-stub-library.a               #
#                    E:\Robin-Workspace\Project\Zigbee\EU-Router\Ember\EmberZ #
#                    Net5.3.0-GA\em35x\build\cbke-283k1-stub-library-cortexm3 #
#                    -iar-em357-em3xx\cbke-283k1-stub-library.a               #
#                    E:\Robin-Workspace\Project\Zigbee\EU-Router\Ember\EmberZ #
#                    Net5.3.0-GA\em35x\build\cbke-library-dsa-sign-stub-corte #
#                    xm3-iar-em357-em3xx\cbke-library-dsa-sign-stub.a         #
#                    E:\Robin-Workspace\Project\Zigbee\EU-Router\Ember\EmberZ #
#                    Net5.3.0-GA\em35x\build\cbke-library-dsa-verify-stub-cor #
#                    texm3-iar-em357-em3xx\cbke-library-dsa-verify-stub.a     #
#                    E:\Robin-Workspace\Project\Zigbee\EU-Router\Ember\EmberZ #
#                    Net5.3.0-GA\em35x\build\cbke-stub-library-cortexm3-iar-e #
#                    m357-em3xx\cbke-stub-library.a                           #
#                    E:\Robin-Workspace\Project\Zigbee\EU-Router\Ember\EmberZ #
#                    Net5.3.0-GA\em35x\build\Highbay\cli.o                    #
#                    E:\Robin-Workspace\Project\Zigbee\EU-Router\Ember\EmberZ #
#                    Net5.3.0-GA\em35x\build\Highbay\client-api.o             #
#                    E:\Robin-Workspace\Project\Zigbee\EU-Router\Ember\EmberZ #
#                    Net5.3.0-GA\em35x\build\Highbay\color-control.o          #
#                    E:\Robin-Workspace\Project\Zigbee\EU-Router\Ember\EmberZ #
#                    Net5.3.0-GA\em35x\build\Highbay\command-interpreter2.o   #
#                    E:\Robin-Workspace\Project\Zigbee\EU-Router\Ember\EmberZ #
#                    Net5.3.0-GA\em35x\build\Highbay\core-cli.o               #
#                    E:\Robin-Workspace\Project\Zigbee\EU-Router\Ember\EmberZ #
#                    Net5.3.0-GA\em35x\build\Highbay\counters-cli.o           #
#                    E:\Robin-Workspace\Project\Zigbee\EU-Router\Ember\EmberZ #
#                    Net5.3.0-GA\em35x\build\Highbay\counters-ota.o           #
#                    E:\Robin-Workspace\Project\Zigbee\EU-Router\Ember\EmberZ #
#                    Net5.3.0-GA\em35x\build\Highbay\counters-soc.o           #
#                    E:\Robin-Workspace\Project\Zigbee\EU-Router\Ember\EmberZ #
#                    Net5.3.0-GA\em35x\build\Highbay\crc.o                    #
#                    E:\Robin-Workspace\Project\Zigbee\EU-Router\Ember\EmberZ #
#                    Net5.3.0-GA\em35x\build\Highbay\crypto-state.o           #
#                    E:\Robin-Workspace\Project\Zigbee\EU-Router\Ember\EmberZ #
#                    Net5.3.0-GA\em35x\build\Highbay\cstartup-iar-common.o    #
#                    E:\Robin-Workspace\Project\Zigbee\EU-Router\Ember\EmberZ #
#                    Net5.3.0-GA\em35x\build\Highbay\diagnostic-server-soc.o  #
#                    E:\Robin-Workspace\Project\Zigbee\EU-Router\Ember\EmberZ #
#                    Net5.3.0-GA\em35x\build\Highbay\diagnostic.o             #
#                    E:\Robin-Workspace\Project\Zigbee\EU-Router\Ember\EmberZ #
#                    Net5.3.0-GA\em35x\build\Highbay\eeprom-cli.o             #
#                    E:\Robin-Workspace\Project\Zigbee\EU-Router\Ember\EmberZ #
#                    Net5.3.0-GA\em35x\build\Highbay\eeprom.o                 #
#                    E:\Robin-Workspace\Project\Zigbee\EU-Router\Ember\EmberZ #
#                    Net5.3.0-GA\em35x\build\Highbay\em_usbd.o                #
#                    E:\Robin-Workspace\Project\Zigbee\EU-Router\Ember\EmberZ #
#                    Net5.3.0-GA\em35x\build\Highbay\em_usbdch9.o             #
#                    E:\Robin-Workspace\Project\Zigbee\EU-Router\Ember\EmberZ #
#                    Net5.3.0-GA\em35x\build\Highbay\em_usbdep.o              #
#                    E:\Robin-Workspace\Project\Zigbee\EU-Router\Ember\EmberZ #
#                    Net5.3.0-GA\em35x\build\Highbay\em_usbhal.o              #
#                    E:\Robin-Workspace\Project\Zigbee\EU-Router\Ember\EmberZ #
#                    Net5.3.0-GA\em35x\build\Highbay\em_usbint.o              #
#                    E:\Robin-Workspace\Project\Zigbee\EU-Router\Ember\EmberZ #
#                    Net5.3.0-GA\em35x\build\Highbay\ember-configuration.o    #
#                    E:\Robin-Workspace\Project\Zigbee\EU-Router\Ember\EmberZ #
#                    Net5.3.0-GA\em35x\build\end-device-bind-stub-library-cor #
#                    texm3-iar-em357-em3xx\end-device-bind-stub-library.a     #
#                    E:\Robin-Workspace\Project\Zigbee\EU-Router\Ember\EmberZ #
#                    Net5.3.0-GA\em35x\build\Highbay\endian.o                 #
#                    E:\Robin-Workspace\Project\Zigbee\EU-Router\Ember\EmberZ #
#                    Net5.3.0-GA\em35x\build\Highbay\ez-mode.o                #
#                    E:\Robin-Workspace\Project\Zigbee\EU-Router\Ember\EmberZ #
#                    Net5.3.0-GA\em35x\build\Highbay\faults.o                 #
#                    E:\Robin-Workspace\Project\Zigbee\EU-Router\Ember\EmberZ #
#                    Net5.3.0-GA\em35x\build\Highbay\form-and-join-node-adapt #
#                    er.o E:\Robin-Workspace\Project\Zigbee\EU-Router\Ember\E #
#                    mberZNet5.3.0-GA\em35x\build\Highbay\form-and-join.o     #
#                    E:\Robin-Workspace\Project\Zigbee\EU-Router\Ember\EmberZ #
#                    Net5.3.0-GA\em35x\build\Highbay\groups-server-cli.o      #
#                    E:\Robin-Workspace\Project\Zigbee\EU-Router\Ember\EmberZ #
#                    Net5.3.0-GA\em35x\build\Highbay\groups-server.o          #
#                    E:\Robin-Workspace\Project\Zigbee\EU-Router\Ember\EmberZ #
#                    Net5.3.0-GA\em35x\build\hal-library-cortexm3-iar-em357-e #
#                    m3xx\hal-library.a E:\Robin-Workspace\Project\Zigbee\EU- #
#                    Router\Ember\EmberZNet5.3.0-GA\em35x\build\Highbay\ident #
#                    ify-cli.o E:\Robin-Workspace\Project\Zigbee\EU-Router\Em #
#                    ber\EmberZNet5.3.0-GA\em35x\build\Highbay\identify.o     #
#                    E:\Robin-Workspace\Project\Zigbee\EU-Router\Ember\EmberZ #
#                    Net5.3.0-GA\em35x\build\Highbay\idle-sleep-cli.o         #
#                    E:\Robin-Workspace\Project\Zigbee\EU-Router\Ember\EmberZ #
#                    Net5.3.0-GA\em35x\build\Highbay\idle-sleep-soc.o         #
#                    E:\Robin-Workspace\Project\Zigbee\EU-Router\Ember\EmberZ #
#                    Net5.3.0-GA\em35x\build\Highbay\idle-sleep.o             #
#                    E:\Robin-Workspace\Project\Zigbee\EU-Router\Ember\EmberZ #
#                    Net5.3.0-GA\em35x\build\install-code-library-stub-cortex #
#                    m3-iar-em357-em3xx\install-code-library-stub.a           #
#                    E:\Robin-Workspace\Project\Zigbee\EU-Router\Ember\EmberZ #
#                    Net5.3.0-GA\em35x\build\Highbay\isr-stubs.o              #
#                    E:\Robin-Workspace\Project\Zigbee\EU-Router\Ember\EmberZ #
#                    Net5.3.0-GA\em35x\build\Highbay\led.o                    #
#                    E:\Robin-Workspace\Project\Zigbee\EU-Router\Ember\EmberZ #
#                    Net5.3.0-GA\em35x\build\Highbay\level-control.o          #
#                    E:\Robin-Workspace\Project\Zigbee\EU-Router\Ember\EmberZ #
#                    Net5.3.0-GA\em35x\build\Highbay\library.o                #
#                    E:\Robin-Workspace\Project\Zigbee\EU-Router\Ember\EmberZ #
#                    Net5.3.0-GA\em35x\build\Highbay\mem-util.o               #
#                    E:\Robin-Workspace\Project\Zigbee\EU-Router\Ember\EmberZ #
#                    Net5.3.0-GA\em35x\build\Highbay\message.o                #
#                    E:\Robin-Workspace\Project\Zigbee\EU-Router\Ember\EmberZ #
#                    Net5.3.0-GA\em35x\build\Highbay\mfg-token.o              #
#                    E:\Robin-Workspace\Project\Zigbee\EU-Router\Ember\EmberZ #
#                    Net5.3.0-GA\em35x\build\Highbay\micro-common.o           #
#                    E:\Robin-Workspace\Project\Zigbee\EU-Router\Ember\EmberZ #
#                    Net5.3.0-GA\em35x\build\Highbay\micro.o                  #
#                    E:\Robin-Workspace\Project\Zigbee\EU-Router\Ember\EmberZ #
#                    Net5.3.0-GA\em35x\build\Highbay\mpu.o                    #
#                    E:\Robin-Workspace\Project\Zigbee\EU-Router\Ember\EmberZ #
#                    Net5.3.0-GA\em35x\build\multi-network-stub-library-corte #
#                    xm3-iar-em357-em3xx\multi-network-stub-library.a         #
#                    E:\Robin-Workspace\Project\Zigbee\EU-Router\Ember\EmberZ #
#                    Net5.3.0-GA\em35x\build\Highbay\multi-network.o          #
#                    E:\Robin-Workspace\Project\Zigbee\EU-Router\Ember\EmberZ #
#                    Net5.3.0-GA\em35x\build\Highbay\network-cli.o            #
#                    E:\Robin-Workspace\Project\Zigbee\EU-Router\Ember\EmberZ #
#                    Net5.3.0-GA\em35x\build\Highbay\network-find.o           #
#                    E:\Robin-Workspace\Project\Zigbee\EU-Router\Ember\EmberZ #
#                    Net5.3.0-GA\em35x\build\Highbay\on-off.o                 #
#                    E:\Robin-Workspace\Project\Zigbee\EU-Router\Ember\EmberZ #
#                    Net5.3.0-GA\em35x\build\Highbay\option-cli.o             #
#                    E:\Robin-Workspace\Project\Zigbee\EU-Router\Ember\EmberZ #
#                    Net5.3.0-GA\em35x\build\Highbay\ota-bootload-cli.o       #
#                    E:\Robin-Workspace\Project\Zigbee\EU-Router\Ember\EmberZ #
#                    Net5.3.0-GA\em35x\build\Highbay\ota-bootload-soc.o       #
#                    E:\Robin-Workspace\Project\Zigbee\EU-Router\Ember\EmberZ #
#                    Net5.3.0-GA\em35x\build\Highbay\ota-client-cli.o         #
#                    E:\Robin-Workspace\Project\Zigbee\EU-Router\Ember\EmberZ #
#                    Net5.3.0-GA\em35x\build\Highbay\ota-client-page-request. #
#                    o E:\Robin-Workspace\Project\Zigbee\EU-Router\Ember\Embe #
#                    rZNet5.3.0-GA\em35x\build\Highbay\ota-client-policy.o    #
#                    E:\Robin-Workspace\Project\Zigbee\EU-Router\Ember\EmberZ #
#                    Net5.3.0-GA\em35x\build\Highbay\ota-client-signature-ver #
#                    ify.o E:\Robin-Workspace\Project\Zigbee\EU-Router\Ember\ #
#                    EmberZNet5.3.0-GA\em35x\build\Highbay\ota-client.o       #
#                    E:\Robin-Workspace\Project\Zigbee\EU-Router\Ember\EmberZ #
#                    Net5.3.0-GA\em35x\build\Highbay\ota-common.o             #
#                    E:\Robin-Workspace\Project\Zigbee\EU-Router\Ember\EmberZ #
#                    Net5.3.0-GA\em35x\build\Highbay\ota-storage-common-cli.o #
#                     E:\Robin-Workspace\Project\Zigbee\EU-Router\Ember\Ember #
#                    ZNet5.3.0-GA\em35x\build\Highbay\ota-storage-common.o    #
#                    E:\Robin-Workspace\Project\Zigbee\EU-Router\Ember\EmberZ #
#                    Net5.3.0-GA\em35x\build\Highbay\ota-storage-eeprom-page- #
#                    erase.o E:\Robin-Workspace\Project\Zigbee\EU-Router\Embe #
#                    r\EmberZNet5.3.0-GA\em35x\build\Highbay\ota-storage-eepr #
#                    om-read-modify-write.o E:\Robin-Workspace\Project\Zigbee #
#                    \EU-Router\Ember\EmberZNet5.3.0-GA\em35x\build\Highbay\o #
#                    ta-storage-eeprom.o E:\Robin-Workspace\Project\Zigbee\EU #
#                    -Router\Ember\EmberZNet5.3.0-GA\em35x\build\Highbay\ota- #
#                    storage-simple-simulation.o                              #
#                    E:\Robin-Workspace\Project\Zigbee\EU-Router\Ember\EmberZ #
#                    Net5.3.0-GA\em35x\build\Highbay\ota-storage-simple.o     #
#                    E:\Robin-Workspace\Project\Zigbee\EU-Router\Ember\EmberZ #
#                    Net5.3.0-GA\em35x\build\packet-validate-library-cortexm3 #
#                    -iar-em357-em3xx-debug\packet-validate-library.a         #
#                    E:\Robin-Workspace\Project\Zigbee\EU-Router\Ember\EmberZ #
#                    Net5.3.0-GA\em35x\build\Highbay\plugin-cli.o             #
#                    E:\Robin-Workspace\Project\Zigbee\EU-Router\Ember\EmberZ #
#                    Net5.3.0-GA\em35x\build\Highbay\print-formatter.o        #
#                    E:\Robin-Workspace\Project\Zigbee\EU-Router\Ember\EmberZ #
#                    Net5.3.0-GA\em35x\build\Highbay\print.o                  #
#                    E:\Robin-Workspace\Project\Zigbee\EU-Router\Ember\EmberZ #
#                    Net5.3.0-GA\em35x\build\Highbay\process-cluster-message. #
#                    o E:\Robin-Workspace\Project\Zigbee\EU-Router\Ember\Embe #
#                    rZNet5.3.0-GA\em35x\build\Highbay\process-global-message #
#                    .o E:\Robin-Workspace\Project\Zigbee\EU-Router\Ember\Emb #
#                    erZNet5.3.0-GA\em35x\build\Highbay\random.o              #
#                    E:\Robin-Workspace\Project\Zigbee\EU-Router\Ember\EmberZ #
#                    Net5.3.0-GA\em35x\build\Highbay\reporting-cli.o          #
#                    E:\Robin-Workspace\Project\Zigbee\EU-Router\Ember\EmberZ #
#                    Net5.3.0-GA\em35x\build\Highbay\reporting.o              #
#                    E:\Robin-Workspace\Project\Zigbee\EU-Router\Ember\EmberZ #
#                    Net5.3.0-GA\em35x\build\rf4ce-stack-stub-library-cortexm #
#                    3-iar-em357-em3xx\rf4ce-stack-stub-library.a             #
#                    E:\Robin-Workspace\Project\Zigbee\EU-Router\Ember\EmberZ #
#                    Net5.3.0-GA\em35x\build\Highbay\scenes-cli.o             #
#                    E:\Robin-Workspace\Project\Zigbee\EU-Router\Ember\EmberZ #
#                    Net5.3.0-GA\em35x\build\Highbay\scenes.o                 #
#                    E:\Robin-Workspace\Project\Zigbee\EU-Router\Ember\EmberZ #
#                    Net5.3.0-GA\em35x\build\Highbay\security-address-cache.o #
#                     E:\Robin-Workspace\Project\Zigbee\EU-Router\Ember\Ember #
#                    ZNet5.3.0-GA\em35x\build\Highbay\security-cli.o          #
#                    E:\Robin-Workspace\Project\Zigbee\EU-Router\Ember\EmberZ #
#                    Net5.3.0-GA\em35x\build\security-library-core-cortexm3-i #
#                    ar-em357-em3xx\security-library-core.a                   #
#                    E:\Robin-Workspace\Project\Zigbee\EU-Router\Ember\EmberZ #
#                    Net5.3.0-GA\em35x\build\security-library-link-keys-corte #
#                    xm3-iar-em357-em3xx\security-library-link-keys.a         #
#                    E:\Robin-Workspace\Project\Zigbee\EU-Router\Ember\EmberZ #
#                    Net5.3.0-GA\em35x\build\Highbay\sengled-adc.o            #
#                    E:\Robin-Workspace\Project\Zigbee\EU-Router\Ember\EmberZ #
#                    Net5.3.0-GA\em35x\build\Highbay\sengled-cli.o            #
#                    E:\Robin-Workspace\Project\Zigbee\EU-Router\Ember\EmberZ #
#                    Net5.3.0-GA\em35x\build\Highbay\sengled-ha-common.o      #
#                    E:\Robin-Workspace\Project\Zigbee\EU-Router\Ember\EmberZ #
#                    Net5.3.0-GA\em35x\build\Highbay\sengled-ha-ezmode.o      #
#                    E:\Robin-Workspace\Project\Zigbee\EU-Router\Ember\EmberZ #
#                    Net5.3.0-GA\em35x\build\Highbay\sengled-hardware-A19EUE2 #
#                    7.o E:\Robin-Workspace\Project\Zigbee\EU-Router\Ember\Em #
#                    berZNet5.3.0-GA\em35x\build\Highbay\sengled-ledControl.o #
#                     E:\Robin-Workspace\Project\Zigbee\EU-Router\Ember\Ember #
#                    ZNet5.3.0-GA\em35x\build\Highbay\sengled-network.o       #
#                    E:\Robin-Workspace\Project\Zigbee\EU-Router\Ember\EmberZ #
#                    Net5.3.0-GA\em35x\build\Highbay\serial.o                 #
#                    E:\Robin-Workspace\Project\Zigbee\EU-Router\Ember\EmberZ #
#                    Net5.3.0-GA\em35x\build\Highbay\service-discovery-common #
#                    .o E:\Robin-Workspace\Project\Zigbee\EU-Router\Ember\Emb #
#                    erZNet5.3.0-GA\em35x\build\Highbay\service-discovery-soc #
#                    .o E:\Robin-Workspace\Project\Zigbee\EU-Router\Ember\Emb #
#                    erZNet5.3.0-GA\em35x\build\Highbay\sim-eeprom.o          #
#                    E:\Robin-Workspace\Project\Zigbee\EU-Router\Ember\EmberZ #
#                    Net5.3.0-GA\em35x\build\Highbay\simple-metering-server-c #
#                    li.o E:\Robin-Workspace\Project\Zigbee\EU-Router\Ember\E #
#                    mberZNet5.3.0-GA\em35x\build\Highbay\simple-metering-ser #
#                    ver.o E:\Robin-Workspace\Project\Zigbee\EU-Router\Ember\ #
#                    EmberZNet5.3.0-GA\em35x\build\Highbay\simple-metering-te #
#                    st.o E:\Robin-Workspace\Project\Zigbee\EU-Router\Ember\E #
#                    mberZNet5.3.0-GA\em35x\build\Highbay\sleep.o             #
#                    E:\Robin-Workspace\Project\Zigbee\EU-Router\Ember\EmberZ #
#                    Net5.3.0-GA\em35x\build\Highbay\stack-handler-stub.o     #
#                    E:\Robin-Workspace\Project\Zigbee\EU-Router\Ember\EmberZ #
#                    Net5.3.0-GA\em35x\build\Highbay\token-def.o              #
#                    E:\Robin-Workspace\Project\Zigbee\EU-Router\Ember\EmberZ #
#                    Net5.3.0-GA\em35x\build\Highbay\token.o                  #
#                    E:\Robin-Workspace\Project\Zigbee\EU-Router\Ember\EmberZ #
#                    Net5.3.0-GA\em35x\build\Highbay\uart.o                   #
#                    E:\Robin-Workspace\Project\Zigbee\EU-Router\Ember\EmberZ #
#                    Net5.3.0-GA\em35x\build\Highbay\util.o                   #
#                    E:\Robin-Workspace\Project\Zigbee\EU-Router\Ember\EmberZ #
#                    Net5.3.0-GA\em35x\build\Highbay\zcl-cli.o                #
#                    E:\Robin-Workspace\Project\Zigbee\EU-Router\Ember\EmberZ #
#                    Net5.3.0-GA\em35x\build\Highbay\zdo-cli.o                #
#                    E:\Robin-Workspace\Project\Zigbee\EU-Router\Ember\EmberZ #
#                    Net5.3.0-GA\em35x\build\Highbay\zigbee-device-common.o   #
#                    E:\Robin-Workspace\Project\Zigbee\EU-Router\Ember\EmberZ #
#                    Net5.3.0-GA\em35x\build\Highbay\zigbee-device-library.o  #
#                    E:\Robin-Workspace\Project\Zigbee\EU-Router\Ember\EmberZ #
#                    Net5.3.0-GA\em35x\build\zigbee-pro-stack-cortexm3-iar-em #
#                    357-em3xx-debug\zigbee-pro-stack.a                       #
#                    E:\Robin-Workspace\Project\Zigbee\EU-Router\Ember\EmberZ #
#                    Net5.3.0-GA\em35x\build\zll-stub-library-cortexm3-iar-em #
#                    357-em3xx\zll-stub-library.a --redirect                  #
#                    _Printf=_PrintfFull --redirect _Scanf=_ScanfFull -o      #
#                    E:\Robin-Workspace\Project\Zigbee\EU-Router\Ember\EmberZ #
#                    Net5.3.0-GA\em35x\build\Highbay\Highbay.out              #
#                    --config_def APP_BTL=1 --map                             #
#                    E:\Robin-Workspace\Project\Zigbee\EU-Router\Ember\EmberZ #
#                    Net5.3.0-GA\em35x\build\Highbay\Highbay.map --log        #
#                    initialization,modules,sections,veneers --log_file       #
#                    E:\Robin-Workspace\Project\Zigbee\EU-Router\Ember\EmberZ #
#                    Net5.3.0-GA\em35x\build\Highbay\Highbay.log --config     #
#                    E:\Robin-Workspace\Project\Zigbee\EU-Router\Ember\EmberZ #
#                    Net5.3.0-GA\em35x\app\builder\Highbay/../../../hal/micro #
#                    /cortexm3/em35x/em357/iar-cfg.icf --diag_suppress Lp012  #
#                    --entry halEntryPoint --vfe                              #
#                                                                             #
#                                                                             #
###############################################################################

*******************************************************************************
*** RUNTIME MODEL ATTRIBUTES
***

CppFlavor       = *
__SystemLibrary = DLib


*******************************************************************************
*** PLACEMENT SUMMARY
***

"BAT": place at 0x08000000 { section BAT };
"HEADERS":
       place at start of [0x08002000-0x080020ff] { block HEADER_block };
"APP ro":
       place at start of [0x08002100-0x0802ffff] { block APPRO_block };
"NVM&SIMEE":
       place at end of [0x08002100-0x0802ffff] {
          zi section NVM, zi section SIMEE, zi section INTERNAL_STORAGE };
"FAT": place at 0x08040000 { section FAT };
"DEBUGCHAN":
       place at start of [0x20002ff0-0x20002fff] { rw section DEBUG_CHANNEL };
"APP rw":
       place at end of [0x20000000-0x20002fef] { block APPRW_block };
"Heap":
       place at start of [0x20000000-0x20002fef] { overlay EMHEAP_overlay };
"Guard":
       place in [from 0x20000000 to 0x20002fef] { rw section GUARD_REGION };

  Section                 Kind        Address     Size  Object
  -------                 ----        -------     ----  ------
"BAT":                                            0x54
  BAT                     uninit   0x08000000     0x54  cstartup-iar-common.o [1]
                                 - 0x08000054     0x54

"HEADERS":                                        0xac
  HEADER_block                     0x08002000     0xac  <Block>
    AAT                   const    0x08002000     0xac  cstartup-iar-common.o [1]
                                 - 0x080020ac     0xac

"APP ro":                                      0x1ed3c
  APPRO_block                      0x08002100  0x1ed3c  <Block>
    .intvec               const    0x08002100     0x90  cstartup-iar-common.o [1]
    .text                          0x08002190  0x1df20  <Block>
      .text               ro code  0x08002190    0x2a4  adc.o [1]
      .text               ro code  0x08002434      0xc  spmr.o [12]
      .text               ro code  0x08002440      0x6  spmr.o [12]
      .text               ro code  0x08002448    0x5b4  analogue.o [20]
      .text               ro code  0x080029fc      0xe  spmr.o [12]
      .text               ro code  0x08002a0c    0xb4c  diagnostic.o [1]
      .text               ro code  0x08003558    0x1f0  micro-common-internal.o [12]
      .text               ro code  0x08003748     0xec  analogue-cell-bias.o [20]
      .text               ro code  0x08003834     0x68  mfg-token.o [1]
      .text               ro code  0x0800389c    0x15c  token.o [1]
      .text               ro code  0x080039f8    0x5ac  phy.o [20]
      .text               ro code  0x08003fa4     0x50  analogue-filter.o [20]
      .text               ro code  0x08003ff4    0x89c  phy-common.o [20]
      .text               ro code  0x08004890    0x454  clocks.o [12]
      .text               ro code  0x08004ce4    0x274  micro.o [1]
      .text               ro code  0x08004f58     0xd0  analogue-vco.o [20]
      .text               ro code  0x08005028    0x268  analogue-mod-dac.o [20]
      .text               ro code  0x08005290    0x1aa  analogue-lna.o [20]
      .text               ro code  0x0800543c    0x11c  caladc.o [12]
      .text               ro code  0x08005558     0xe0  micro-common.o [1]
      .text               ro code  0x08005638    0x3f4  debug.o [20]
      .text               ro code  0x08005a2c    0x478  serial.o [1]
      .text               ro code  0x08005ea4    0x19c  micro-internal.o [12]
      .text               ro code  0x08006040     0x94  cstartup-iar-common.o [1]
      .text               ro code  0x080060d4     0xd2  mem-util.o [1]
      .text               ro code  0x080061a8    0x1b4  sim-eeprom.o [1]
      .text               ro code  0x0800635c    0xaf0  sim-eeprom-internal.o [12]
      .text               ro code  0x08006e4c    0x5c0  mac-indirect.o [20]
      .text               ro code  0x0800740c     0x40  child-table.o [20]
      .text               ro code  0x0800744c    0x208  ember-multi-network-stub.o [14]
      .text               ro code  0x08007654    0x2c8  mac-receive.o [20]
      .text               ro code  0x0800791c    0x1cc  mac-em250.o [20]
      .text               ro code  0x08007ae8     0xae  aes.o [20]
      .text               ro code  0x08007b96      0x8  abs.o [10]
      .text               ro code  0x08007ba0     0x48  random.o [1]
      .text               ro code  0x08007be8      0x8  spmr.o [12]
      .text               ro code  0x08007bf0    0x660  sleep.o [1]
      .text               ro code  0x08008250     0x18  eui64.o [20]
      .text               ro code  0x08008268      0x4  spmr.o [12]
      .text               ro code  0x0800826c      0x8  context-switch.o [12]
      .text               ro code  0x08008274      0xe  spmr.o [12]
      .text               ro code  0x08008284      0x4  spmr.o [12]
      .text               ro code  0x08008288    0x2ac  uart.o [1]
      .text               ro code  0x08008534    0x138  button.o [1]
      .text               ro code  0x0800866c    0x700  packet-buffer.o [20]
      .text               ro code  0x08008d6c    0x290  debug-jtag.o [20]
      .text               ro code  0x08008ffc    0x168  ember-stack-common.o [20]
      .text               ro code  0x08009164     0xb4  ember-configuration.o [1]
      .text               ro code  0x08009218     0x74  mpu.o [1]
      .text               ro code  0x0800928c     0x66  ABImemset.o [17]
      .text               ro code  0x080092f4    0x120  flash.o [12]
      .text               ro code  0x08009414    0x100  system-timer.o [12]
      .text               ro code  0x08009514    0x24c  packet-header.o [20]
      .text               ro code  0x08009760    0x258  event-control.o [20]
      .text               ro code  0x080099b8    0x410  mac-arbiter.o [20]
      .text               ro code  0x08009dc8     0x22  I64Shl.o [17]
      .text               ro code  0x08009dec   0x14b0  network.o [20]
      .text               ro code  0x0800b29c    0x450  mac.o [20]
      .text               ro code  0x0800b6ec    0x738  child.o [20]
      .text               ro code  0x0800be24     0x4c  rf4ce-stack-stubs.o [16]
      .text               ro code  0x0800be70    0x414  af-main-soc.o [1]
      .text               ro code  0x0800c284    0x154  counters-soc.o [1]
      .text               ro code  0x0800c3d8    0x330  mac-header.o [20]
      .text               ro code  0x0800c708     0x5e  led.o [1]
      .text               ro code  0x0800c768     0x5c  symbol-timer.o [20]
      .text               ro code  0x0800c7c4     0x44  byte-utilities.o [20]
      .text               ro code  0x0800c808    0x55c  af-main-common.o [1]
      .text               ro code  0x0800cd64     0x24  crc.o [1]
      .text               ro code  0x0800cd88     0x2e  zll-stubs.o [21]
      .text               ro code  0x0800cdb8    0x45c  zigbee-stack.o [20]
      .text               ro code  0x0800d214    0x288  jit.o [20]
      .text               ro code  0x0800d49c    0x370  command.o [20]
      .text               ro code  0x0800d80c    0x400  scan.o [20]
      .text               ro code  0x0800dc0c    0x4e0  route-table.o [20]
      .text               ro code  0x0800e0ec    0x150  broadcast.o [20]
      .text               ro code  0x0800e23c    0x28a  retry.o [20]
      .text               ro code  0x0800e4c8     0x64  unicast-table.o [20]
      .text               ro code  0x0800e52c    0x640  neighbor.o [20]
      .text               ro code  0x0800eb6c    0x590  crypto.o [20]
      .text               ro code  0x0800f0fc    0x314  aps-encryption.o [18]
      .text               ro code  0x0800f410    0x580  zigbee-packet-header.o [20]
      .text               ro code  0x0800f990    0x780  route-discovery.o [20]
      .text               ro code  0x08010110    0x928  application-support.o [20]
      .text               ro code  0x08010a38    0xc80  aps-security.o [18]
      .text               ro code  0x080116b8   0x15b4  association.o [20]
      .text               ro code  0x08012c6c    0x1f4  zigbee-neighbor.o [20]
      .text               ro code  0x08012e60    0x398  packet-validate.o [15]
      .text               ro code  0x080131f8    0x2ec  random-id.o [20]
      .text               ro code  0x080134e4    0x148  route-error.o [20]
      .text               ro code  0x0801362c    0x3a8  leave.o [20]
      .text               ro code  0x080139d4    0x360  neighbor-exchange.o [20]
      .text               ro code  0x08013d34    0x344  management.o [20]
      .text               ro code  0x08014078    0x314  address-table.o [20]
      .text               ro code  0x0801438c    0x17c  child-aging.o [20]
      .text               ro code  0x08014508    0x8c8  aps-retry.o [20]
      .text               ro code  0x08014dd0      0xc  alarm-stub.o [3]
      .text               ro code  0x08014ddc    0x156  sengled-ha-common.o [1]
      .text               ro code  0x08014f34     0x58  multi-network.o [1]
      .text               ro code  0x08014f8c    0xd98  attribute-storage.o [1]
      .text               ro code  0x08015d24    0x65c  util.o [1]
      .text               ro code  0x08016380     0x10  security-address-cache.o [1]
      .text               ro code  0x08016390     0x2c  command-interpreter2.o [1]
      .text               ro code  0x080163bc    0x248  af-event.o [1]
      .text               ro code  0x08016604     0x68  print.o [1]
      .text               ro code  0x0801666c     0xe4  zigbee-dispatch.o [20]
      .text               ro code  0x08016750     0x7a  callback-stub.o [1]
      .text               ro code  0x080167cc    0x4b0  binding-table.o [4]
      .text               ro code  0x08016c7c    0x302  form-and-join.o [1]
      .text               ro code  0x08016f80     0x10  crypto-state.o [1]
      .text               ro code  0x08016f90    0x1a0  zigbee-device-library.o [1]
      .text               ro code  0x08017130    0x29a  service-discovery-common.o [1]
      .text               ro code  0x080173cc     0x98  af-security-common.o [1]
      .text               ro code  0x08017464    0x180  token-cache.o [20]
      .text               ro code  0x080175e4    0x138  network-find.o [1]
      .text               ro code  0x0801771c    0xc3c  ota-client.o [1]
      .text               ro code  0x08018358    0x160  sengled-network.o [1]
      .text               ro code  0x080184b8     0x58  af-trust-center.o [1]
      .text               ro code  0x08018510     0x7c  af-node.o [1]
      .text               ro code  0x0801858c    0x2fc  sengled-hardware-A19EUE27.o [1]
      .text               ro code  0x08018888     0x80  ember-library.o [20]
      .text               ro code  0x08018908     0x12  phy-util.o [20]
      .text               ro code  0x0801891a      0x6  cbke-crypto-engine-163k1-stub.o [5]
      .text               ro code  0x08018920      0x6  cbke-crypto-engine-283k1-stub.o [6]
      .text               ro code  0x08018928    0x370  zdo-channel.o [20]
      .text               ro code  0x08018c98      0xe  cbke-crypto-engine-stub.o [9]
      .text               ro code  0x08018ca8    0x3f0  aps-keys.o [18]
      .text               ro code  0x08019098    0x15c  aes-mmo.o [18]
      .text               ro code  0x080191f4     0x62  hmac.o [18]
      .text               ro code  0x08019256      0x4  cbke-crypto-engine-dsa-sign-stub.o [7]
      .text               ro code  0x0801925c    0x5b8  zigbee-device-util.o [20]
      .text               ro code  0x08019814      0x4  install-code-stub.o [13]
      .text               ro code  0x08019818      0x8  aps-skke-stub.o [18]
      .text               ro code  0x08019820    0x488  trust-center-util.o [18]
      .text               ro code  0x08019ca8    0x334  aps-keys-full.o [19]
      .text               ro code  0x08019fdc      0x8  high-security-stub.o [18]
      .text               ro code  0x08019fe4    0x450  attribute-table.o [1]
      .text               ro code  0x0801a434    0x5b8  sengled-ledControl.o [1]
      .text               ro code  0x0801a9ec     0xea  sengled-adc.o [1]
      .text               ro code  0x0801aad8     0x48  idle-sleep-soc.o [1]
      .text               ro code  0x0801ab20    0x1f4  client-api.o [1]
      .text               ro code  0x0801ad14      0x2  address-table-soc.o [1]
      .text               ro code  0x0801ad18    0x81c  reporting.o [1]
      .text               ro code  0x0801b534    0x438  groups-server.o [1]
      .text               ro code  0x0801b96c     0x42  process-cluster-message.o [1]
      .text               ro code  0x0801b9b0    0x456  process-global-message.o [1]
      .text               ro code  0x0801be08    0x120  message.o [1]
      .text               ro code  0x0801bf28     0x68  form-and-join-node-adapter.o [1]
      .text               ro code  0x0801bf90     0x32  zigbee-device-common.o [1]
      .text               ro code  0x0801bfc2     0x56  service-discovery-soc.o [1]
      .text               ro code  0x0801c018    0x308  ota-storage-simple.o [1]
      .text               ro code  0x0801c320     0x7e  ota-client-policy.o [1]
      .text               ro code  0x0801c39e     0x20  ota-client-page-request.o [1]
      .text               ro code  0x0801c3c0     0xb6  ota-common.o [1]
      .text               ro code  0x0801c478    0x2b0  ota-storage-eeprom-page-erase.o [1]
      .text               ro code  0x0801c728    0x218  ota-storage-eeprom.o [1]
      .text               ro code  0x0801c940    0x188  ota-storage-common.o [1]
      .text               ro code  0x0801cac8      0x4  ota-client-signature-verify.o [1]
      .text               ro code  0x0801cacc    0xcf8  scenes.o [1]
      .text               ro code  0x0801d7c4    0x21c  ez-mode.o [1]
      .text               ro code  0x0801d9e0     0x94  sengled-cli.o [1]
      .text               ro code  0x0801da74    0x84c  zigbee-device.o [20]
      .text               ro code  0x0801e2c0      0x8  end-device-bind-stub.o [11]
      .text               ro code  0x0801e2c8     0x4c  attribute-size.o [1]
      .text               ro code  0x0801e314     0x8c  idle-sleep.o [1]
      .text               ro code  0x0801e3a0      0x6  ABImemclr4.o [17]
      .text               ro code  0x0801e3a8     0x76  ABImemcpy.o [17]
      .text               ro code  0x0801e420    0x612  call-command-handler.o [1]
      .text               ro code  0x0801ea34    0x246  eeprom.o [1]
      .text               ro code  0x0801ec7c    0x1a8  bootloader-interface-app.o [1]
      .text               ro code  0x0801ee24      0xa  ota-bootload-soc.o [1]
      .text               ro code  0x0801ee30     0x98  zcl-cli.o [1]
      .text               ro code  0x0801eec8    0x1c4  zdo-binding-table.o [4]
      .text               ro code  0x0801f08c     0x32  ABImemset48.o [17]
      .text               ro code  0x0801f0c0     0x28  basic.o [1]
      .text               ro code  0x0801f0e8    0x134  identify.o [1]
      .text               ro code  0x0801f21c     0xbe  on-off.o [1]
      .text               ro code  0x0801f2dc    0x4c4  level-control.o [1]
      .text               ro code  0x0801f7a0    0x494  color-control.o [1]
      .text               ro code  0x0801fc34     0x90  simple-metering-server.o [1]
      .text               ro code  0x0801fcc4     0x94  sengled-ha-ezmode.o [1]
      .text               ro code  0x0801fd58      0x8  simple-metering-test.o [1]
      .text               ro code  0x0801fd60     0x98  buzzer.o [1]
      .text               ro code  0x0801fdf8     0x80  faults.o [1]
      .text               ro code  0x0801fe78      0x0  isr-stubs.o [1]
      .text               ro code  0x0801fe78      0x0  isr-stubs.o [1]
      .text               ro code  0x0801fe78      0x0  isr-stubs.o [1]
      .text               ro code  0x0801fe78      0x0  isr-stubs.o [1]
      .text               ro code  0x0801fe78      0x0  isr-stubs.o [1]
      .text               ro code  0x0801fe78      0x0  isr-stubs.o [1]
      .text               ro code  0x0801fe78      0x0  isr-stubs.o [1]
      .text               ro code  0x0801fe78      0x0  isr-stubs.o [1]
      .text               ro code  0x0801fe78      0x0  isr-stubs.o [1]
      .text               ro code  0x0801fe78      0x0  isr-stubs.o [1]
      .text               ro code  0x0801fe78      0x0  isr-stubs.o [1]
      .text               ro code  0x0801fe78      0x0  isr-stubs.o [1]
      .text               ro code  0x0801fe78      0x0  isr-stubs.o [1]
      .text               ro code  0x0801fe78      0x4  isr-stubs.o [1]
      .text               ro code  0x0801fe7c    0x1cc  cstartup-iar.o [12]
      .text               ro code  0x08020048      0x6  ABImemclr.o [17]
      .text               ro code  0x08020050     0x10  context-switch.o [12]
      .text               ro code  0x08020060     0x38  context-switch.o [12]
      .text               ro code  0x08020098     0x18  cal-pads.o [20]
    .rodata               const    0x080200b0     0x10  af-main-common.o [1]
    .rodata               const    0x080200c0     0x98  attribute-storage.o [1]
    .rodata               const    0x08020158    0x4f0  diagnostic.o [1]
    .rodata               const    0x08020648      0x3  ember-configuration.o [1]
    .rodata               const    0x0802064b      0x1  binding-table.o [4]
    .rodata               const    0x0802064c      0xc  ota-common.o [1]
    .rodata               const    0x08020658      0x8  serial.o [1]
    .rodata               const    0x08020660     0x38  sim-eeprom.o [1]
    .rodata               const    0x08020698    0x398  token-def.o [1]
    .rodata               const    0x08020a30      0x8  ember-version.o [20]
    .rodata               const    0x08020a38      0x8  rf4ce-stack-stubs.o [16]
    .rodata               const    0x08020a40     0x18  mfg-token.o [1]
    .rodata               const    0x08020a58      0x2  micro-common.o [1]
    .rodata               const    0x08020a5a      0x1  aps-keys-full.o [19]
    .rodata               const    0x08020a5b      0x1  zll-stubs.o [21]
    .rodata               const    0x08020a5c      0x1  ember-library.o [20]
    .rodata               const    0x08020a5d      0x1  trust-center-util.o [18]
    .rodata               const    0x08020a5e      0x1  cbke-crypto-engine-stub.o [9]
    .rodata               const    0x08020a5f      0x1  route-table.o [20]
    .rodata               const    0x08020a60      0x1  install-code-stub.o [13]
    .rodata               const    0x08020a61      0x1  aps-skke-stub.o [18]
    .rodata               const    0x08020a62      0x1  end-device-bind-stub.o [11]
    .rodata               const    0x08020a63      0x1  alarm-stub.o [3]
    .rodata               const    0x08020a64      0x1  cbke-crypto-engine-dsa-sign-stub.o [7]
    .rodata               const    0x08020a65      0x1  packet-validate.o [15]
    .rodata               const    0x08020a66      0x1  cbke-crypto-engine-163k1-stub.o [5]
    .rodata               const    0x08020a67      0x1  cbke-crypto-engine-283k1-stub.o [6]
    .rodata               const    0x08020a68      0x1  cbke-crypto-engine-dsa-verify-stub.o [8]
    .data_init                     0x08020a6c    0x3d0  <Block>
      Initializer bytes   ro data  0x08020a6c    0x3d0  <for .data-1>
                                 - 0x08020e3c  0x1ed3c

"NVM&SIMEE":                                    0x2000
  SIMEE                            0x0802e000   0x2000  <Block>
    SIMEE                 uninit   0x0802e000   0x2000  sim-eeprom.o [1]
                                 - 0x08030000   0x2000

"FAT":                                            0x2c
  FAT                     uninit   0x08040000     0x2c  cstartup-iar-common.o [1]
                                 - 0x0804002c     0x2c

"Heap":                                          0xd80
  EMHEAP_overlay                   0x20000000    0xd68  <Overlay>
    part 1:
      EMHEAP              uninit   0x20000000    0xd68  ember-configuration.o [1]
    part 2:
      RESETINFO                    0x20000000     0x98  <Block>
        RESETINFO         const    0x20000000      0x0  faults.o [1]
        RESETINFO         const    0x20000000      0x0  isr-stubs.o [1]
        RESETINFO         const    0x20000000      0x0  spmr.o [12]
        RESETINFO         const    0x20000000      0x0  context-switch.o [12]
        RESETINFO         uninit   0x20000000     0x98  cstartup-iar-common.o [1]
                                 - 0x20000d68    0xd68

"Guard":                                          0x20
  GUARD_REGION            uninit   0x20000d80     0x20  cstartup-iar-common.o [1]
                                 - 0x20000da0     0x20

"APP rw":                                       0x1984
  APPRW_block                      0x20001668   0x1984  <Block>
    ALIGN_CSTACK                   0x20001668    0x960  <Block>
      CSTACK                       0x20001668    0x960  <Block>
        CSTACK            const    0x20001668      0x0  faults.o [1]
        CSTACK            const    0x20001668      0x0  isr-stubs.o [1]
        CSTACK            const    0x20001668      0x0  spmr.o [12]
        CSTACK            const    0x20001668      0x0  context-switch.o [12]
        CSTACK            uninit   0x20001668    0x960  cstartup-iar-common.o [1]
    .data                          0x20001fc8    0x3d0  <Block>
      .data-1                      0x20001fc8    0x3ce  <Init block>
        .data             inited   0x20001fc8     0x40  af-event.o [1]
        .data             inited   0x20002008      0x1  af-main-common.o [1]
        .data             inited   0x20002009      0x1  af-main-soc.o [1]
        .data             inited   0x2000200a      0x1  af-security-common.o [1]
        .data             inited   0x2000200c      0x8  buzzer.o [1]
        .data             inited   0x20002014      0x4  color-control.o [1]
        .data             inited   0x20002018     0x12  eeprom.o [1]
        .data             inited   0x2000202a      0x1  ember-configuration.o [1]
        .data             inited   0x2000202b      0x1  ember-configuration.o [1]
        .data             inited   0x2000202c      0x4  ember-configuration.o [1]
        .data             inited   0x20002030      0x4  ember-configuration.o [1]
        .data             inited   0x20002034      0x4  ember-configuration.o [1]
        .data             inited   0x20002038      0x4  ember-configuration.o [1]
        .data             inited   0x2000203c      0x4  ember-configuration.o [1]
        .data             inited   0x20002040      0x1  ember-configuration.o [1]
        .data             inited   0x20002044      0x4  ember-configuration.o [1]
        .data             inited   0x20002048      0x1  ember-configuration.o [1]
        .data             inited   0x2000204c      0x4  ember-configuration.o [1]
        .data             inited   0x20002050      0x4  ember-configuration.o [1]
        .data             inited   0x20002054      0x4  ember-configuration.o [1]
        .data             inited   0x20002058      0x1  ember-configuration.o [1]
        .data             inited   0x2000205c      0x4  ember-configuration.o [1]
        .data             inited   0x20002060      0x4  ember-configuration.o [1]
        .data             inited   0x20002064      0x1  ember-configuration.o [1]
        .data             inited   0x20002068      0x4  ember-configuration.o [1]
        .data             inited   0x2000206c      0x1  ember-configuration.o [1]
        .data             inited   0x20002070      0x4  ember-configuration.o [1]
        .data             inited   0x20002074      0x1  ember-configuration.o [1]
        .data             inited   0x20002078      0x4  ember-configuration.o [1]
        .data             inited   0x2000207c      0x1  ember-configuration.o [1]
        .data             inited   0x20002080      0x4  ember-configuration.o [1]
        .data             inited   0x20002084      0x4  ember-configuration.o [1]
        .data             inited   0x20002088      0x1  ember-configuration.o [1]
        .data             inited   0x2000208c      0x4  ember-configuration.o [1]
        .data             inited   0x20002090      0x1  ember-configuration.o [1]
        .data             inited   0x20002094      0x4  ember-configuration.o [1]
        .data             inited   0x20002098      0x1  ember-configuration.o [1]
        .data             inited   0x2000209c      0x4  ember-configuration.o [1]
        .data             inited   0x200020a0      0x2  ember-configuration.o [1]
        .data             inited   0x200020a2      0x1  ember-configuration.o [1]
        .data             inited   0x200020a3      0x1  ember-configuration.o [1]
        .data             inited   0x200020a4      0x4  ember-configuration.o [1]
        .data             inited   0x200020a8      0x1  ember-configuration.o [1]
        .data             inited   0x200020a9      0x1  ember-configuration.o [1]
        .data             inited   0x200020aa      0x1  ember-configuration.o [1]
        .data             inited   0x200020ab      0x1  ember-configuration.o [1]
        .data             inited   0x200020ac      0x1  ember-configuration.o [1]
        .data             inited   0x200020ae      0x2  ember-configuration.o [1]
        .data             inited   0x200020b0      0x1  ember-configuration.o [1]
        .data             inited   0x200020b1      0x1  ember-configuration.o [1]
        .data             inited   0x200020b2      0x1  ember-configuration.o [1]
        .data             inited   0x200020b3      0x1  ember-configuration.o [1]
        .data             inited   0x200020b4      0xc  form-and-join-node-adapter.o [1]
        .data             inited   0x200020c0     0x28  micro.o [1]
        .data             inited   0x200020e8     0x40  mpu.o [1]
        .data             inited   0x20002128     0x28  ota-client.o [1]
        .data             inited   0x20002150      0xc  ota-common.o [1]
        .data             inited   0x2000215c      0x8  ota-storage-eeprom-page-erase.o [1]
        .data             inited   0x20002164      0x1  print.o [1]
        .data             inited   0x20002166      0x4  random.o [1]
        .data             inited   0x2000216c     0x20  security-cli.o [1]
        .data             inited   0x2000218c     0x1c  sengled-ha-common.o [1]
        .data             inited   0x200021a8     0x2a  sengled-hardware-A19EUE27.o [1]
        .data             inited   0x200021d4     0x2c  serial.o [1]
        .data             inited   0x20002200     0x20  util.o [1]
        .data             inited   0x20002220      0x1  util.o [1]
        .data             inited   0x20002221      0x1  zigbee-device-common.o [1]
        .data             inited   0x20002222      0x9  analogue.o [20]
        .data             inited   0x2000222c      0xe  analogue.o [20]
        .data             inited   0x2000223c     0x24  association.o [20]
        .data             inited   0x20002260      0xc  association.o [20]
        .data             inited   0x2000226c      0x2  token-cache.o [20]
        .data             inited   0x2000226e      0xa  zigbee-device.o [20]
        .data             inited   0x20002278      0x1  packet-buffer.o [20]
        .data             inited   0x2000227a      0x6  child.o [20]
        .data             inited   0x20002280      0x4  application-support.o [20]
        .data             inited   0x20002284      0x8  zigbee-stack.o [20]
        .data             inited   0x2000228c      0x1  zigbee-stack.o [20]
        .data             inited   0x20002290      0x4  micro-internal.o [12]
        .data             inited   0x20002294      0x4  debug.o [20]
        .data             inited   0x20002298     0x24  scan.o [20]
        .data             inited   0x200022bc      0xa  clocks.o [12]
        .data             inited   0x200022c6      0x1  zigbee-device-util.o [20]
        .data             inited   0x200022c8      0xe  leave.o [20]
        .data             inited   0x200022d6      0x8  analogue-mod-dac.o [20]
        .data             inited   0x200022e0     0x1c  phy-common.o [20]
        .data             inited   0x200022fc      0x1  phy-common.o [20]
        .data             inited   0x20002300      0xe  aps-retry.o [20]
        .data             inited   0x20002310     0x14  mac-arbiter.o [20]
        .data             inited   0x20002324      0x8  mac-arbiter.o [20]
        .data             inited   0x2000232c      0x2  trust-center-util.o [18]
        .data             inited   0x20002330      0x4  network.o [20]
        .data             inited   0x20002334      0x1  network.o [20]
        .data             inited   0x20002338      0xe  management.o [20]
        .data             inited   0x20002346      0x2  random-id.o [20]
        .data             inited   0x20002348     0x12  mac-indirect.o [20]
        .data             inited   0x2000235c     0x14  zdo-channel.o [20]
        .data             inited   0x20002370     0x10  mac-receive.o [20]
        .data             inited   0x20002380      0x1  packet-validate.o [15]
        .data             inited   0x20002381      0x2  mac-em250.o [20]
        .data             inited   0x20002383      0x1  mac-em250.o [20]
        .data             inited   0x20002384      0xe  jit.o [20]
        .data             inited   0x20002392      0x4  mac-header.o [20]
    DLIB_PERTHREAD_INITIALIZED_DATA
                                   0x20002398      0x0  <Block>
    DLIB_PERTHREAD_ZERO_DATA
                                   0x20002398      0x0  <Block>
    .bss                           0x20002398    0xc54  <Block>
      .bss                uninit   0x20002398     0x10  mac-indirect.o [20]
      .bss                uninit   0x200023a8     0x1e  adc.o [1]
      .bss                uninit   0x200023c6      0x2  cstartup-iar-common.o [1]
      .bss                uninit   0x200023c8      0x8  af-event.o [1]
      .bss                uninit   0x200023d0      0x8  af-event.o [1]
      .bss                uninit   0x200023d8      0x8  af-event.o [1]
      .bss                uninit   0x200023e0      0x8  af-event.o [1]
      .bss                uninit   0x200023e8      0x8  af-event.o [1]
      .bss                uninit   0x200023f0     0x18  af-main-common.o [1]
      .bss                uninit   0x20002408     0xb8  attribute-storage.o [1]
      .bss                uninit   0x200024c0     0x18  bootloader-interface-app.o [1]
      .bss                uninit   0x200024d8    0x160  bootloader-interface-app.o [1]
      .bss                uninit   0x20002638     0x80  bootloader-interface-app.o [1]
      .bss                uninit   0x200026b8     0x10  client-api.o [1]
      .bss                uninit   0x200026c8     0x14  color-control.o [1]
      .bss                uninit   0x200026dc     0x7c  command-interpreter2.o [1]
      .bss                uninit   0x20002758     0x44  counters-soc.o [1]
      .bss                uninit   0x2000279c     0x44  counters-soc.o [1]
      .bss                uninit   0x200027e0     0x24  counters-soc.o [1]
      .bss                uninit   0x20002804     0x30  ember-configuration.o [1]
      .bss                uninit   0x20002834     0x18  ez-mode.o [1]
      .bss                uninit   0x2000284c     0x14  form-and-join.o [1]
      .bss                uninit   0x20002860      0x4  identify.o [1]
      .bss                uninit   0x20002864     0x14  level-control.o [1]
      .bss                uninit   0x20002878     0x10  message.o [1]
      .bss                uninit   0x20002888     0x54  message.o [1]
      .bss                uninit   0x200028dc      0x4  multi-network.o [1]
      .bss                uninit   0x200028e0      0xc  network-find.o [1]
      .bss                uninit   0x200028ec      0x8  network-find.o [1]
      .bss                uninit   0x200028f4      0xc  ota-storage-eeprom-page-erase.o [1]
      .bss                uninit   0x20002900      0x8  ota-storage-eeprom.o [1]
      .bss                uninit   0x20002908     0x18  ota-storage-simple.o [1]
      .bss                uninit   0x20002920      0x8  reporting.o [1]
      .bss                uninit   0x20002928     0x48  reporting.o [1]
      .bss                uninit   0x20002970      0xc  sengled-adc.o [1]
      .bss                uninit   0x2000297c     0x34  sengled-adc.o [1]
      .bss                uninit   0x200029b0      0xe  sengled-ha-common.o [1]
      .bss                uninit   0x200029be      0x2  message.o [1]
      .bss                uninit   0x200029c0      0x8  sengled-ha-common.o [1]
      .bss                uninit   0x200029c8      0xc  sengled-ha-ezmode.o [1]
      .bss                uninit   0x200029d4     0x10  sengled-ledControl.o [1]
      .bss                uninit   0x200029e4     0x18  sengled-ledControl.o [1]
      .bss                uninit   0x200029fc      0xc  sengled-network.o [1]
      .bss                uninit   0x20002a08     0x88  serial.o [1]
      .bss                uninit   0x20002a90     0x88  serial.o [1]
      .bss                uninit   0x20002b18     0x14  service-discovery-common.o [1]
      .bss                uninit   0x20002b2c     0xc4  sim-eeprom.o [1]
      .bss                uninit   0x20002bf0      0x4  simple-metering-server.o [1]
      .bss                uninit   0x20002bf4      0xc  sleep.o [1]
      .bss                uninit   0x20002c00     0x54  zcl-cli.o [1]
      .bss                uninit   0x20002c54     0x12  zcl-cli.o [1]
      .bss                uninit   0x20002c66      0x2  print.o [1]
      .bss                uninit   0x20002c68     0x24  analogue.o [20]
      .bss                uninit   0x20002c8c      0x8  ember-multi-network-stub.o [14]
      .bss                uninit   0x20002c94      0x8  ember-multi-network-stub.o [14]
      .bss                uninit   0x20002c9c      0x8  ember-multi-network-stub.o [14]
      .bss                uninit   0x20002ca4      0xc  zigbee-dispatch.o [20]
      .bss                uninit   0x20002cb0      0xc  association.o [20]
      .bss                uninit   0x20002cbc      0x8  eui64.o [20]
      .bss                uninit   0x20002cc4      0x8  system-timer.o [12]
      .bss                uninit   0x20002ccc      0xc  debug.o [20]
      .bss                uninit   0x20002cd8      0x8  zll-stubs.o [21]
      .bss                uninit   0x20002ce0    0x118  phy.o [20]
      .bss                uninit   0x20002df8      0x8  zigbee-device-util.o [20]
      .bss                uninit   0x20002e00      0x8  aps-keys.o [18]
      .bss                uninit   0x20002e08      0x8  context-switch.o [12]
      .bss                uninit   0x20002e10      0xc  mac.o [20]
      .bss                uninit   0x20002e1c     0x80  mac.o [20]
      .bss                uninit   0x20002e9c      0x4  aps-encryption.o [18]
      .bss                uninit   0x20002ea0      0x8  neighbor.o [20]
      .bss                uninit   0x20002ea8      0x8  aps-skke-stub.o [18]
      .bss                uninit   0x20002eb0      0x8  high-security-stub.o [18]
      .bss                uninit   0x20002eb8     0x10  retry.o [20]
      .bss                uninit   0x20002ec8     0x40  retry.o [20]
      .bss                uninit   0x20002f08      0x8  neighbor-exchange.o [20]
      .bss                uninit   0x20002f10      0x8  end-device-bind-stub.o [11]
      .bss                uninit   0x20002f18     0x64  broadcast.o [20]
      .bss                uninit   0x20002f7c      0x8  cal-pads.o [20]
      .bss                uninit   0x20002f84      0x8  mac-em250.o [20]
      .bss                uninit   0x20002f8c     0x14  unicast-table.o [20]
      .bss                uninit   0x20002fa0      0x8  mac-header.o [20]
      .bss                uninit   0x20002fa8      0x4  sengled-ledControl.o [1]
      .bss                uninit   0x20002fac      0x2  util.o [1]
      .bss                uninit   0x20002fae      0x4  sim-eeprom-internal.o [12]
      .bss                uninit   0x20002fb2      0x4  route-table.o [20]
      .bss                uninit   0x20002fb6      0x1  af-event.o [1]
      .bss                uninit   0x20002fb7      0x1  af-trust-center.o [1]
      .bss                uninit   0x20002fb8      0x2  button.o [1]
      .bss                uninit   0x20002fba      0x1  crypto-state.o [1]
      .bss                uninit   0x20002fbb      0x1  eeprom.o [1]
      .bss                uninit   0x20002fbc      0x1  ember-configuration.o [1]
      .bss                uninit   0x20002fbd      0x1  ember-configuration.o [1]
      .bss                uninit   0x20002fbe      0x1  ember-configuration.o [1]
      .bss                uninit   0x20002fbf      0x1  ember-configuration.o [1]
      .bss                uninit   0x20002fc0      0x1  ember-configuration.o [1]
      .bss                uninit   0x20002fc1      0x1  ember-configuration.o [1]
      .bss                uninit   0x20002fc2      0x1  ember-configuration.o [1]
      .bss                uninit   0x20002fc3      0x2  idle-sleep.o [1]
      .bss                uninit   0x20002fc5      0x1  idle-sleep.o [1]
      .bss                uninit   0x20002fc6      0x1  micro-common.o [1]
      .bss                uninit   0x20002fc7      0x1  process-global-message.o [1]
      .bss                uninit   0x20002fc8      0x1  scenes.o [1]
      .bss                uninit   0x20002fc9      0x3  security-address-cache.o [1]
      .bss                uninit   0x20002fcc      0x2  sengled-network.o [1]
      .bss                uninit   0x20002fce      0x2  token.o [1]
      .bss                uninit   0x20002fd0      0x1  util.o [1]
      .bss                uninit   0x20002fd1      0x1  zigbee-device-common.o [1]
      .bss                uninit   0x20002fd2      0x2  event-control.o [20]
      .bss                uninit   0x20002fd4      0x1  zigbee-dispatch.o [20]
      .bss                uninit   0x20002fd5      0x1  association.o [20]
      .bss                uninit   0x20002fd6      0x1  application-support.o [20]
      .bss                uninit   0x20002fd7      0x2  zigbee-stack.o [20]
      .bss                uninit   0x20002fd9      0x1  debug.o [20]
      .bss                uninit   0x20002fda      0x1  flash.o [12]
      .bss                uninit   0x20002fdb      0x2  phy.o [20]
      .bss                uninit   0x20002fdd      0x2  phy.o [20]
      .bss                uninit   0x20002fdf      0x3  analogue-vco.o [20]
      .bss                uninit   0x20002fe2      0x1  phy-common.o [20]
      .bss                uninit   0x20002fe3      0x1  route-discovery.o [20]
      .bss                uninit   0x20002fe4      0x1  neighbor.o [20]
      .bss                uninit   0x20002fe5      0x3  network.o [20]
      .bss                uninit   0x20002fe8      0x1  high-security-stub.o [18]
      .bss                uninit   0x20002fe9      0x1  random-id.o [20]
      .bss                uninit   0x20002fea      0x1  command.o [20]
      .bss                uninit   0x20002feb      0x1  debug-jtag.o [20]
                                 - 0x20002fec   0x1984

"DEBUGCHAN":                                      0x10
  DEBUG_CHANNEL                    0x20002ff0     0x10  <Block>
    DEBUG_CHANNEL         uninit   0x20002ff0     0x10  debug-jtag.o [20]
                                 - 0x20003000     0x10



*******************************************************************************
*** MODULE SUMMARY
***

    Module                                ro code  ro data  rw data
    ------                                -------  -------  -------
E:\Robin-Workspace\Project\Zigbee\EU-Router\Ember\EmberZNet5.3.0-GA\em35x\build\Highbay: [1]
    adc.o                                     676                30
    address-table-soc.o                         2
    af-event.o                                584       64      105
    af-main-common.o                        1 372       17       25
    af-main-soc.o                           1 044        1        1
    af-node.o                                 124
    af-security-common.o                      152        1        1
    af-trust-center.o                          88                 1
    attribute-size.o                           76
    attribute-storage.o                     3 480      152      184
    attribute-table.o                       1 104
    basic.o                                    40
    bootloader-interface-app.o                424               504
    button.o                                  312                 2
    buzzer.o                                  152        9        8
    call-command-handler.o                  1 554
    callback-stub.o                           122
    client-api.o                              500                16
    color-control.o                         1 172        4       24
    command-interpreter2.o                     44               124
    counters-soc.o                            340               172
    crc.o                                      36
    crypto-state.o                             16                 1
    cstartup-iar-common.o                     148      316    2 562
    diagnostic.o                            2 892    1 264
    eeprom.o                                  582       18       19
    ember-configuration.o                     180      141      162
    ez-mode.o                                 540                24
    faults.o                                  128
    form-and-join-node-adapter.o              104       12       12
    form-and-join.o                           770                20
    groups-server.o                         1 080
    identify.o                                308                 4
    idle-sleep-soc.o                           72
    idle-sleep.o                              140                 3
    isr-stubs.o                                 4
    led.o                                      94
    level-control.o                         1 220                20
    mem-util.o                                210
    message.o                                 288               102
    mfg-token.o                               104       24
    micro-common.o                            224        2        1
    micro.o                                   628       40       40
    mpu.o                                     116       64       64
    multi-network.o                            88                 4
    network-find.o                            312                20
    on-off.o                                  190
    ota-bootload-soc.o                         10
    ota-client-page-request.o                  32
    ota-client-policy.o                       126
    ota-client-signature-verify.o               4
    ota-client.o                            3 132       40       40
    ota-common.o                              182       24       12
    ota-storage-common.o                      392
    ota-storage-eeprom-page-erase.o           688        8       20
    ota-storage-eeprom.o                      536                 8
    ota-storage-simple.o                      776                24
    print.o                                   104        1        3
    process-cluster-message.o                  66
    process-global-message.o                1 110                 1
    random.o                                   72        5        4
    reporting.o                             2 076                80
    scenes.o                                3 320                 1
    security-address-cache.o                   16                 3
    security-cli.o                                      34       32
    sengled-adc.o                             234                64
    sengled-cli.o                             148
    sengled-ha-common.o                       342       28       50
    sengled-ha-ezmode.o                       148                12
    sengled-hardware-A19EUE27.o               764       42       42
    sengled-ledControl.o                    1 464                44
    sengled-network.o                         352                14
    serial.o                                1 144       54      316
    service-discovery-common.o                666                20
    service-discovery-soc.o                    86
    sim-eeprom.o                              436       56    8 388
    simple-metering-server.o                  144                 4
    simple-metering-test.o                      8
    sleep.o                                 1 632                12
    token-def.o                                        920
    token.o                                   348                 2
    uart.o                                    684
    util.o                                  1 628       33       36
    zcl-cli.o                                 152               102
    zigbee-device-common.o                     50        1        2
    zigbee-device-library.o                   416
    ---------------------------------------------------------------
    Total:                                 47 324    3 375   13 591

command line: [2]
    ---------------------------------------------------------------
    Total:

alarm-stub-library.a: [3]
    alarm-stub.o                               12        1
    ---------------------------------------------------------------
    Total:                                     12        1

binding-table-library.a: [4]
    binding-table.o                         1 200        1
    zdo-binding-table.o                       452
    ---------------------------------------------------------------
    Total:                                  1 652        1

cbke-163k1-stub-library.a: [5]
    cbke-crypto-engine-163k1-stub.o             6        1
    ---------------------------------------------------------------
    Total:                                      6        1

cbke-283k1-stub-library.a: [6]
    cbke-crypto-engine-283k1-stub.o             6        1
    ---------------------------------------------------------------
    Total:                                      6        1

cbke-library-dsa-sign-stub.a: [7]
    cbke-crypto-engine-dsa-sign-stub.o          4        1
    ---------------------------------------------------------------
    Total:                                      4        1

cbke-library-dsa-verify-stub.a: [8]
    cbke-crypto-engine-dsa-verify-stub.o                 1
    ---------------------------------------------------------------
    Total:                                               1

cbke-stub-library.a: [9]
    cbke-crypto-engine-stub.o                  14        1
    ---------------------------------------------------------------
    Total:                                     14        1

dl7M_tln.a: [10]
    abs.o                                       8
    ---------------------------------------------------------------
    Total:                                      8

end-device-bind-stub-library.a: [11]
    end-device-bind-stub.o                      8        1        8
    ---------------------------------------------------------------
    Total:                                      8        1        8

hal-library.a: [12]
    caladc.o                                  284
    clocks.o                                1 108       10       10
    context-switch.o                           80                 8
    cstartup-iar.o                            460
    flash.o                                   288                 1
    micro-common-internal.o                   496
    micro-internal.o                          412        7        4
    sim-eeprom-internal.o                   2 800                 4
    spmr.o                                     62
    system-timer.o                            256                 8
    ---------------------------------------------------------------
    Total:                                  6 246       17       35

install-code-library-stub.a: [13]
    install-code-stub.o                         4        1
    ---------------------------------------------------------------
    Total:                                      4        1

multi-network-stub-library.a: [14]
    ember-multi-network-stub.o                520                24
    ---------------------------------------------------------------
    Total:                                    520                24

packet-validate-library.a: [15]
    packet-validate.o                         920        2        1
    ---------------------------------------------------------------
    Total:                                    920        2        1

rf4ce-stack-stub-library.a: [16]
    rf4ce-stack-stubs.o                        76        8
    ---------------------------------------------------------------
    Total:                                     76        8

rt7M_tl.a: [17]
    ABImemclr.o                                 6
    ABImemclr4.o                                6
    ABImemcpy.o                               118
    ABImemset.o                               102
    ABImemset48.o                              50
    I64Shl.o                                   34
    ---------------------------------------------------------------
    Total:                                    316

security-library-core.a: [18]
    aes-mmo.o                                 348
    aps-encryption.o                          788                 4
    aps-keys.o                              1 008                 8
    aps-security.o                          3 200
    aps-skke-stub.o                             8        1        8
    high-security-stub.o                        8                 9
    hmac.o                                     98
    trust-center-util.o                     1 160        3        2
    ---------------------------------------------------------------
    Total:                                  6 618        4       31

security-library-link-keys.a: [19]
    aps-keys-full.o                           820        1
    ---------------------------------------------------------------
    Total:                                    820        1

zigbee-pro-stack.a: [20]
    address-table.o                           788
    aes.o                                     174
    analogue-cell-bias.o                      236
    analogue-filter.o                          80
    analogue-lna.o                            426
    analogue-mod-dac.o                        616        8        8
    analogue-vco.o                            208                 3
    analogue.o                              1 460       24       59
    application-support.o                   2 344        4        5
    aps-retry.o                             2 248       17       14
    association.o                           5 556       50       61
    broadcast.o                               336               100
    byte-utilities.o                           68
    cal-pads.o                                 24                 8
    child-aging.o                             380
    child-table.o                              64
    child.o                                 1 848        7        6
    command.o                                 880                 1
    crypto.o                                1 424
    debug-jtag.o                              656                17
    debug.o                                 1 012        4       17
    ember-library.o                           128        1
    ember-stack-common.o                      360
    ember-version.o                                      8
    eui64.o                                    24                 8
    event-control.o                           600                 2
    jit.o                                     648       14       14
    leave.o                                   936       15       14
    mac-arbiter.o                           1 040       30       28
    mac-em250.o                               460        3       11
    mac-header.o                              816        4       12
    mac-indirect.o                          1 472       18       34
    mac-receive.o                             712       16       16
    mac.o                                   1 104               140
    management.o                              836       17       14
    neighbor-exchange.o                       864                 8
    neighbor.o                              1 600                 9
    network.o                               5 296        7        8
    packet-buffer.o                         1 792        1        1
    packet-header.o                           588
    phy-common.o                            2 204       31       30
    phy-util.o                                 18
    phy.o                                   1 452               284
    random-id.o                               748        2        3
    retry.o                                   650                80
    route-discovery.o                       1 920                 1
    route-error.o                             328
    route-table.o                           1 248        1        4
    scan.o                                  1 024       36       36
    symbol-timer.o                             92
    token-cache.o                             384        2        2
    unicast-table.o                           100                20
    zdo-channel.o                             880       22       20
    zigbee-device-util.o                    1 464        1        9
    zigbee-device.o                         2 124       10       10
    zigbee-dispatch.o                         228                13
    zigbee-neighbor.o                         500
    zigbee-packet-header.o                  1 408
    zigbee-stack.o                          1 116        9       11
    ---------------------------------------------------------------
    Total:                                 57 992      362    1 141

zll-stub-library.a: [21]
    zll-stubs.o                                46        1        8
[...]
networkOperationEventControl
                        0x200021c0     0x8  Data  Gb  sengled-hardware-A19EUE27.o [1]
networkPacketIsValid    0x08012eb3    0x4c  Code  Lc  packet-validate.o [15]
networkSubmitUnicast    0x0800a177    0x88  Code  Lc  network.o [20]
newChannel              0x20002fd5     0x1  Data  Lc  association.o [20]
newEraseOperation       0x200028f4     0x1  Data  Lc  ota-storage-eeprom-page-erase.o [1]
newNwkUpdateId          0x2000235d     0x1  Data  Lc  zdo-channel.o [20]
newPanId                0x20002344     0x2  Data  Lc  management.o [20]
nextApsFrameCounter     0x20002e9c     0x4  Data  Lc  aps-encryption.o [18]
nextChannel             0x20002299     0x1  Data  Lc  scan.o [20]
nextEventTimer          0x2000214c     0x4  Data  Lc  ota-client.o [1]
nextIncomingRssi        0x200022b8     0x4  Data  Lc  scan.o [20]
nextIndex               0x20002fcb     0x1  Data  Lc  security-address-cache.o [1]
nextOutgoingRssi        0x200022b4     0x4  Data  Lc  scan.o [20]
nodeThatToldUsToLeave   0x200022d4     0x2  Data  Lc  leave.o [20]
normalOrBoostTokSerialRegId
                        0x08003828     0xc  Data  Gb  analogue-cell-bias.o [20]
noteDiscoveryTimeout    0x0800dca7    0x6a  Code  Lc  route-table.o [20]
notePreconfiguredKeyType
                        0x08011615    0x22  Code  Lc  aps-security.o [18]
notifyTrustCenter       0x080138a5    0x28  Code  Lc  leave.o [20]
nullEui                 0x08003894     0x8  Data  Lc  mfg-token.o [1]
nwkSequenceNumber       0x20002280     0x1  Data  Lc  application-support.o [20]
onOffStatusWhenPowerOffEventControl
                        0x200021c8     0x8  Data  Gb  sengled-hardware-A19EUE27.o [1]
oneScanDone             0x20002364     0x1  Data  Lc  zdo-channel.o [20]
originalChannel         0x2000229c     0x1  Data  Lc  scan.o [20]
originalPanId           0x200022a8     0x2  Data  Lc  scan.o [20]
originalRadioIdleMode   0x2000229d     0x1  Data  Lc  scan.o [20]
otaClientTick           0x08017849    0x7e  Code  Lc  ota-client.o [1]
paPresent               0x2000222e     0x1  Data  Lc  analogue.o [20]
packetChecks            0x080131b8    0x40  Data  Lc  packet-validate.o [15]
pageEraseStatus         0x20002029     0x1  Data  Gb  eeprom.o [1]
panConflictMeter        0x20002338     0x1  Data  Lc  management.o [20]
pendingAckedCount       0x20002301     0x1  Data  Lc  aps-retry.o [20]
permitJoining           0x20002cb0     0x1  Data  Lc  association.o [20]
phyToMacQueueLength     0x20002370     0x2  Data  Lc  mac-receive.o [20]
phyToMacQueueLengthReached
                        0x20002374     0x2  Data  Lc  mac-receive.o [20]
platformTick            0x08015d25    0x20  Code  Lc  util.o [1]
pollState               0x20002314     0x1  Data  Lc  mac-arbiter.o [20]
powerConsumptionReportEventControl
                        0x200029ec     0x8  Data  Gb  sengled-ledControl.o [1]
powerConsumptionReportFunction
                        0x0801a53b    0x90  Code  Gb  sengled-ledControl.o [1]
powerLevelSettings      0x080029f8     0x4  Data  Gb  analogue.o [20]
powerReportEventControl
                        0x200029e4     0x8  Data  Gb  sengled-ledControl.o [1]
powerReportFunction     0x0801a47f    0xbc  Code  Gb  sengled-ledControl.o [1]
powers10                0x08005e80    0x24  Data  Lc  serial.o [1]
prepareForResponse      0x08015db1    0x5e  Code  Lc  util.o [1]
previousLoValue         0x200022c0     0x1  Data  Gb  clocks.o [12]
previousTemperature     0x20002fdd     0x1  Data  Lc  phy.o [20]
previousTemperatureAvailable
                        0x20002fde     0x1  Data  Lc  phy.o [20]
printDiscoverCommandsResponse
                        0x0801b9b1    0x12  Code  Lc  process-global-message.o [1]
printPercentage         0x0801c3fb    0x3a  Code  Lc  ota-common.o [1]
processDeviceAnnounceAndFindIdConflict
                        0x0800aa5d    0xbe  Code  Lc  network.o [20]
processKeyCommand       0x080112e5   0x2a2  Code  Lc  aps-security.o [18]
processRxAddressReceiveCompleteIsr
                        0x08003aa9   0x150  Code  Lc  phy.o [20]
processRxPacketCompleteIsr
                        0x08003bf9    0xe2  Code  Lc  phy.o [20]
processScanRequest      0x08018b15   0x118  Code  Lc  zdo-channel.o [20]
processZigbeePacket     0x0800a565   0x3ca  Code  Lc  network.o [20]
ptiEnabled              0x200022e3     0x1  Data  Lc  phy-common.o [20]
ptrCache                0x20002b2c    0xc4  Data  Gb  sim-eeprom.o [1]
ptrCacheLoc             0x0800645f    0x22  Code  Lc  sim-eeprom-internal.o [12]
pushInt16u              0x0800f521     0xc  Code  Lc  zigbee-packet-header.o [20]
putImageInfoInMessage   0x08017ae7    0x1c  Code  Lc  ota-client.o [1]
queryNextImage          0x08017ebd    0x64  Code  Lc  ota-client.o [1]
queryNextImageResponseParse
                        0x08017cbb    0xea  Code  Lc  ota-client.o [1]
quietlyEraseChild       0x0800bb83    0x3a  Code  Lc  child.o [20]
radioCheckCrc           0x200022fc     0x1  Data  Gb  phy-common.o [20]
radioCurrentPowerStatus
                        0x200022ed     0x1  Data  Gb  phy-common.o [20]
radioIdlePowerState     0x200022e8     0x1  Data  Lc  phy-common.o [20]
radioTransmitConfig     0x20002284     0x8  Data  Gb  zigbee-stack.o [20]
reCalibrateVref         0x2000222f     0x1  Data  Gb  analogue.o [20]
readAndValidateStoredImage
                        0x0801c0cf   0x142  Code  Lc  ota-storage-simple.o [1]
readCounterValue        0x08006cbb    0x34  Code  Lc  sim-eeprom-internal.o [12]
readIdentifyTime        0x0801f17b    0x18  Code  Lc  identify.o [1]
readNetworkTokens       0x080129fb    0x2e  Code  Lc  association.o [20]
readNodeData            0x08012a29     0xc  Code  Lc  association.o [20]
readServerAttribute     0x0801cacd    0x2e  Code  Lc  scenes.o [1]
readTokenData           0x080063dd    0x42  Code  Lc  sim-eeprom-internal.o [12]
readWritePrimitive      0x0801c7df    0x70  Code  Lc  ota-storage-eeprom.o [1]
recalculateMacDataPendingBitField
                        0x080072c7    0x42  Code  Lc  mac-indirect.o [20]
recordServerEuiAndGoToNextState
                        0x08017977    0xa2  Code  Lc  ota-client.o [1]
recordUpgradeStatus     0x08017b03    0x26  Code  Lc  ota-client.o [1]
recyclePendingAckedMessages
                        0x08014509    0x48  Code  Lc  aps-retry.o [20]
reenqueueSubmitHead     0x0800e439    0x80  Code  Lc  retry.o [20]
rejoinHappened          0x20002fcc     0x1  Data  Gb  sengled-network.o [1]
rejoinUpdateDeviceStatusValues
                        0x08011f54     0x8  Data  Lc  association.o [20]
removeConfiguration     0x0801b311    0x24  Code  Lc  reporting.o [1]
removeConfigurationAndScheduleTick
                        0x0801b335     0xc  Code  Lc  reporting.o [1]
removeFromBuffer        0x08009f4f    0x2e  Code  Lc  network.o [20]
requestKeyBuffer        0x2000232d     0x1  Data  Lc  trust-center-util.o [18]
restartServerDiscoveryAfterDelay
                        0x080178e9    0x12  Code  Lc  ota-client.o [1]
retryEntries            0x20002ec8    0x40  Data  Lc  retry.o [20]
retrySendReport         0x0801ad19    0x10  Code  Lc  reporting.o [1]
rf4ceNetworkCommandPacketIsValid
                        0x080130cf    0x60  Code  Lc  packet-validate.o [15]
rf4ceNetworkPacketIsValid
                        0x0801307d    0x52  Code  Lc  packet-validate.o [15]
rf4ceNwkApplicationCapabilitiesOffset
                        0x080131b4     0x4  Data  Lc  packet-validate.o [15]
rf4ceNwkCommandBaseSizes
                        0x080131a8     0xc  Data  Lc  packet-validate.o [15]
rhoActive               0x200020c8     0x1  Data  Lc  micro.o [1]
rhoEnabled              0x200020ca     0x1  Data  Lc  micro.o [1]
rmwRadioPowerCfgReg     0x08004d6d    0x3e  Code  Lc  micro.o [1]
rmwRadioPowerOutReg     0x08004dab    0x36  Code  Lc  micro.o [1]
routeRequestId          0x20002fe3     0x1  Data  Lc  route-discovery.o [20]
routeTableTimer         0x20002fb2     0x1  Data  Lc  route-table.o [20]
runEventHandler         0x0801470d   0x122  Code  Lc  aps-retry.o [20]
runUpgrade              0x080182ef    0x12  Code  Lc  ota-client.o [1]
rxBuffer                0x20002ce4   0x114  Data  Lc  phy.o [20]
sampleVcoTune           0x080050ed    0x44  Code  Gb  analogue-mod-dac.o [20]
saveCctLevel            0x200029e2     0x2  Data  Gb  sengled-ledControl.o [1]
saveCctPwm              0x200029e0     0x2  Data  Lc  sengled-ledControl.o [1]
saveCurrent             0x20002972     0x2  Data  Gb  sengled-adc.o [1]
saveEndpoint            0x20002008     0x1  Data  Gb  af-main-common.o [1]
savedMSP                0x20002e0c          Data  Gb  context-switch.o [12]
savedResetCause         0x200023c6     0x2  Data  Lc  cstartup-iar-common.o [1]
scanChannelMask         0x200022b0     0x4  Data  Lc  scan.o [20]
scanDuration            0x2000229a     0x1  Data  Lc  scan.o [20]
scanFrameCounter        0x200022ac     0x4  Data  Lc  scan.o [20]
scanRequestHeader       0x2000235f     0x1  Data  Lc  zdo-channel.o [20]
scanResults             0x20002360     0x1  Data  Lc  zdo-channel.o [20]
scanTransmitRetries     0x2000229b     0x1  Data  Lc  scan.o [20]
scansRemaining          0x20002361     0x1  Data  Lc  zdo-channel.o [20]
schedule                0x0801f2dd    0x12  Code  Lc  level-control.o [1]
scheduleHalSysTickIsrMicroseconds
                        0x08004923    0x4e  Code  Lc  clocks.o [12]
scheduleIdentifyTick    0x0801f1ab    0x66  Code  Lc  identify.o [1]
scheduleTick            0x0801b28f    0x7a  Code  Lc  reporting.o [1]
searchNetworkTimeControl
                        0x20002a00     0x8  Data  Gb  sengled-network.o [1]
searchingNetworkStatus  0x200029fc     0x1  Data  Gb  sengled-network.o [1]
securityAddressCacheInit
                        0x08016381     0xc  Code  Gb  security-address-cache.o [1]
seed0                   0x20002166     0x2  Data  Gb  random.o [1]
seed1                   0x20002168     0x2  Data  Gb  random.o [1]
send                    0x0800c825   0x118  Code  Lc  af-main-common.o [1]
sendAckedUnicast        0x0801482f    0xe8  Code  Lc  aps-retry.o [20]
sendApplicationKeys     0x08019b4d    0xe6  Code  Lc  trust-center-util.o [18]
sendFromSource          0x20002282     0x2  Data  Lc  application-support.o [20]
sendLeaveCommand        0x08013909    0x74  Code  Lc  leave.o [20]
sendMessage             0x08017db7   0x106  Code  Lc  ota-client.o [1]
sendNeighborExchange    0x080139d5    0xae  Code  Lc  neighbor-exchange.o [20]
sendSpecialJoinRequest  0x08011c63    0xd2  Code  Lc  association.o [20]
sendUpdateDevice        0x08011001    0x4c  Code  Lc  aps-security.o [18]
sendZigDevRequestBuffer
                        0x080170e1    0x46  Code  Lc  zigbee-device-library.o [1]
sengledAfMainInit       0x08014eb9    0x2a  Code  Gb  sengled-ha-common.o [1]
sengledGlobalReportCommand
                        0x0801d9e1    0x66  Code  Gb  sengled-cli.o [1]
sequenceNumber          0x20002feb     0x1  Data  Lc  debug-jtag.o [20]
serialPort              0x20002009     0x1  Data  Gb  af-main-soc.o [1]
serialRegData           0x20002c68    0x24  Data  Gb  analogue.o [20]
serverEndpoint          0x2000212a     0x1  Data  Lc  ota-client.o [1]
serverNodeId            0x20002140     0x2  Data  Lc  ota-client.o [1]
serviceDiscoveryCallback
                        0x0801d93d    0x72  Code  Lc  ez-mode.o [1]
serviceDiscoveryComplete
                        0x08017227    0x50  Code  Lc  service-discovery-common.o [1]
setChildTokenData       0x0800bd45    0xa2  Code  Lc  child.o [20]
setNonvolatileBinding   0x080167f7    0x2e  Code  Lc  binding-table.o [4]
setOnOffValue           0x0801f405    0x22  Code  Lc  level-control.o [1]
setOrOverrideTrustCenterEui64
                        0x08018dd7    0x22  Code  Lc  aps-keys.o [18]
setRadioParameters      0x080128b1    0x52  Code  Lc  association.o [20]
setTimer                0x080177d5    0x50  Code  Lc  ota-client.o [1]
setTxStepTime           0x0800248b    0x34  Code  Lc  analogue.o [20]
setup                   0x08016f13    0x3a  Code  Lc  form-and-join.o [1]
setupDiscoveryData      0x080171ff    0x28  Code  Lc  service-discovery-common.o [1]
shift                   0x08007bb9    0x10  Code  Lc  random.o [1]
shortIndirectPool       0x20002354     0x4  Data  Lc  mac-indirect.o [20]
simEeErasePage          0x08006427    0x16  Code  Lc  sim-eeprom-internal.o [12]
simEeSetDataActiveSemaphore
                        0x20002fcf     0x1  Data  Gb  token.o [1]
simulatedEepromStorage  0x0802e000  0x2000  Data  Gb  sim-eeprom.o [1]
singletonAttributeData  0x20002474    0x4c  Data  Gb  attribute-storage.o [1]
sizeCache               0x08020674    0x24  Data  Gb  sim-eeprom.o [1]
sleepTimerInterruptOccurred
                        0x20002cc4     0x1  Data  Gb  system-timer.o [12]
sleepTmrArtificalCnt    0x20002cc8     0x4  Data  Gb  system-timer.o [12]
sleepyBroadcastInfo     0x20002385     0x1  Data  Lc  jit.o [20]
spreadModDac1           0x200022da     0x2  Data  Gb  analogue-mod-dac.o [20]
spreadModDac2           0x200022dc     0x2  Data  Gb  analogue-mod-dac.o [20]
stackEvents             0x0800d154    0xc0  Data  Gb  zigbee-stack.o [20]
stackTokenInfo          0x080175ac    0x38  Data  Lc  token-cache.o [20]
startChannelScan        0x0800db2d    0x62  Code  Lc  scan.o [20]
startNetworkOperation   0x0801180d    0x3c  Code  Lc  association.o [20]
startNextConversion     0x080021f5    0x56  Code  Gb  adc.o [1]
startPanIdScan          0x08016cef    0x32  Code  Lc  form-and-join.o [1]
startScan               0x08016f6d    0x12  Code  Lc  form-and-join.o [1]
startServerDiscovery    0x08017a93    0x4a  Code  Lc  ota-client.o [1]
state                   0x200028e0     0x1  Data  Lc  network-find.o [1]
stateTable              0x200026c8    0x14  Data  Lc  color-control.o [1]
stateTable              0x20002860     0x4  Data  Lc  identify.o [1]
stateTable              0x20002864    0x14  Data  Lc  level-control.o [1]
states                  0x20002b20     0xc  Data  Lc  service-discovery-common.o [1]
statsTable              0x20002ccc     0xc  Data  Lc  debug.o [20]
status                  0x0801e421    0x10  Code  Lc  call-command-handler.o [1]
stepHandler             0x0801f611    0xf4  Code  Lc  level-control.o [1]
stopHandler             0x0801f705    0x26  Code  Lc  level-control.o [1]
storageHasFullImage     0x20002918     0x1  Data  Lc  ota-storage-simple.o [1]
storedSleepControl      0x200028f5     0x1  Data  Lc  ota-storage-eeprom-page-erase.o [1]
submitCount             0x20002eb9     0x1  Data  Lc  retry.o [20]
swoOutput               0x08008dfb    0xda  Code  Lc  debug-jtag.o [20]
terminateScanRequest    0x08018adf    0x26  Code  Lc  zdo-channel.o [20]
timeoutPools            0x08007309    0xde  Code  Lc  mac-indirect.o [20]
tokenArraySize          0x08020728    0x24  Data  Gb  token-def.o [1]
tokenCreators           0x08020698    0x48  Data  Gb  token-def.o [1]
tokenDefaults           0x080209a0    0x90  Data  Gb  token-def.o [1]
tokenIsCnt              0x080206e0    0x24  Data  Gb  token-def.o [1]
tokenSize               0x08020704    0x24  Data  Gb  token-def.o [1]
tokensActive            0x20002fce     0x1  Data  Gb  token.o [1]
totalImageSize          0x20002148     0x4  Data  Lc  ota-client.o [1]
transmitQueue           0x20002318     0x8  Data  Lc  mac-arbiter.o [20]
transportKeyFrameSizes  0x080131a0     0x8  Data  Lc  packet-validate.o [15]
tuneDone                0x2000200d     0x1  Data  Gb  buzzer.o [1]
tunePos                 0x2000200c     0x1  Data  Gb  buzzer.o [1]
txPower                 0x080029ac    0x28  Data  Gb  analogue.o [20]
txStepTimeSnapshot      0x200022f4     0x2  Data  Lc  phy-common.o [20]
unSetKey                0x08017454    0x10  Data  Lc  af-security-common.o [1]
unicastHead             0x20002f8c     0x1  Data  Lc  unicast-table.o [20]
uninitializedIsr        0x0801fe05          Code  Gb  faults.o [1]
unsentMessageCount      0x20002313     0x1  Data  Lc  mac-arbiter.o [20]
unsolicitedChannelReport
                        0x2000235e     0x1  Data  Lc  zdo-channel.o [20]
upDown                  0x200021ae     0x1  Data  Lc  sengled-hardware-A19EUE27.o [1]
updateCurrentImageAttributes
                        0x0801771d    0x3c  Code  Lc  ota-client.o [1]
updateCurrentOffset     0x08017927    0x1e  Code  Lc  ota-client.o [1]
updateDownloadFileVersion
                        0x08017945    0x20  Code  Lc  ota-client.o [1]
updateMinBlockRequestPeriodAttribute
                        0x08017761    0x20  Code  Lc  ota-client.o [1]
updateParentToken       0x08012ba5    0x62  Code  Lc  association.o [20]
upgradeEndResponseParse
                        0x08018221    0xa6  Code  Lc  ota-client.o [1]
useOsc32k               0x20002fc6     0x1  Data  Gb  micro-common.o [1]
usePageRequest          0x2000212d     0x1  Data  Lc  ota-client.o [1]
useXtalAsIs             0x200022bf     0x1  Data  Lc  clocks.o [12]
vFillBuffer             0x0801ab21   0x128  Code  Lc  client-api.o [1]
vcoLastTuneValueAvailable
                        0x20002fdf     0x1  Data  Gb  analogue-vco.o [20]
vcoTuneModDacError      0x08005131    0x24  Code  Lc  analogue-mod-dac.o [20]
verifyAppBlVersion      0x0801ec7d    0x1c  Code  Lc  bootloader-interface-app.o [1]
verifyFib               0x080092f5    0x24  Code  Lc  flash.o [12]
volatileData            0x20002928    0x48  Data  Lc  reporting.o [1]
waitingForResponse      0x2000212c     0x1  Data  Lc  ota-client.o [1]
wakeupSleepTmrCnt       0x20002bfc     0x4  Data  Gb  sleep.o [1]
wakeupXtalState         0x200022be     0x1  Data  Gb  clocks.o [12]
walkDelayQueue          0x0800e23d    0xc8  Code  Lc  retry.o [20]
writeIdentifyTime       0x0801f193    0x18  Code  Lc  identify.o [1]
writeMessage            0x08008b21    0xb0  Code  Lc  packet-buffer.o [20]
writePageCounters       0x08006a53    0x7e  Code  Lc  sim-eeprom-internal.o [12]
writeServerAttribute    0x0801cafb    0x10  Code  Lc  scenes.o [1]
writeTokenBlockData     0x08006385    0x58  Code  Lc  sim-eeprom-internal.o [12]
xorBufferBytesIntoBlock
                        0x0800ec29    0x82  Code  Lc  crypto.o [20]
xtalAboveLoThresholdUs  0x200022c2     0x2  Data  Gb  clocks.o [12]
xtalUnstable            0x200022bd     0x1  Data  Gb  clocks.o [12]
zaNodeSecurityInit      0x08018511    0x7c  Code  Gb  af-node.o [1]
zaTrustCenterSecurityPolicyInit
                        0x080184b9    0x2a  Code  Gb  af-trust-center.o [1]
zclBufferAddByte        0x0801ee9b    0x12  Code  Gb  zcl-cli.o [1]
zclBufferAddWord        0x0801eead    0x12  Code  Gb  zcl-cli.o [1]
zclBufferSetup          0x0801ee53    0x48  Code  Gb  zcl-cli.o [1]
zclCmdIsBuilt           0x20002c60     0x1  Data  Gb  zcl-cli.o [1]
zclGlobalDirection      0x20002c61     0x1  Data  Lc  zcl-cli.o [1]
zeroLenByte             0x200029be     0x2  Data  Lc  message.o [1]
zigDevApsStruct         0x20002dfc     0x4  Data  Lc  zigbee-device-util.o [20]
zigDevRequestRadius     0x20002221     0x1  Data  Gb  zigbee-device-common.o [1]
zigDevRequestSequence   0x20002fd1     0x1  Data  Lc  zigbee-device-common.o [1]
zigDevRequestSequence   0x20002df8     0x1  Data  Lc  zigbee-device-util.o [20]


[1] = E:\Robin-Workspace\Project\Zigbee\EU-Router\Ember\EmberZNet5.3.0-GA\em35x\build\Highbay
[2] = command line
[3] = alarm-stub-library.a
[4] = binding-table-library.a
[5] = cbke-163k1-stub-library.a
[6] = cbke-283k1-stub-library.a
[7] = cbke-library-dsa-sign-stub.a
[8] = cbke-library-dsa-verify-stub.a
[9] = cbke-stub-library.a
[10] = dl7M_tln.a
[11] = end-device-bind-stub-library.a
[12] = hal-library.a
[13] = install-code-library-stub.a
[14] = multi-network-stub-library.a
[15] = packet-validate-library.a
[16] = rf4ce-stack-stub-library.a
[17] = rt7M_tl.a
[18] = security-library-core.a
[19] = security-library-link-keys.a
[20] = zigbee-pro-stack.a
[21] = zll-stub-library.a

  122 656 bytes of readonly  code memory
    3 781 bytes of readonly  data memory
   18 330 bytes of readwrite data memory

Errors: none
Warnings: none
